<html>
<body>
<pre>
<h1>µVision Build Log</h1>
<h2>Tool Versions:</h2>
IDE-Version: ¦ÌVision V5.39.0.0
Copyright (C) 2023 ARM Ltd and ARM Germany GmbH. All rights reserved.
License Information: eee Áõ¼Î¿¡, ee, LIC=LSNXV-PHFQW-VE7HA-18USJ-D1AV4-XBPSK
 
Tool Versions:
Toolchain:       MDK-ARM Plus  Version: 5.39.0.0
Toolchain Path:  I:\Keil5\keil5_mdk\ARM\ARMCLANG\Bin
C Compiler:      ArmClang.exe V6.21
Assembler:       Armasm.exe V6.21
Linker/Locator:  ArmLink.exe V6.21
Library Manager: ArmAr.exe V6.21
Hex Converter:   FromElf.exe V6.21
CPU DLL:         SARMCM3.DLL V5.39.0.0
Dialog DLL:      DARMCM1.DLL V1.19.6.0
Target DLL:      CMSIS_AGDI.dll V1.33.16.0
Dialog DLL:      TARMCM1.DLL V1.14.6.0
 
<h2>Project:</h2>
D:\GitHub_Project\LPC1114_Car\LPC1114CAR_RTThread\LPC1114CAR.uvprojx
Project File Date:  11/16/2025

<h2>Output:</h2>
*** Using Compiler 'V6.21', folder: 'I:\Keil5\keil5_mdk\ARM\ARMCLANG\Bin'
Rebuild target 'Target 1'
compiling ssp.c...
compiling i2cslave.c...
compiling rs485.c...
compiling adc.c...
compiling can.c...
compiling crp.c...
compiling small_gpio.c...
compiling gpio.c...
compiling uart.c...
compiling clkconfig.c...
compiling lpc_swu.c...
compiling timer16.c...
compiling debug_printf.c...
compiling i2c.c...
compiling wdt.c...
compiling timer32.c...
compiling main.c...
compiling LED.c...
compiling Motor.c...
compiling Key.c...
compiling cpuport.c...
compiling system_LPC11xx.c...
compiling clock.c...
compiling idle.c...
compiling components.c...
assembling startup_LPC11xx.s...
compiling OLED.c...
compiling irq.c...
assembling context_rvds.S...
compiling mempool.c...
compiling ipc.c...
compiling scheduler.c...
compiling mem.c...
compiling object.c...
compiling thread.c...
compiling timer.c...
compiling board.c...
compiling kservice.c...
linking...
Program Size: Code=11384 RO-data=2040 RW-data=76 ZI-data=5788  
".\Objects\LPC1114CAR.axf" - 0 Error(s), 0 Warning(s).

<h2>Software Packages used:</h2>

Package Vendor: ARM
                https://www.keil.com/pack/ARM.CMSIS.6.1.0.pack
                ARM::CMSIS@6.1.0
                CMSIS (Common Microcontroller Software Interface Standard)
   * Component: CORE Version: 6.1.0

Package Vendor: RealThread
                https://www.rt-thread.org/download/mdk/RealThread.RT-Thread.3.1.5.pack
                RealThread::RT-Thread@3.1.5
                RT-Thread Software Components
   * Component: kernel Version: 3.1.5

Package Vendor: Keil
                https://www.keil.com/pack/Keil.LPC1100_DFP.1.4.1.pack
                Keil::LPC1100_DFP@1.4.1
                NXP LPC1100 Series Device Support
   * Component: Startup Version: 1.0.0

<h2>Collection of Component include folders:</h2>
  ./RTE/RTOS
  ./RTE/_Target_1
  I:/Keil5/keil5_packs/ARM/CMSIS/6.1.0/CMSIS/Core/Include
  I:/Keil5/keil5_packs/Keil/LPC1100_DFP/1.4.1/Device/Include/LPC11xx
  I:/Keil5/keil5_packs/RealThread/RT-Thread/3.1.5/include

<h2>Collection of Component Files used:</h2>

   * Component: ARM::CMSIS:CORE@6.1.0

   * Component: Keil::Device:Startup@1.0.0
      Source file:   Device/Source/ARM/startup_LPC11xx.s
      Source file:   Device/Source/system_LPC11xx.c

   * Component: RealThread::RTOS&RT-Thread:kernel@3.1.5
      Source file:   src/kservice.c
      Source file:   bsp/_template/board.c
      Source file:   src/ipc.c
      Source file:   src/thread.c
      Source file:   src/mem.c
      Source file:   src/components.c
      Source file:   src/clock.c
      Source file:   src/irq.c
      Source file:   src/timer.c
      Source file:   src/mempool.c
      Source file:   src/idle.c
      Source file:   src/scheduler.c
      Source file:   libcpu/arm/cortex-m0/cpuport.c
      Source file:   libcpu/arm/cortex-m0/context_rvds.S
      Source file:   src/object.c
      Include file:  bsp/_template/rtconfig.h
Build Time Elapsed:  00:00:02
</pre>
</body>
</html>
