Component: Arm Compiler for Embedded 6.21 Tool: armlink [5ec1fa00]

==============================================================================

Section Cross References

    main.o(.text.main) refers to led.o(.text.LED_Init) for LED_Init
    main.o(.text.main) refers to uart.o(.text.UARTInit) for UARTInit
    main.o(.text.main) refers to oled.o(.text.OLED_Init) for OLED_Init
    main.o(.text.main) refers to oled.o(.text.OLED_Clear) for OLED_Clear
    main.o(.text.main) refers to oled.o(.text.OLED_ShowString) for OLED_ShowString
    main.o(.text.main) refers to motor.o(.text.motor_pwm_init) for motor_pwm_init
    main.o(.text.main) refers to key.o(.text.KEY_IRQ_Init) for KEY_IRQ_Init
    main.o(.text.main) refers to thread.o(.text.rt_thread_init) for rt_thread_init
    main.o(.text.main) refers to thread.o(.text.rt_thread_startup) for rt_thread_startup
    main.o(.text.main) refers to main.o(.bss.led_thread_stack) for [Anonymous Symbol]
    main.o(.text.main) refers to main.o(.bss.led_thread) for [Anonymous Symbol]
    main.o(.text.main) refers to main.o(.text.led_thread_entry) for led_thread_entry
    main.o(.text.main) refers to main.o(.bss.print_thread_stack) for [Anonymous Symbol]
    main.o(.text.main) refers to main.o(.bss.print_thread) for [Anonymous Symbol]
    main.o(.text.main) refers to main.o(.text.print_thread_entry) for print_thread_entry
    main.o(.ARM.exidx.text.main) refers to main.o(.text.main) for [Anonymous Symbol]
    main.o(.text.led_thread_entry) refers to led.o(.text.RightRearLight_On) for RightRearLight_On
    main.o(.text.led_thread_entry) refers to thread.o(.text.rt_thread_mdelay) for rt_thread_mdelay
    main.o(.text.led_thread_entry) refers to led.o(.text.RightRearLight_Off) for RightRearLight_Off
    main.o(.text.led_thread_entry) refers to led.o(.text.LeftRearLight_On) for LeftRearLight_On
    main.o(.text.led_thread_entry) refers to led.o(.text.LeftRearLight_Off) for LeftRearLight_Off
    main.o(.text.led_thread_entry) refers to led.o(.text.RightFrontLight_On) for RightFrontLight_On
    main.o(.text.led_thread_entry) refers to led.o(.text.RightFrontLight_Off) for RightFrontLight_Off
    main.o(.text.led_thread_entry) refers to led.o(.text.LeftFrontLight_On) for LeftFrontLight_On
    main.o(.text.led_thread_entry) refers to led.o(.text.LeftFrontLight_Off) for LeftFrontLight_Off
    main.o(.ARM.exidx.text.led_thread_entry) refers to main.o(.text.led_thread_entry) for [Anonymous Symbol]
    main.o(.text.print_thread_entry) refers to motor.o(.text.right_rear_motor) for right_rear_motor
    main.o(.text.print_thread_entry) refers to motor.o(.text.left_rear_motor) for left_rear_motor
    main.o(.text.print_thread_entry) refers to motor.o(.text.left_front_motor) for left_front_motor
    main.o(.text.print_thread_entry) refers to motor.o(.text.right_front_motor) for right_front_motor
    main.o(.text.print_thread_entry) refers to puts.o(i.puts) for puts
    main.o(.text.print_thread_entry) refers to thread.o(.text.rt_thread_mdelay) for rt_thread_mdelay
    main.o(.text.print_thread_entry) refers to led.o(.text.LED_On) for LED_On
    main.o(.text.print_thread_entry) refers to key.o(.bss.key_flag) for key_flag
    main.o(.ARM.exidx.text.print_thread_entry) refers to main.o(.text.print_thread_entry) for [Anonymous Symbol]
    gpio.o(.ARM.exidx.text.GPIOInit) refers to gpio.o(.text.GPIOInit) for [Anonymous Symbol]
    gpio.o(.ARM.exidx.text.GPIOSetInterrupt) refers to gpio.o(.text.GPIOSetInterrupt) for [Anonymous Symbol]
    gpio.o(.ARM.exidx.text.GPIOIntEnable) refers to gpio.o(.text.GPIOIntEnable) for [Anonymous Symbol]
    gpio.o(.ARM.exidx.text.GPIOIntDisable) refers to gpio.o(.text.GPIOIntDisable) for [Anonymous Symbol]
    gpio.o(.ARM.exidx.text.GPIOIntStatus) refers to gpio.o(.text.GPIOIntStatus) for [Anonymous Symbol]
    gpio.o(.ARM.exidx.text.GPIOIntClear) refers to gpio.o(.text.GPIOIntClear) for [Anonymous Symbol]
    gpio.o(.text.GPIOSetValue) refers to gpio.o(.rodata.cst16) for [Anonymous Symbol]
    gpio.o(.ARM.exidx.text.GPIOSetValue) refers to gpio.o(.text.GPIOSetValue) for [Anonymous Symbol]
    gpio.o(.text.GPIOSetDir) refers to gpio.o(.rodata.cst16) for [Anonymous Symbol]
    gpio.o(.ARM.exidx.text.GPIOSetDir) refers to gpio.o(.text.GPIOSetDir) for [Anonymous Symbol]
    gpio.o(.ARM.exidx.text.GPIOGetValue) refers to gpio.o(.text.GPIOGetValue) for [Anonymous Symbol]
    i2c.o(.text.I2C_IRQHandler) refers to i2c.o(.bss.timeout) for timeout
    i2c.o(.text.I2C_IRQHandler) refers to i2c.o(.bss.I2CMasterState) for I2CMasterState
    i2c.o(.text.I2C_IRQHandler) refers to i2c.o(.bss.RdIndex) for RdIndex
    i2c.o(.text.I2C_IRQHandler) refers to i2c.o(.bss.I2CSlaveBuffer) for I2CSlaveBuffer
    i2c.o(.text.I2C_IRQHandler) refers to i2c.o(.bss.I2CReadLength) for I2CReadLength
    i2c.o(.text.I2C_IRQHandler) refers to i2c.o(.bss.WrIndex) for WrIndex
    i2c.o(.text.I2C_IRQHandler) refers to i2c.o(.bss.I2CWriteLength) for I2CWriteLength
[...]
    Removing kservice.o(.ARM.exidx.text.rt_memcpy), (8 bytes).
    Removing kservice.o(.text.rt_memmove), (210 bytes).
    Removing kservice.o(.ARM.exidx.text.rt_memmove), (8 bytes).
    Removing kservice.o(.text.rt_memcmp), (104 bytes).
    Removing kservice.o(.ARM.exidx.text.rt_memcmp), (8 bytes).
    Removing kservice.o(.text.rt_strstr), (204 bytes).
    Removing kservice.o(.ARM.exidx.text.rt_strstr), (8 bytes).
    Removing kservice.o(.text.rt_strlen), (48 bytes).
    Removing kservice.o(.ARM.exidx.text.rt_strlen), (8 bytes).
    Removing kservice.o(.text.rt_strcasecmp), (42 bytes).
    Removing kservice.o(.ARM.exidx.text.rt_strcasecmp), (8 bytes).
    Removing kservice.o(.ARM.exidx.text.rt_strncpy), (8 bytes).
    Removing kservice.o(.text.rt_strncmp), (38 bytes).
    Removing kservice.o(.ARM.exidx.text.rt_strncmp), (8 bytes).
    Removing kservice.o(.text.rt_strcmp), (54 bytes).
    Removing kservice.o(.ARM.exidx.text.rt_strcmp), (8 bytes).
    Removing kservice.o(.text.rt_strnlen), (62 bytes).
    Removing kservice.o(.ARM.exidx.text.rt_strnlen), (8 bytes).
    Removing kservice.o(.text.rt_strdup), (320 bytes).
    Removing kservice.o(.ARM.exidx.text.rt_strdup), (8 bytes).
    Removing kservice.o(.ARM.exidx.text.rt_show_version), (8 bytes).
    Removing kservice.o(.text.rt_vsnprintf), (1660 bytes).
    Removing kservice.o(.ARM.exidx.text.rt_vsnprintf), (8 bytes).
    Removing kservice.o(.text.print_number), (1132 bytes).
    Removing kservice.o(.ARM.exidx.text.print_number), (8 bytes).
    Removing kservice.o(.text.rt_snprintf), (26 bytes).
    Removing kservice.o(.ARM.exidx.text.rt_snprintf), (8 bytes).
    Removing kservice.o(.text.rt_vsprintf), (16 bytes).
    Removing kservice.o(.ARM.exidx.text.rt_vsprintf), (8 bytes).
    Removing kservice.o(.text.rt_sprintf), (36 bytes).
    Removing kservice.o(.ARM.exidx.text.rt_sprintf), (8 bytes).
    Removing kservice.o(.text.rt_malloc_align), (52 bytes).
    Removing kservice.o(.ARM.exidx.text.rt_malloc_align), (8 bytes).
    Removing kservice.o(.text.rt_free_align), (12 bytes).
    Removing kservice.o(.ARM.exidx.text.rt_free_align), (8 bytes).
    Removing kservice.o(.ARM.exidx.text.__rt_ffs), (8 bytes).
    Removing kservice.o(.bss.__rt_errno), (4 bytes).
    Removing mem.o(.text), (0 bytes).
    Removing mem.o(.ARM.exidx.text.rt_system_heap_init), (8 bytes).
    Removing mem.o(.ARM.exidx.text.rt_malloc), (8 bytes).
    Removing mem.o(.text.rt_realloc), (348 bytes).
    Removing mem.o(.ARM.exidx.text.rt_realloc), (8 bytes).
    Removing mem.o(.ARM.exidx.text.rt_free), (8 bytes).
    Removing mem.o(.text.rt_calloc), (32 bytes).
    Removing mem.o(.ARM.exidx.text.rt_calloc), (8 bytes).
    Removing mem.o(.text.rt_memory_info), (44 bytes).
    Removing mem.o(.ARM.exidx.text.rt_memory_info), (8 bytes).
    Removing mempool.o(.text), (0 bytes).
    Removing object.o(.text), (0 bytes).
    Removing object.o(.text.rt_system_object_init), (2 bytes).
    Removing object.o(.ARM.exidx.text.rt_system_object_init), (8 bytes).
    Removing object.o(.text.rt_object_get_information), (56 bytes).
    Removing object.o(.ARM.exidx.text.rt_object_get_information), (8 bytes).
    Removing object.o(.text.rt_object_get_length), (104 bytes).
    Removing object.o(.ARM.exidx.text.rt_object_get_length), (8 bytes).
    Removing object.o(.text.rt_object_get_pointers), (180 bytes).
    Removing object.o(.ARM.exidx.text.rt_object_get_pointers), (8 bytes).
    Removing object.o(.ARM.exidx.text.rt_object_init), (8 bytes).
    Removing object.o(.ARM.exidx.text.rt_object_detach), (8 bytes).
    Removing object.o(.ARM.exidx.text.rt_object_allocate), (8 bytes).
    Removing object.o(.ARM.exidx.text.rt_object_delete), (8 bytes).
    Removing object.o(.ARM.exidx.text.rt_object_is_systemobject), (8 bytes).
    Removing object.o(.text.rt_object_get_type), (8 bytes).
    Removing object.o(.ARM.exidx.text.rt_object_get_type), (8 bytes).
    Removing object.o(.text.rt_object_find), (112 bytes).
    Removing object.o(.ARM.exidx.text.rt_object_find), (8 bytes).
    Removing scheduler.o(.text), (0 bytes).
    Removing scheduler.o(.ARM.exidx.text.rt_system_scheduler_init), (8 bytes).
    Removing scheduler.o(.ARM.exidx.text.rt_system_scheduler_start), (8 bytes).
    Removing scheduler.o(.ARM.exidx.text.rt_schedule), (8 bytes).
    Removing scheduler.o(.ARM.exidx.text.rt_schedule_insert_thread), (8 bytes).
    Removing scheduler.o(.ARM.exidx.text.rt_schedule_remove_thread), (8 bytes).
    Removing scheduler.o(.ARM.exidx.text.rt_enter_critical), (8 bytes).
    Removing scheduler.o(.ARM.exidx.text.rt_exit_critical), (8 bytes).
    Removing scheduler.o(.text.rt_critical_level), (12 bytes).
    Removing scheduler.o(.ARM.exidx.text.rt_critical_level), (8 bytes).
    Removing thread.o(.text), (0 bytes).
    Removing thread.o(.ARM.exidx.text.rt_thread_exit), (8 bytes).
    Removing thread.o(.ARM.exidx.text.rt_thread_init), (8 bytes).
    Removing thread.o(.ARM.exidx.text.rt_thread_self), (8 bytes).
    Removing thread.o(.ARM.exidx.text.rt_thread_startup), (8 bytes).
    Removing thread.o(.ARM.exidx.text.rt_thread_resume), (8 bytes).
    Removing thread.o(.text.rt_thread_detach), (120 bytes).
    Removing thread.o(.ARM.exidx.text.rt_thread_detach), (8 bytes).
    Removing thread.o(.ARM.exidx.text.rt_thread_create), (8 bytes).
    Removing thread.o(.text.rt_thread_delete), (100 bytes).
    Removing thread.o(.ARM.exidx.text.rt_thread_delete), (8 bytes).
    Removing thread.o(.ARM.exidx.text.rt_thread_yield), (8 bytes).
    Removing thread.o(.ARM.exidx.text.rt_thread_sleep), (8 bytes).
    Removing thread.o(.ARM.exidx.text.rt_thread_suspend), (8 bytes).
    Removing thread.o(.text.rt_thread_delay), (10 bytes).
    Removing thread.o(.ARM.exidx.text.rt_thread_delay), (8 bytes).
    Removing thread.o(.text.rt_thread_delay_until), (160 bytes).
    Removing thread.o(.ARM.exidx.text.rt_thread_delay_until), (8 bytes).
    Removing thread.o(.ARM.exidx.text.rt_thread_mdelay), (8 bytes).
    Removing thread.o(.text.rt_thread_control), (188 bytes).
    Removing thread.o(.ARM.exidx.text.rt_thread_control), (8 bytes).
    Removing thread.o(.ARM.exidx.text.rt_thread_timeout), (8 bytes).
    Removing thread.o(.text.rt_thread_find), (10 bytes).
    Removing thread.o(.ARM.exidx.text.rt_thread_find), (8 bytes).
    Removing timer.o(.text), (0 bytes).
    Removing timer.o(.ARM.exidx.text.rt_timer_init), (8 bytes).
    Removing timer.o(.ARM.exidx.text.rt_timer_detach), (8 bytes).
    Removing timer.o(.text.rt_timer_create), (48 bytes).
    Removing timer.o(.ARM.exidx.text.rt_timer_create), (8 bytes).
    Removing timer.o(.text.rt_timer_delete), (48 bytes).
    Removing timer.o(.ARM.exidx.text.rt_timer_delete), (8 bytes).
    Removing timer.o(.ARM.exidx.text.rt_timer_start), (8 bytes).
    Removing timer.o(.ARM.exidx.text.rt_timer_stop), (8 bytes).
    Removing timer.o(.ARM.exidx.text.rt_timer_control), (8 bytes).
    Removing timer.o(.ARM.exidx.text.rt_timer_check), (8 bytes).
    Removing timer.o(.text.rt_timer_next_timeout_tick), (36 bytes).
    Removing timer.o(.ARM.exidx.text.rt_timer_next_timeout_tick), (8 bytes).
    Removing timer.o(.ARM.exidx.text.rt_system_timer_init), (8 bytes).
    Removing timer.o(.ARM.exidx.text.rt_system_timer_thread_init), (8 bytes).
    Removing board.o(.text), (0 bytes).
    Removing board.o(.ARM.exidx.text.rt_heap_begin_get), (8 bytes).
    Removing board.o(.ARM.exidx.text.rt_heap_end_get), (8 bytes).
    Removing board.o(.text.rt_os_tick_callback), (16 bytes).
    Removing board.o(.ARM.exidx.text.rt_os_tick_callback), (8 bytes).
    Removing board.o(.ARM.exidx.text.SysTick_Handler), (8 bytes).
    Removing board.o(.ARM.exidx.text.rt_hw_board_init), (8 bytes).

326 unused section(s) (total 12394 bytes) removed from the image.

==============================================================================

Image Symbol Table

    Local Symbols

    Symbol Name                              Value     Ov Type        Size  Object(Section)

    ../clib/division.s                       0x00000000   Number         0  aeabi_sdivfast.o ABSOLUTE
    ../clib/division.s                       0x00000000   Number         0  aeabi_sdivfast_div0.o ABSOLUTE
    ../clib/microlib/division.c              0x00000000   Number         0  uidiv.o ABSOLUTE
    ../clib/microlib/division.c              0x00000000   Number         0  uidiv_div0.o ABSOLUTE
    ../clib/microlib/division.c              0x00000000   Number         0  idiv_div0.o ABSOLUTE
    ../clib/microlib/division.c              0x00000000   Number         0  idiv0.o ABSOLUTE
    ../clib/microlib/init/entry.s            0x00000000   Number         0  entry.o ABSOLUTE
    ../clib/microlib/init/entry.s            0x00000000   Number         0  entry2.o ABSOLUTE
    ../clib/microlib/init/entry.s            0x00000000   Number         0  entry5.o ABSOLUTE
    ../clib/microlib/init/entry.s            0x00000000   Number         0  entry7a.o ABSOLUTE
    ../clib/microlib/init/entry.s            0x00000000   Number         0  entry7b.o ABSOLUTE
    ../clib/microlib/init/entry.s            0x00000000   Number         0  entry8a.o ABSOLUTE
    ../clib/microlib/init/entry.s            0x00000000   Number         0  entry8b.o ABSOLUTE
    ../clib/microlib/init/entry.s            0x00000000   Number         0  entry9a.o ABSOLUTE
    ../clib/microlib/init/entry.s            0x00000000   Number         0  entry9b.o ABSOLUTE
    ../clib/microlib/init/entry.s            0x00000000   Number         0  entry10a.o ABSOLUTE
    ../clib/microlib/init/entry.s            0x00000000   Number         0  entry10b.o ABSOLUTE
    ../clib/microlib/init/entry.s            0x00000000   Number         0  entry11a.o ABSOLUTE
    ../clib/microlib/init/entry.s            0x00000000   Number         0  entry11b.o ABSOLUTE
    ../clib/microlib/stdio/puts.c            0x00000000   Number         0  puts.o ABSOLUTE
    ../clib/microlib/stdio/puts.c            0x00000000   Number         0  puts_e.o ABSOLUTE
    ../clib/microlib/stdio/streams.c         0x00000000   Number         0  stdout.o ABSOLUTE
    ../clib/microlib/string/memset.c         0x00000000   Number         0  memseta.o ABSOLUTE
    I:\Keil5\keil5_packs\RealThread\RT-Thread\3.1.5\libcpu\arm\cortex-m0\context_rvds.S 0x00000000   Number         0  context_rvds.o ABSOLUTE
    Key.c                                    0x00000000   Number         0  key.o ABSOLUTE
    LED.c                                    0x00000000   Number         0  led.o ABSOLUTE
    Motor.c                                  0x00000000   Number         0  motor.o ABSOLUTE
    OLED.c                                   0x00000000   Number         0  oled.o ABSOLUTE
    RTE/Device/LPC1114FBD48_302/startup_LPC11xx.s 0x00000000   Number         0  startup_lpc11xx.o ABSOLUTE
    adc.c                                    0x00000000   Number         0  adc.o ABSOLUTE
    board.c                                  0x00000000   Number         0  board.o ABSOLUTE
    can.c                                    0x00000000   Number         0  can.o ABSOLUTE
    clkconfig.c                              0x00000000   Number         0  clkconfig.o ABSOLUTE
    clock.c                                  0x00000000   Number         0  clock.o ABSOLUTE
    components.c                             0x00000000   Number         0  components.o ABSOLUTE
    cpuport.c                                0x00000000   Number         0  cpuport.o ABSOLUTE
    crp.c                                    0x00000000   Number         0  crp.o ABSOLUTE
    dc.s                                     0x00000000   Number         0  dc.o ABSOLUTE
    debug_printf.c                           0x00000000   Number         0  debug_printf.o ABSOLUTE
    gpio.c                                   0x00000000   Number         0  gpio.o ABSOLUTE
    handlers.s                               0x00000000   Number         0  handlers.o ABSOLUTE
    i2c.c                                    0x00000000   Number         0  i2c.o ABSOLUTE
    i2cslave.c                               0x00000000   Number         0  i2cslave.o ABSOLUTE
    idle.c                                   0x00000000   Number         0  idle.o ABSOLUTE
    init.s                                   0x00000000   Number         0  init.o ABSOLUTE
    ipc.c                                    0x00000000   Number         0  ipc.o ABSOLUTE
    irq.c                                    0x00000000   Number         0  irq.o ABSOLUTE
    kservice.c                               0x00000000   Number         0  kservice.o ABSOLUTE
    lpc_swu.c                                0x00000000   Number         0  lpc_swu.o ABSOLUTE
    main.c                                   0x00000000   Number         0  main.o ABSOLUTE
    mem.c                                    0x00000000   Number         0  mem.o ABSOLUTE
    mempool.c                                0x00000000   Number         0  mempool.o ABSOLUTE
    object.c                                 0x00000000   Number         0  object.o ABSOLUTE
    rs485.c                                  0x00000000   Number         0  rs485.o ABSOLUTE
    scheduler.c                              0x00000000   Number         0  scheduler.o ABSOLUTE
    small_gpio.c                             0x00000000   Number         0  small_gpio.o ABSOLUTE
    ssp.c                                    0x00000000   Number         0  ssp.o ABSOLUTE
    system_LPC11xx.c                         0x00000000   Number         0  system_lpc11xx.o ABSOLUTE
    thread.c                                 0x00000000   Number         0  thread.o ABSOLUTE
    timer.c                                  0x00000000   Number         0  timer.o ABSOLUTE
    timer16.c                                0x00000000   Number         0  timer16.o ABSOLUTE
    timer32.c                                0x00000000   Number         0  timer32.o ABSOLUTE
    uart.c                                   0x00000000   Number         0  uart.o ABSOLUTE
    wdt.c                                    0x00000000   Number         0  wdt.o ABSOLUTE
    RESET                                    0x00000000   Section      192  startup_lpc11xx.o(RESET)
    .ARM.Collect$$$$00000000                 0x000000c0   Section        0  entry.o(.ARM.Collect$$$$00000000)
    .ARM.Collect$$$$00000001                 0x000000c0   Section        4  entry2.o(.ARM.Collect$$$$00000001)
    .ARM.Collect$$$$00000004                 0x000000c4   Section        4  entry5.o(.ARM.Collect$$$$00000004)
    .ARM.Collect$$$$00000008                 0x000000c8   Section        0  entry7b.o(.ARM.Collect$$$$00000008)
    .ARM.Collect$$$$0000000A                 0x000000c8   Section        0  entry8b.o(.ARM.Collect$$$$0000000A)
    .ARM.Collect$$$$0000000B                 0x000000c8   Section        8  entry9a.o(.ARM.Collect$$$$0000000B)
    __lit__00000000                          0x000000d0   Data           4  entry2.o(.ARM.Collect$$$$00002712)
    .ARM.Collect$$$$0000000D                 0x000000d0   Section        0  entry10a.o(.ARM.Collect$$$$0000000D)
    .ARM.Collect$$$$0000000F                 0x000000d0   Section        0  entry11a.o(.ARM.Collect$$$$0000000F)
    .ARM.Collect$$$$00002712                 0x000000d0   Section        4  entry2.o(.ARM.Collect$$$$00002712)
    .text                                    0x000000d4   Section       28  startup_lpc11xx.o(.text)
    .text                                    0x000000f0   Section      216  context_rvds.o(.text)
    .text                                    0x000001c8   Section        0  memseta.o(.text)
    .text                                    0x000001ec   Section        0  uidiv_div0.o(.text)
    .text                                    0x0000022c   Section       48  init.o(.text)
    [Anonymous Symbol]                       0x0000025c   Section        0  components.o(.text.$Sub$$main)
    __arm_cp.6_0                             0x000002a4   Number         4  components.o(.text.$Sub$$main)
    __arm_cp.6_1                             0x000002a8   Number         4  components.o(.text.$Sub$$main)
    [Anonymous Symbol]                       0x000002ac   Section        0  gpio.o(.text.GPIOInit)
    __arm_cp.0_0                             0x000002b8   Number         4  gpio.o(.text.GPIOInit)
    [Anonymous Symbol]                       0x000002bc   Section        0  gpio.o(.text.GPIOIntClear)
    __arm_cp.5_0                             0x000002e8   Number         4  gpio.o(.text.GPIOIntClear)
    __arm_cp.5_1                             0x000002ec   Number         4  gpio.o(.text.GPIOIntClear)
    __arm_cp.5_2                             0x000002f0   Number         4  gpio.o(.text.GPIOIntClear)
    __arm_cp.5_3                             0x000002f4   Number         4  gpio.o(.text.GPIOIntClear)
    [Anonymous Symbol]                       0x000002f8   Section        0  cpuport.o(.text.rt_hw_hard_fault_exception)
    [Anonymous Symbol]                       0x000002fa   Section        0  kservice.o(.text.rt_show_version)
    .ARM.__at_0x02FC                         0x000002fc   Section        4  startup_lpc11xx.o(.ARM.__at_0x02FC)
    [Anonymous Symbol]                       0x00000300   Section        0  gpio.o(.text.GPIOIntEnable)
    __arm_cp.2_0                             0x0000032c   Number         4  gpio.o(.text.GPIOIntEnable)
    __arm_cp.2_1                             0x00000330   Number         4  gpio.o(.text.GPIOIntEnable)
    __arm_cp.2_2                             0x00000334   Number         4  gpio.o(.text.GPIOIntEnable)
    __arm_cp.2_3                             0x00000338   Number         4  gpio.o(.text.GPIOIntEnable)
    [Anonymous Symbol]                       0x0000033c   Section        0  gpio.o(.text.GPIOIntStatus)
    __arm_cp.4_0                             0x00000368   Number         4  gpio.o(.text.GPIOIntStatus)
    __arm_cp.4_1                             0x0000036c   Number         4  gpio.o(.text.GPIOIntStatus)
    __arm_cp.4_2                             0x00000370   Number         4  gpio.o(.text.GPIOIntStatus)
    __arm_cp.4_3                             0x00000374   Number         4  gpio.o(.text.GPIOIntStatus)
    [Anonymous Symbol]                       0x00000378   Section        0  gpio.o(.text.GPIOSetDir)
    [Anonymous Symbol]                       0x000003a0   Section        0  gpio.o(.text.GPIOSetInterrupt)
    __arm_cp.1_0                             0x00000414   Number         4  gpio.o(.text.GPIOSetInterrupt)
    __arm_cp.1_1                             0x00000418   Number         4  gpio.o(.text.GPIOSetInterrupt)
    __arm_cp.1_2                             0x0000041c   Number         4  gpio.o(.text.GPIOSetInterrupt)
    __arm_cp.1_3                             0x00000420   Number         4  gpio.o(.text.GPIOSetInterrupt)
    [Anonymous Symbol]                       0x00000424   Section        0  gpio.o(.text.GPIOSetValue)
    __arm_cp.6_0                             0x00000438   Number         4  gpio.o(.text.GPIOSetValue)
    [Anonymous Symbol]                       0x0000043c   Section        0  i2c.o(.text.I2CEngine)
    __arm_cp.4_3                             0x000004b4   Number         4  i2c.o(.text.I2CEngine)
    [Anonymous Symbol]                       0x000004b8   Section        0  i2c.o(.text.I2CInit)
    __arm_cp.3_0                             0x00000510   Number         4  i2c.o(.text.I2CInit)
    __arm_cp.3_1                             0x00000514   Number         4  i2c.o(.text.I2CInit)
    [Anonymous Symbol]                       0x00000518   Section        0  i2c.o(.text.I2C_IRQHandler)
    __arm_cp.0_0                             0x00000624   Number         4  i2c.o(.text.I2C_IRQHandler)
    __arm_cp.0_1                             0x00000628   Number         4  i2c.o(.text.I2C_IRQHandler)
    __arm_cp.0_2                             0x0000062c   Number         4  i2c.o(.text.I2C_IRQHandler)
    __arm_cp.0_3                             0x00000630   Number         4  i2c.o(.text.I2C_IRQHandler)
    __arm_cp.0_5                             0x00000634   Number         4  i2c.o(.text.I2C_IRQHandler)
    [Anonymous Symbol]                       0x00000638   Section        0  key.o(.text.KEY_IRQ_Init)
    __arm_cp.0_0                             0x00000680   Number         4  key.o(.text.KEY_IRQ_Init)
    __arm_cp.0_1                             0x00000684   Number         4  key.o(.text.KEY_IRQ_Init)
    [Anonymous Symbol]                       0x00000688   Section        0  led.o(.text.LED_Init)
    [Anonymous Symbol]                       0x00000708   Section        0  led.o(.text.LED_On)
    [Anonymous Symbol]                       0x00000716   Section        0  led.o(.text.LeftFrontLight_Off)
    [Anonymous Symbol]                       0x00000724   Section        0  led.o(.text.LeftFrontLight_On)
    [Anonymous Symbol]                       0x00000732   Section        0  led.o(.text.LeftRearLight_Off)
    [Anonymous Symbol]                       0x00000740   Section        0  led.o(.text.LeftRearLight_On)
    [Anonymous Symbol]                       0x00000750   Section        0  oled.o(.text.OLED_Clear)
    __arm_cp.3_1                             0x00000858   Number         4  oled.o(.text.OLED_Clear)
    __arm_cp.3_2                             0x0000085c   Number         4  oled.o(.text.OLED_Clear)
    [Anonymous Symbol]                       0x00000860   Section        0  oled.o(.text.OLED_Init)
    __arm_cp.11_4                            0x00000894   Number         4  oled.o(.text.OLED_Init)
    __arm_cp.11_7                            0x000008a0   Number         4  oled.o(.text.OLED_Init)
    __arm_cp.11_1                            0x00000d24   Number         4  oled.o(.text.OLED_Init)
    __arm_cp.11_2                            0x00000d28   Number         4  oled.o(.text.OLED_Init)
    [Anonymous Symbol]                       0x00000d2c   Section        0  oled.o(.text.OLED_ShowChar)
    __arm_cp.4_5                             0x00000d68   Number         4  oled.o(.text.OLED_ShowChar)
    __arm_cp.4_8                             0x00000d74   Number         4  oled.o(.text.OLED_ShowChar)
    __arm_cp.4_1                             0x00001240   Number         4  oled.o(.text.OLED_ShowChar)
    __arm_cp.4_2                             0x00001244   Number         4  oled.o(.text.OLED_ShowChar)
    __arm_cp.4_4                             0x00001248   Number         4  oled.o(.text.OLED_ShowChar)
    [Anonymous Symbol]                       0x0000124c   Section        0  oled.o(.text.OLED_ShowString)
    [Anonymous Symbol]                       0x00001278   Section        0  key.o(.text.PIOINT1_IRQHandler)
    __arm_cp.1_0                             0x00001298   Number         4  key.o(.text.PIOINT1_IRQHandler)
    [Anonymous Symbol]                       0x0000129c   Section        0  led.o(.text.RightFrontLight_Off)
    [Anonymous Symbol]                       0x000012aa   Section        0  led.o(.text.RightFrontLight_On)
    [Anonymous Symbol]                       0x000012b8   Section        0  led.o(.text.RightRearLight_Off)
    [Anonymous Symbol]                       0x000012c6   Section        0  led.o(.text.RightRearLight_On)
    [Anonymous Symbol]                       0x000012d4   Section        0  board.o(.text.SysTick_Handler)
    [Anonymous Symbol]                       0x000012e4   Section        0  system_lpc11xx.o(.text.SystemInit)
    __arm_cp.1_0                             0x000013b4   Number         4  system_lpc11xx.o(.text.SystemInit)
    __arm_cp.1_1                             0x000013b8   Number         4  system_lpc11xx.o(.text.SystemInit)
    [Anonymous Symbol]                       0x000013bc   Section        0  timer16.o(.text.TIMER16_0_IRQHandler)
    __arm_cp.1_0                             0x000013e4   Number         4  timer16.o(.text.TIMER16_0_IRQHandler)
    __arm_cp.1_1                             0x000013e8   Number         4  timer16.o(.text.TIMER16_0_IRQHandler)
    __arm_cp.1_2                             0x000013ec   Number         4  timer16.o(.text.TIMER16_0_IRQHandler)
    [Anonymous Symbol]                       0x000013f0   Section        0  timer16.o(.text.TIMER16_1_IRQHandler)
    __arm_cp.2_1                             0x00001418   Number         4  timer16.o(.text.TIMER16_1_IRQHandler)
    __arm_cp.2_2                             0x0000141c   Number         4  timer16.o(.text.TIMER16_1_IRQHandler)
    [Anonymous Symbol]                       0x00001420   Section        0  uart.o(.text.UARTInit)
    __arm_cp.1_0                             0x000014f8   Number         4  uart.o(.text.UARTInit)
    __arm_cp.1_1                             0x000014fc   Number         4  uart.o(.text.UARTInit)
    __arm_cp.1_2                             0x00001500   Number         4  uart.o(.text.UARTInit)
    __arm_cp.1_3                             0x00001504   Number         4  uart.o(.text.UARTInit)
    __arm_cp.1_6                             0x00001508   Number         4  uart.o(.text.UARTInit)
    [Anonymous Symbol]                       0x0000150c   Section        0  kservice.o(.text.__rt_ffs)
    __arm_cp.23_0                            0x00001544   Number         4  kservice.o(.text.__rt_ffs)
    [Anonymous Symbol]                       0x00001548   Section        0  timer16.o(.text.enable_timer16)
    __arm_cp.3_1                             0x00001558   Number         4  timer16.o(.text.enable_timer16)
    [Anonymous Symbol]                       0x0000155c   Section        0  timer32.o(.text.enable_timer32)
    [Anonymous Symbol]                       0x0000156c   Section        0  uart.o(.text.fputc)
    __arm_cp.4_0                             0x00001590   Number         4  uart.o(.text.fputc)
    [Anonymous Symbol]                       0x00001594   Section        0  timer16.o(.text.init_timer16PWM)
    __arm_cp.7_0                             0x000016d0   Number         4  timer16.o(.text.init_timer16PWM)
    __arm_cp.7_1                             0x000016d4   Number         4  timer16.o(.text.init_timer16PWM)
    __arm_cp.7_3                             0x000016d8   Number         4  timer16.o(.text.init_timer16PWM)
    __arm_cp.7_4                             0x000016dc   Number         4  timer16.o(.text.init_timer16PWM)
    __arm_cp.7_5                             0x000016e0   Number         4  timer16.o(.text.init_timer16PWM)
    __arm_cp.7_6                             0x000016e4   Number         4  timer16.o(.text.init_timer16PWM)
    __arm_cp.7_7                             0x000016e8   Number         4  timer16.o(.text.init_timer16PWM)
    [Anonymous Symbol]                       0x000016ec   Section        0  timer32.o(.text.init_timer32PWM)
    __arm_cp.5_0                             0x00001818   Number         4  timer32.o(.text.init_timer32PWM)
    __arm_cp.5_1                             0x0000181c   Number         4  timer32.o(.text.init_timer32PWM)
    __arm_cp.5_2                             0x00001820   Number         4  timer32.o(.text.init_timer32PWM)
    __arm_cp.5_3                             0x00001824   Number         4  timer32.o(.text.init_timer32PWM)
    __arm_cp.5_4                             0x00001828   Number         4  timer32.o(.text.init_timer32PWM)
    __arm_cp.5_5                             0x0000182c   Number         4  timer32.o(.text.init_timer32PWM)
    __arm_cp.5_6                             0x00001830   Number         4  timer32.o(.text.init_timer32PWM)
    led_thread_entry                         0x00001835   Thumb Code    86  main.o(.text.led_thread_entry)
    [Anonymous Symbol]                       0x00001834   Section        0  main.o(.text.led_thread_entry)
    [Anonymous Symbol]                       0x0000188a   Section        0  motor.o(.text.left_front_motor)
    [Anonymous Symbol]                       0x000018c8   Section        0  motor.o(.text.left_rear_motor)
    [Anonymous Symbol]                       0x00001904   Section        0  main.o(.text.main)
    __arm_cp.0_2                             0x0000199c   Number         4  main.o(.text.main)
    __arm_cp.0_3                             0x000019a0   Number         4  main.o(.text.main)
    __arm_cp.0_5                             0x000019b0   Number         4  main.o(.text.main)
    __arm_cp.0_6                             0x000019b4   Number         4  main.o(.text.main)
    __arm_cp.0_7                             0x000019b8   Number         4  main.o(.text.main)
    __arm_cp.0_9                             0x000019cc   Number         4  main.o(.text.main)
    [Anonymous Symbol]                       0x000019d0   Section        0  components.o(.text.main_thread_entry)
    __arm_cp.8_0                             0x000019e8   Number         4  components.o(.text.main_thread_entry)
    [Anonymous Symbol]                       0x000019ec   Section        0  motor.o(.text.motor_pwm_init)
    __arm_cp.0_1                             0x00001acc   Number         4  motor.o(.text.motor_pwm_init)
    __arm_cp.0_2                             0x00001ad0   Number         4  motor.o(.text.motor_pwm_init)
    __arm_cp.0_3                             0x00001ad4   Number         4  motor.o(.text.motor_pwm_init)
    __arm_cp.0_4                             0x00001ad8   Number         4  motor.o(.text.motor_pwm_init)
    __arm_cp.0_5                             0x00001adc   Number         4  motor.o(.text.motor_pwm_init)
    print_thread_entry                       0x00001ae1   Thumb Code    72  main.o(.text.print_thread_entry)
    [Anonymous Symbol]                       0x00001ae0   Section        0  main.o(.text.print_thread_entry)
    __arm_cp.2_0                             0x00001b28   Number         4  main.o(.text.print_thread_entry)
    [Anonymous Symbol]                       0x00001b40   Section        0  motor.o(.text.right_front_motor)
    [Anonymous Symbol]                       0x00001b7a   Section        0  motor.o(.text.right_rear_motor)
    [Anonymous Symbol]                       0x00001bb4   Section        0  components.o(.text.rt_components_board_init)
    __arm_cp.4_0                             0x00001bc8   Number         4  components.o(.text.rt_components_board_init)
    __arm_cp.4_1                             0x00001bcc   Number         4  components.o(.text.rt_components_board_init)
    [Anonymous Symbol]                       0x00001bd0   Section        0  scheduler.o(.text.rt_enter_critical)
    [Anonymous Symbol]                       0x00001be4   Section        0  scheduler.o(.text.rt_exit_critical)
    __arm_cp.6_0                             0x00001c14   Number         4  scheduler.o(.text.rt_exit_critical)
    __arm_cp.6_1                             0x00001c18   Number         4  scheduler.o(.text.rt_exit_critical)
    [Anonymous Symbol]                       0x00001c1c   Section        0  mem.o(.text.rt_free)
    [Anonymous Symbol]                       0x00001ccc   Section        0  board.o(.text.rt_heap_begin_get)
    [Anonymous Symbol]                       0x00001cd0   Section        0  board.o(.text.rt_heap_end_get)
    __arm_cp.1_0                             0x00001cdc   Number         4  board.o(.text.rt_heap_end_get)
    [Anonymous Symbol]                       0x00001ce0   Section        0  board.o(.text.rt_hw_board_init)
    __arm_cp.4_0                             0x00001d38   Number         4  board.o(.text.rt_hw_board_init)
    __arm_cp.4_1                             0x00001d3c   Number         4  board.o(.text.rt_hw_board_init)
    __arm_cp.4_2                             0x00001d40   Number         4  board.o(.text.rt_hw_board_init)
    __arm_cp.4_3                             0x00001d44   Number         4  board.o(.text.rt_hw_board_init)
    __arm_cp.4_4                             0x00001d48   Number         4  board.o(.text.rt_hw_board_init)
    __arm_cp.4_5                             0x00001d4c   Number         4  board.o(.text.rt_hw_board_init)
    [Anonymous Symbol]                       0x00001d50   Section        0  cpuport.o(.text.rt_hw_stack_init)
    __arm_cp.0_0                             0x00001db4   Number         4  cpuport.o(.text.rt_hw_stack_init)
    [Anonymous Symbol]                       0x00001db8   Section        0  irq.o(.text.rt_interrupt_enter)
    [Anonymous Symbol]                       0x00001dcc   Section        0  irq.o(.text.rt_interrupt_leave)
    __arm_cp.1_0                             0x00001de0   Number         4  irq.o(.text.rt_interrupt_leave)
    [Anonymous Symbol]                       0x00001de4   Section        0  mem.o(.text.rt_malloc)
    __arm_cp.1_0                             0x00001f00   Number         4  mem.o(.text.rt_malloc)
    __arm_cp.1_1                             0x00001f04   Number         4  mem.o(.text.rt_malloc)
    __arm_cp.1_2                             0x00001f08   Number         4  mem.o(.text.rt_malloc)
    __arm_cp.1_3                             0x00001f0c   Number         4  mem.o(.text.rt_malloc)
    __arm_cp.1_4                             0x00001f10   Number         4  mem.o(.text.rt_malloc)
    __arm_cp.1_5                             0x00001f14   Number         4  mem.o(.text.rt_malloc)
    __arm_cp.1_6                             0x00001f18   Number         4  mem.o(.text.rt_malloc)
    [Anonymous Symbol]                       0x00001f1c   Section        0  kservice.o(.text.rt_memset)
    __arm_cp.3_0                             0x00002000   Number         4  kservice.o(.text.rt_memset)
    [Anonymous Symbol]                       0x00002004   Section        0  object.o(.text.rt_object_allocate)
    [Anonymous Symbol]                       0x00002080   Section        0  object.o(.text.rt_object_delete)
    [Anonymous Symbol]                       0x000020aa   Section        0  object.o(.text.rt_object_detach)
    [Anonymous Symbol]                       0x000020d0   Section        0  object.o(.text.rt_object_init)
    __arm_cp.4_0                             0x00002154   Number         4  object.o(.text.rt_object_init)
    [Anonymous Symbol]                       0x00002158   Section        0  object.o(.text.rt_object_is_systemobject)
    [Anonymous Symbol]                       0x00002160   Section        0  scheduler.o(.text.rt_schedule)
    __arm_cp.2_0                             0x000021b4   Number         4  scheduler.o(.text.rt_schedule)
    __arm_cp.2_5                             0x000021b8   Number         4  scheduler.o(.text.rt_schedule)
    [Anonymous Symbol]                       0x000021bc   Section        0  scheduler.o(.text.rt_schedule_insert_thread)
    [Anonymous Symbol]                       0x000021fc   Section        0  scheduler.o(.text.rt_schedule_remove_thread)
    __arm_cp.4_0                             0x0000223c   Number         4  scheduler.o(.text.rt_schedule_remove_thread)
    __arm_cp.4_1                             0x00002240   Number         4  scheduler.o(.text.rt_schedule_remove_thread)
    [Anonymous Symbol]                       0x00002244   Section        0  ipc.o(.text.rt_sem_init)
    [Anonymous Symbol]                       0x00002264   Section        0  ipc.o(.text.rt_sem_release)
    __arm_cp.6_0                             0x000022b0   Number         4  ipc.o(.text.rt_sem_release)
    [Anonymous Symbol]                       0x000022b4   Section        0  ipc.o(.text.rt_sem_take)
    [Anonymous Symbol]                       0x000023b0   Section        0  kservice.o(.text.rt_strncpy)
    [Anonymous Symbol]                       0x00002438   Section        0  mem.o(.text.rt_system_heap_init)
    __arm_cp.0_0                             0x00002490   Number         4  mem.o(.text.rt_system_heap_init)
    __arm_cp.0_1                             0x00002494   Number         4  mem.o(.text.rt_system_heap_init)
    __arm_cp.0_2                             0x00002498   Number         4  mem.o(.text.rt_system_heap_init)
    __arm_cp.0_3                             0x0000249c   Number         4  mem.o(.text.rt_system_heap_init)
    __arm_cp.0_4                             0x000024a0   Number         4  mem.o(.text.rt_system_heap_init)
    __arm_cp.0_6                             0x000024ac   Number         4  mem.o(.text.rt_system_heap_init)
    [Anonymous Symbol]                       0x000024b0   Section        0  scheduler.o(.text.rt_system_scheduler_init)
    __arm_cp.0_0                             0x00002568   Number         4  scheduler.o(.text.rt_system_scheduler_init)
    __arm_cp.0_2                             0x0000256c   Number         4  scheduler.o(.text.rt_system_scheduler_init)
    __arm_cp.0_3                             0x00002570   Number         4  scheduler.o(.text.rt_system_scheduler_init)
    [Anonymous Symbol]                       0x00002574   Section        0  scheduler.o(.text.rt_system_scheduler_start)
    __arm_cp.1_0                             0x00002598   Number         4  scheduler.o(.text.rt_system_scheduler_start)
    __arm_cp.1_1                             0x0000259c   Number         4  scheduler.o(.text.rt_system_scheduler_start)
    [Anonymous Symbol]                       0x000025a0   Section        0  timer.o(.text.rt_system_timer_init)
    __arm_cp.9_0                             0x000025a8   Number         4  timer.o(.text.rt_system_timer_init)
    [Anonymous Symbol]                       0x000025ac   Section        0  timer.o(.text.rt_system_timer_thread_init)
    [Anonymous Symbol]                       0x000025b0   Section        0  thread.o(.text.rt_thread_create)
    [Anonymous Symbol]                       0x00002648   Section        0  thread.o(.text.rt_thread_exit)
    rt_thread_idle_entry                     0x000026ad   Thumb Code     6  idle.o(.text.rt_thread_idle_entry)
    [Anonymous Symbol]                       0x000026ac   Section        0  idle.o(.text.rt_thread_idle_entry)
    [Anonymous Symbol]                       0x000026b4   Section        0  idle.o(.text.rt_thread_idle_excute)
    __arm_cp.0_0                             0x000026f8   Number         4  idle.o(.text.rt_thread_idle_excute)
    [Anonymous Symbol]                       0x000026fc   Section        0  idle.o(.text.rt_thread_idle_init)
    __arm_cp.1_0                             0x0000272c   Number         4  idle.o(.text.rt_thread_idle_init)
    __arm_cp.1_1                             0x00002730   Number         4  idle.o(.text.rt_thread_idle_init)
    __arm_cp.1_3                             0x0000273c   Number         4  idle.o(.text.rt_thread_idle_init)
    [Anonymous Symbol]                       0x00002740   Section        0  thread.o(.text.rt_thread_init)
    __arm_cp.1_0                             0x000027b4   Number         4  thread.o(.text.rt_thread_init)
    __arm_cp.1_1                             0x000027b8   Number         4  thread.o(.text.rt_thread_init)
    [Anonymous Symbol]                       0x000027bc   Section        0  thread.o(.text.rt_thread_mdelay)
    [Anonymous Symbol]                       0x000027ca   Section        0  thread.o(.text.rt_thread_resume)
    [Anonymous Symbol]                       0x00002810   Section        0  thread.o(.text.rt_thread_self)
    [Anonymous Symbol]                       0x00002818   Section        0  thread.o(.text.rt_thread_sleep)
    [Anonymous Symbol]                       0x0000288c   Section        0  thread.o(.text.rt_thread_startup)
    __arm_cp.3_0                             0x000028e0   Number         4  thread.o(.text.rt_thread_startup)
    [Anonymous Symbol]                       0x000028e4   Section        0  thread.o(.text.rt_thread_suspend)
    [Anonymous Symbol]                       0x0000292a   Section        0  thread.o(.text.rt_thread_timeout)
    [Anonymous Symbol]                       0x00002950   Section        0  thread.o(.text.rt_thread_yield)
    __arm_cp.8_0                             0x000029a4   Number         4  thread.o(.text.rt_thread_yield)
    __arm_cp.8_1                             0x000029a8   Number         4  thread.o(.text.rt_thread_yield)
    [Anonymous Symbol]                       0x000029ac   Section        0  clock.o(.text.rt_tick_from_millisecond)
    [Anonymous Symbol]                       0x000029b4   Section        0  clock.o(.text.rt_tick_get)
    [Anonymous Symbol]                       0x000029bc   Section        0  clock.o(.text.rt_tick_increase)
    __arm_cp.3_0                             0x000029e8   Number         4  clock.o(.text.rt_tick_increase)
    [Anonymous Symbol]                       0x000029ec   Section        0  timer.o(.text.rt_timer_check)
    __arm_cp.7_1                             0x00002a80   Number         4  timer.o(.text.rt_timer_check)
    [Anonymous Symbol]                       0x00002a84   Section        0  timer.o(.text.rt_timer_control)
    [Anonymous Symbol]                       0x00002ad6   Section        0  timer.o(.text.rt_timer_detach)
    [Anonymous Symbol]                       0x00002b06   Section        0  timer.o(.text.rt_timer_init)
    [Anonymous Symbol]                       0x00002b34   Section        0  timer.o(.text.rt_timer_start)
    __arm_cp.4_0                             0x00002bbc   Number         4  timer.o(.text.rt_timer_start)
    __arm_cp.4_1                             0x00002bc0   Number         4  timer.o(.text.rt_timer_start)
    __arm_cp.4_2                             0x00002bc4   Number         4  timer.o(.text.rt_timer_start)
    [Anonymous Symbol]                       0x00002bc8   Section        0  timer.o(.text.rt_timer_stop)
    rti_board_end                            0x00002bff   Thumb Code     4  components.o(.text.rti_board_end)
    [Anonymous Symbol]                       0x00002bfe   Section        0  components.o(.text.rti_board_end)
    rti_board_start                          0x00002c03   Thumb Code     4  components.o(.text.rti_board_start)
    [Anonymous Symbol]                       0x00002c02   Section        0  components.o(.text.rti_board_start)
    rti_end                                  0x00002c07   Thumb Code     4  components.o(.text.rti_end)
    [Anonymous Symbol]                       0x00002c06   Section        0  components.o(.text.rti_end)
    rti_start                                0x00002c0b   Thumb Code     4  components.o(.text.rti_start)
    [Anonymous Symbol]                       0x00002c0a   Section        0  components.o(.text.rti_start)
    [Anonymous Symbol]                       0x00002c10   Section        0  timer16.o(.text.setMatch_timer16PWM)
    __arm_cp.8_0                             0x00002c7c   Number         4  timer16.o(.text.setMatch_timer16PWM)
    __arm_cp.8_1                             0x00002c80   Number         4  timer16.o(.text.setMatch_timer16PWM)
    [Anonymous Symbol]                       0x00002c84   Section        0  timer32.o(.text.setMatch_timer32PWM)
    __arm_cp.6_0                             0x00002cf0   Number         4  timer32.o(.text.setMatch_timer32PWM)
    __arm_cp.6_1                             0x00002cf4   Number         4  timer32.o(.text.setMatch_timer32PWM)
    i.__scatterload_copy                     0x00002cf8   Section       14  handlers.o(i.__scatterload_copy)
    i.__scatterload_null                     0x00002d06   Section        2  handlers.o(i.__scatterload_null)
    i.__scatterload_zeroinit                 0x00002d08   Section       14  handlers.o(i.__scatterload_zeroinit)
    i.puts                                   0x00002d18   Section        0  puts.o(i.puts)
    LPC_GPIO                                 0x00003428   Data          16  gpio.o(.rodata.cst16)
    [Anonymous Symbol]                       0x00003428   Section        0  gpio.o(.rodata.cst16)
    [Anonymous Symbol]                       0x00003438   Section        0  components.o(.rodata.str1.1)
    __tagsym$$used.0                         0x00003440   Number         0  components.o(.rti_fn.0)
    __tagsym$$used.1                         0x00003444   Number         0  components.o(.rti_fn.0.end)
    __tagsym$$used.2                         0x00003448   Number         0  components.o(.rti_fn.1.end)
    __tagsym$$used.3                         0x0000344c   Number         0  components.o(.rti_fn.6.end)
    .data                                    0x10000000   Section        4  stdout.o(.data)
    rt_object_container                      0x1000000c   Data          64  object.o(.data.rt_object_container)
    [Anonymous Symbol]                       0x1000000c   Section        0  object.o(.data.rt_object_container)
    heap_end                                 0x100000e8   Data           4  mem.o(.bss.heap_end)
    [Anonymous Symbol]                       0x100000e8   Section        0  mem.o(.bss.heap_end)
    heap_ptr                                 0x100000ec   Data           4  mem.o(.bss.heap_ptr)
    [Anonymous Symbol]                       0x100000ec   Section        0  mem.o(.bss.heap_ptr)
    heap_sem                                 0x100000f0   Data          32  mem.o(.bss.heap_sem)
    [Anonymous Symbol]                       0x100000f0   Section        0  mem.o(.bss.heap_sem)
    idle                                     0x10000110   Data         120  idle.o(.bss.idle)
    [Anonymous Symbol]                       0x10000110   Section        0  idle.o(.bss.idle)
    led_thread                               0x1000018c   Data         120  main.o(.bss.led_thread)
    [Anonymous Symbol]                       0x1000018c   Section        0  main.o(.bss.led_thread)
    led_thread_stack                         0x10000204   Data        1024  main.o(.bss.led_thread_stack)
    [Anonymous Symbol]                       0x10000204   Section        0  main.o(.bss.led_thread_stack)
    lfree                                    0x10000604   Data           4  mem.o(.bss.lfree)
    [Anonymous Symbol]                       0x10000604   Section        0  mem.o(.bss.lfree)
    max_mem                                  0x10000608   Data           4  mem.o(.bss.max_mem)
    [Anonymous Symbol]                       0x10000608   Section        0  mem.o(.bss.max_mem)
    mem_size_aligned                         0x1000060c   Data           4  mem.o(.bss.mem_size_aligned)
    [Anonymous Symbol]                       0x1000060c   Section        0  mem.o(.bss.mem_size_aligned)
    print_thread                             0x10000610   Data         120  main.o(.bss.print_thread)
    [Anonymous Symbol]                       0x10000610   Section        0  main.o(.bss.print_thread)
    print_thread_stack                       0x10000688   Data        1024  main.o(.bss.print_thread_stack)
    [Anonymous Symbol]                       0x10000688   Section        0  main.o(.bss.print_thread_stack)
    rt_heap                                  0x10000a90   Data        2048  board.o(.bss.rt_heap)
    [Anonymous Symbol]                       0x10000a90   Section        0  board.o(.bss.rt_heap)
    rt_scheduler_lock_nest                   0x1000129c   Data           2  scheduler.o(.bss.rt_scheduler_lock_nest)
    [Anonymous Symbol]                       0x1000129c   Section        0  scheduler.o(.bss.rt_scheduler_lock_nest)
    rt_thread_stack                          0x100013ac   Data         256  idle.o(.bss.rt_thread_stack)
    [Anonymous Symbol]                       0x100013ac   Section        0  idle.o(.bss.rt_thread_stack)
    rt_tick                                  0x100014b0   Data           4  clock.o(.bss.rt_tick)
    [Anonymous Symbol]                       0x100014b0   Section        0  clock.o(.bss.rt_tick)
    rt_timer_list                            0x100014b4   Data           8  timer.o(.bss.rt_timer_list)
    [Anonymous Symbol]                       0x100014b4   Section        0  timer.o(.bss.rt_timer_list)
    rt_timer_start.random_nr                 0x100014bc   Data           4  timer.o(.bss.rt_timer_start.random_nr)
    [Anonymous Symbol]                       0x100014bc   Section        0  timer.o(.bss.rt_timer_start.random_nr)
    used_mem                                 0x100014e4   Data           4  mem.o(.bss.used_mem)
    [Anonymous Symbol]                       0x100014e4   Section        0  mem.o(.bss.used_mem)
    STACK                                    0x100014e8   Section      512  startup_lpc11xx.o(STACK)

    Global Symbols

    Symbol Name                              Value     Ov Type        Size  Object(Section)

    BuildAttributes$$THM_ISAv3M$S$PE$A:L22$X:L11$S22$IEEE1$IW$~IW$USESV6$~STKCKD$USESV7$~SHL$OTIME$EBA8$MICROLIB$REQ8$PRES8$EABIv2 0x00000000   Number         0  anon$$obj.o ABSOLUTE
    __Vectors                                0x00000000   Data           4  startup_lpc11xx.o(RESET)
    __cpp_initialize__aeabi_                  - Undefined Weak Reference
    __cxa_finalize                            - Undefined Weak Reference
    __decompress                              - Undefined Weak Reference
    _clock_init                               - Undefined Weak Reference
    _microlib_exit                            - Undefined Weak Reference
    __main                                   0x000000c1   Thumb Code     0  entry.o(.ARM.Collect$$$$00000000)
    _main_stk                                0x000000c1   Thumb Code     0  entry2.o(.ARM.Collect$$$$00000001)
    _main_scatterload                        0x000000c5   Thumb Code     0  entry5.o(.ARM.Collect$$$$00000004)
    __main_after_scatterload                 0x000000c9   Thumb Code     0  entry5.o(.ARM.Collect$$$$00000004)
    _main_clock                              0x000000c9   Thumb Code     0  entry7b.o(.ARM.Collect$$$$00000008)
    _main_cpp_init                           0x000000c9   Thumb Code     0  entry8b.o(.ARM.Collect$$$$0000000A)
    _main_init                               0x000000c9   Thumb Code     0  entry9a.o(.ARM.Collect$$$$0000000B)
    __rt_final_cpp                           0x000000d1   Thumb Code     0  entry10a.o(.ARM.Collect$$$$0000000D)
    __rt_final_exit                          0x000000d1   Thumb Code     0  entry11a.o(.ARM.Collect$$$$0000000F)
    Reset_Handler                            0x000000d5   Thumb Code     8  startup_lpc11xx.o(.text)
    NMI_Handler                              0x000000dd   Thumb Code     2  startup_lpc11xx.o(.text)
    SVC_Handler                              0x000000e1   Thumb Code     2  startup_lpc11xx.o(.text)
    ADC_IRQHandler                           0x000000e7   Thumb Code     0  startup_lpc11xx.o(.text)
    BOD_IRQHandler                           0x000000e7   Thumb Code     0  startup_lpc11xx.o(.text)
    CAN_IRQHandler                           0x000000e7   Thumb Code     0  startup_lpc11xx.o(.text)
    FMC_IRQHandler                           0x000000e7   Thumb Code     0  startup_lpc11xx.o(.text)
    PIOINT0_IRQHandler                       0x000000e7   Thumb Code     0  startup_lpc11xx.o(.text)
    PIOINT2_IRQHandler                       0x000000e7   Thumb Code     0  startup_lpc11xx.o(.text)
    PIOINT3_IRQHandler                       0x000000e7   Thumb Code     0  startup_lpc11xx.o(.text)
    SSP0_IRQHandler                          0x000000e7   Thumb Code     0  startup_lpc11xx.o(.text)
    SSP1_IRQHandler                          0x000000e7   Thumb Code     0  startup_lpc11xx.o(.text)
    TIMER32_0_IRQHandler                     0x000000e7   Thumb Code     0  startup_lpc11xx.o(.text)
    TIMER32_1_IRQHandler                     0x000000e7   Thumb Code     0  startup_lpc11xx.o(.text)
    UART_IRQHandler                          0x000000e7   Thumb Code     0  startup_lpc11xx.o(.text)
    USB_FIQHandler                           0x000000e7   Thumb Code     0  startup_lpc11xx.o(.text)
    USB_IRQHandler                           0x000000e7   Thumb Code     0  startup_lpc11xx.o(.text)
    WAKEUP_IRQHandler                        0x000000e7   Thumb Code     0  startup_lpc11xx.o(.text)
    WDT_IRQHandler                           0x000000e7   Thumb Code     0  startup_lpc11xx.o(.text)
    rt_hw_interrupt_disable                  0x000000f1   Thumb Code     8  context_rvds.o(.text)
    rt_hw_interrupt_enable                   0x000000f9   Thumb Code     6  context_rvds.o(.text)
    rt_hw_context_switch                     0x000000ff   Thumb Code    28  context_rvds.o(.text)
    rt_hw_context_switch_interrupt           0x000000ff   Thumb Code     0  context_rvds.o(.text)
    PendSV_Handler                           0x0000011b   Thumb Code    84  context_rvds.o(.text)
    rt_hw_context_switch_to                  0x0000016f   Thumb Code    44  context_rvds.o(.text)
    rt_hw_interrupt_thread_switch            0x0000019b   Thumb Code     2  context_rvds.o(.text)
    HardFault_Handler                        0x0000019d   Thumb Code    12  context_rvds.o(.text)
    __aeabi_memset                           0x000001c9   Thumb Code    14  memseta.o(.text)
    __aeabi_memset4                          0x000001c9   Thumb Code     0  memseta.o(.text)
    __aeabi_memset8                          0x000001c9   Thumb Code     0  memseta.o(.text)
    __aeabi_memclr                           0x000001d7   Thumb Code     4  memseta.o(.text)
    __aeabi_memclr4                          0x000001d7   Thumb Code     0  memseta.o(.text)
    __aeabi_memclr8                          0x000001d7   Thumb Code     0  memseta.o(.text)
    _memset$wrapper                          0x000001db   Thumb Code    18  memseta.o(.text)
    __aeabi_uidiv                            0x000001ed   Thumb Code     0  uidiv_div0.o(.text)
    __aeabi_uidivmod                         0x000001ed   Thumb Code    62  uidiv_div0.o(.text)
    __scatterload                            0x0000022d   Thumb Code    38  init.o(.text)
    __scatterload_rt2                        0x0000022d   Thumb Code     0  init.o(.text)
    main                                     0x0000025d   Thumb Code    72  components.o(.text.$Sub$$main)
    GPIOInit                                 0x000002ad   Thumb Code    12  gpio.o(.text.GPIOInit)
    GPIOIntClear                             0x000002bd   Thumb Code    44  gpio.o(.text.GPIOIntClear)
    rt_hw_hard_fault_exception               0x000002f9   Thumb Code     2  cpuport.o(.text.rt_hw_hard_fault_exception)
    rt_show_version                          0x000002fb   Thumb Code     2  kservice.o(.text.rt_show_version)
    GPIOIntEnable                            0x00000301   Thumb Code    44  gpio.o(.text.GPIOIntEnable)
    GPIOIntStatus                            0x0000033d   Thumb Code    44  gpio.o(.text.GPIOIntStatus)
    GPIOSetDir                               0x00000379   Thumb Code    40  gpio.o(.text.GPIOSetDir)
    GPIOSetInterrupt                         0x000003a1   Thumb Code   116  gpio.o(.text.GPIOSetInterrupt)
    GPIOSetValue                             0x00000425   Thumb Code    20  gpio.o(.text.GPIOSetValue)
    I2CEngine                                0x0000043d   Thumb Code   120  i2c.o(.text.I2CEngine)
    I2CInit                                  0x000004b9   Thumb Code    88  i2c.o(.text.I2CInit)
    I2C_IRQHandler                           0x00000519   Thumb Code   268  i2c.o(.text.I2C_IRQHandler)
    KEY_IRQ_Init                             0x00000639   Thumb Code    72  key.o(.text.KEY_IRQ_Init)
    LED_Init                                 0x00000689   Thumb Code   128  led.o(.text.LED_Init)
    LED_On                                   0x00000709   Thumb Code    14  led.o(.text.LED_On)
    LeftFrontLight_Off                       0x00000717   Thumb Code    14  led.o(.text.LeftFrontLight_Off)
    LeftFrontLight_On                        0x00000725   Thumb Code    14  led.o(.text.LeftFrontLight_On)
    LeftRearLight_Off                        0x00000733   Thumb Code    14  led.o(.text.LeftRearLight_Off)
    LeftRearLight_On                         0x00000741   Thumb Code    14  led.o(.text.LeftRearLight_On)
    OLED_Clear                               0x00000751   Thumb Code   264  oled.o(.text.OLED_Clear)
    OLED_Init                                0x00000861   Thumb Code  1220  oled.o(.text.OLED_Init)
    OLED_ShowChar                            0x00000d2d   Thumb Code  1300  oled.o(.text.OLED_ShowChar)
    OLED_ShowString                          0x0000124d   Thumb Code    44  oled.o(.text.OLED_ShowString)
    PIOINT1_IRQHandler                       0x00001279   Thumb Code    32  key.o(.text.PIOINT1_IRQHandler)
    RightFrontLight_Off                      0x0000129d   Thumb Code    14  led.o(.text.RightFrontLight_Off)
    RightFrontLight_On                       0x000012ab   Thumb Code    14  led.o(.text.RightFrontLight_On)
    RightRearLight_Off                       0x000012b9   Thumb Code    14  led.o(.text.RightRearLight_Off)
    RightRearLight_On                        0x000012c7   Thumb Code    14  led.o(.text.RightRearLight_On)
    SysTick_Handler                          0x000012d5   Thumb Code    16  board.o(.text.SysTick_Handler)
    SystemInit                               0x000012e5   Thumb Code   208  system_lpc11xx.o(.text.SystemInit)
    TIMER16_0_IRQHandler                     0x000013bd   Thumb Code    40  timer16.o(.text.TIMER16_0_IRQHandler)
    TIMER16_1_IRQHandler                     0x000013f1   Thumb Code    40  timer16.o(.text.TIMER16_1_IRQHandler)
    UARTInit                                 0x00001421   Thumb Code   216  uart.o(.text.UARTInit)
    __rt_ffs                                 0x0000150d   Thumb Code    56  kservice.o(.text.__rt_ffs)
    enable_timer16                           0x00001549   Thumb Code    16  timer16.o(.text.enable_timer16)
    enable_timer32                           0x0000155d   Thumb Code    16  timer32.o(.text.enable_timer32)
    fputc                                    0x0000156d   Thumb Code    36  uart.o(.text.fputc)
    init_timer16PWM                          0x00001595   Thumb Code   316  timer16.o(.text.init_timer16PWM)
    init_timer32PWM                          0x000016ed   Thumb Code   300  timer32.o(.text.init_timer32PWM)
    left_front_motor                         0x0000188b   Thumb Code    62  motor.o(.text.left_front_motor)
    left_rear_motor                          0x000018c9   Thumb Code    60  motor.o(.text.left_rear_motor)
    $Super$$main                             0x00001905   Thumb Code   128  main.o(.text.main)
    main_thread_entry                        0x000019d1   Thumb Code    24  components.o(.text.main_thread_entry)
    motor_pwm_init                           0x000019ed   Thumb Code   224  motor.o(.text.motor_pwm_init)
    right_front_motor                        0x00001b41   Thumb Code    58  motor.o(.text.right_front_motor)
    right_rear_motor                         0x00001b7b   Thumb Code    58  motor.o(.text.right_rear_motor)
    rt_components_board_init                 0x00001bb5   Thumb Code    20  components.o(.text.rt_components_board_init)
    rt_enter_critical                        0x00001bd1   Thumb Code    20  scheduler.o(.text.rt_enter_critical)
    rt_exit_critical                         0x00001be5   Thumb Code    48  scheduler.o(.text.rt_exit_critical)
    rt_free                                  0x00001c1d   Thumb Code   176  mem.o(.text.rt_free)
    rt_heap_begin_get                        0x00001ccd   Thumb Code     4  board.o(.text.rt_heap_begin_get)
    rt_heap_end_get                          0x00001cd1   Thumb Code    12  board.o(.text.rt_heap_end_get)
    rt_hw_board_init                         0x00001ce1   Thumb Code    88  board.o(.text.rt_hw_board_init)
    rt_hw_stack_init                         0x00001d51   Thumb Code   100  cpuport.o(.text.rt_hw_stack_init)
    rt_interrupt_enter                       0x00001db9   Thumb Code    20  irq.o(.text.rt_interrupt_enter)
    rt_interrupt_leave                       0x00001dcd   Thumb Code    20  irq.o(.text.rt_interrupt_leave)
    rt_malloc                                0x00001de5   Thumb Code   284  mem.o(.text.rt_malloc)
    rt_memset                                0x00001f1d   Thumb Code   228  kservice.o(.text.rt_memset)
    rt_object_allocate                       0x00002005   Thumb Code   124  object.o(.text.rt_object_allocate)
    rt_object_delete                         0x00002081   Thumb Code    42  object.o(.text.rt_object_delete)
    rt_object_detach                         0x000020ab   Thumb Code    36  object.o(.text.rt_object_detach)
    rt_object_init                           0x000020d1   Thumb Code   132  object.o(.text.rt_object_init)
    rt_object_is_systemobject                0x00002159   Thumb Code     6  object.o(.text.rt_object_is_systemobject)
    rt_schedule                              0x00002161   Thumb Code    84  scheduler.o(.text.rt_schedule)
    rt_schedule_insert_thread                0x000021bd   Thumb Code    64  scheduler.o(.text.rt_schedule_insert_thread)
    rt_schedule_remove_thread                0x000021fd   Thumb Code    64  scheduler.o(.text.rt_schedule_remove_thread)
    rt_sem_init                              0x00002245   Thumb Code    32  ipc.o(.text.rt_sem_init)
    rt_sem_release                           0x00002265   Thumb Code    76  ipc.o(.text.rt_sem_release)
    rt_sem_take                              0x000022b5   Thumb Code   252  ipc.o(.text.rt_sem_take)
    rt_strncpy                               0x000023b1   Thumb Code   136  kservice.o(.text.rt_strncpy)
    rt_system_heap_init                      0x00002439   Thumb Code    88  mem.o(.text.rt_system_heap_init)
    rt_system_scheduler_init                 0x000024b1   Thumb Code   184  scheduler.o(.text.rt_system_scheduler_init)
    rt_system_scheduler_start                0x00002575   Thumb Code    36  scheduler.o(.text.rt_system_scheduler_start)
    rt_system_timer_init                     0x000025a1   Thumb Code     8  timer.o(.text.rt_system_timer_init)
    rt_system_timer_thread_init              0x000025ad   Thumb Code     2  timer.o(.text.rt_system_timer_thread_init)
    rt_thread_create                         0x000025b1   Thumb Code   152  thread.o(.text.rt_thread_create)
    rt_thread_exit                           0x00002649   Thumb Code   100  thread.o(.text.rt_thread_exit)
    rt_thread_idle_excute                    0x000026b5   Thumb Code    68  idle.o(.text.rt_thread_idle_excute)
    rt_thread_idle_init                      0x000026fd   Thumb Code    48  idle.o(.text.rt_thread_idle_init)
    rt_thread_init                           0x00002741   Thumb Code   116  thread.o(.text.rt_thread_init)
    rt_thread_mdelay                         0x000027bd   Thumb Code    14  thread.o(.text.rt_thread_mdelay)
    rt_thread_resume                         0x000027cb   Thumb Code    70  thread.o(.text.rt_thread_resume)
    rt_thread_self                           0x00002811   Thumb Code     8  thread.o(.text.rt_thread_self)
    rt_thread_sleep                          0x00002819   Thumb Code   116  thread.o(.text.rt_thread_sleep)
    rt_thread_startup                        0x0000288d   Thumb Code    84  thread.o(.text.rt_thread_startup)
    rt_thread_suspend                        0x000028e5   Thumb Code    70  thread.o(.text.rt_thread_suspend)
    rt_thread_timeout                        0x0000292b   Thumb Code    36  thread.o(.text.rt_thread_timeout)
    rt_thread_yield                          0x00002951   Thumb Code    84  thread.o(.text.rt_thread_yield)
    rt_tick_from_millisecond                 0x000029ad   Thumb Code     6  clock.o(.text.rt_tick_from_millisecond)
    rt_tick_get                              0x000029b5   Thumb Code     8  clock.o(.text.rt_tick_get)
    rt_tick_increase                         0x000029bd   Thumb Code    44  clock.o(.text.rt_tick_increase)
    rt_timer_check                           0x000029ed   Thumb Code   148  timer.o(.text.rt_timer_check)
    rt_timer_control                         0x00002a85   Thumb Code    82  timer.o(.text.rt_timer_control)
    rt_timer_detach                          0x00002ad7   Thumb Code    48  timer.o(.text.rt_timer_detach)
    rt_timer_init                            0x00002b07   Thumb Code    46  timer.o(.text.rt_timer_init)
    rt_timer_start                           0x00002b35   Thumb Code   136  timer.o(.text.rt_timer_start)
    rt_timer_stop                            0x00002bc9   Thumb Code    54  timer.o(.text.rt_timer_stop)
    setMatch_timer16PWM                      0x00002c11   Thumb Code   108  timer16.o(.text.setMatch_timer16PWM)
    setMatch_timer32PWM                      0x00002c85   Thumb Code   108  timer32.o(.text.setMatch_timer32PWM)
    __scatterload_copy                       0x00002cf9   Thumb Code    14  handlers.o(i.__scatterload_copy)
    __scatterload_null                       0x00002d07   Thumb Code     2  handlers.o(i.__scatterload_null)
    __scatterload_zeroinit                   0x00002d09   Thumb Code    14  handlers.o(i.__scatterload_zeroinit)
    puts                                     0x00002d19   Thumb Code    28  puts.o(i.puts)
    OLED_F8x16                               0x00002d38   Data        1520  oled.o(.rodata.OLED_F8x16)
    __lowest_bit_bitmap                      0x00003328   Data         256  kservice.o(.rodata.__lowest_bit_bitmap)
    __rt_init_rti_start                      0x00003440   Data           4  components.o(.rti_fn.0)
    __rt_init_rti_board_start                0x00003444   Data           4  components.o(.rti_fn.0.end)
    __rt_init_rti_board_end                  0x00003448   Data           4  components.o(.rti_fn.1.end)
    __rt_init_rti_end                        0x0000344c   Data           4  components.o(.rti_fn.6.end)
    Region$$Table$$Base                      0x00003450   Number         0  anon$$obj.o(Region$$Table)
    Region$$Table$$Limit                     0x00003470   Number         0  anon$$obj.o(Region$$Table)
    __stdout                                 0x10000000   Data           4  stdout.o(.data)
    SystemCoreClock                          0x10000004   Data           4  system_lpc11xx.o(.data.SystemCoreClock)
    UARTTxEmpty                              0x10000008   Data           1  uart.o(.data.UARTTxEmpty)
    I2CMasterBuffer                          0x10000050   Data          64  i2c.o(.bss.I2CMasterBuffer)
    I2CMasterState                           0x10000090   Data           4  i2c.o(.bss.I2CMasterState)
    I2CReadLength                            0x10000094   Data           4  i2c.o(.bss.I2CReadLength)
    I2CSlaveBuffer                           0x10000098   Data          64  i2c.o(.bss.I2CSlaveBuffer)
    I2CWriteLength                           0x100000d8   Data           4  i2c.o(.bss.I2CWriteLength)
    RdIndex                                  0x100000dc   Data           4  i2c.o(.bss.RdIndex)
    UARTCount                                0x100000e0   Data           4  uart.o(.bss.UARTCount)
    WrIndex                                  0x100000e4   Data           4  i2c.o(.bss.WrIndex)
    key_flag                                 0x10000188   Data           1  key.o(.bss.key_flag)
    rt_current_priority                      0x10000a88   Data           1  scheduler.o(.bss.rt_current_priority)
    rt_current_thread                        0x10000a8c   Data           4  scheduler.o(.bss.rt_current_thread)
    rt_interrupt_from_thread                 0x10001290   Data           4  cpuport.o(.bss.rt_interrupt_from_thread)
    rt_interrupt_nest                        0x10001294   Data           1  irq.o(.bss.rt_interrupt_nest)
    rt_interrupt_to_thread                   0x10001298   Data           4  cpuport.o(.bss.rt_interrupt_to_thread)
    rt_thread_defunct                        0x100012a0   Data           8  scheduler.o(.bss.rt_thread_defunct)
    rt_thread_priority_table                 0x100012a8   Data         256  scheduler.o(.bss.rt_thread_priority_table)
    rt_thread_ready_priority_group           0x100013a8   Data           4  scheduler.o(.bss.rt_thread_ready_priority_group)
    rt_thread_switch_interrupt_flag          0x100014ac   Data           4  cpuport.o(.bss.rt_thread_switch_interrupt_flag)
    timeout                                  0x100014c0   Data           4  i2c.o(.bss.timeout)
    timer16_0_capture                        0x100014c4   Data           4  timer16.o(.bss.timer16_0_capture)
    timer16_0_counter                        0x100014c8   Data           4  timer16.o(.bss.timer16_0_counter)
    timer16_0_period                         0x100014cc   Data           4  timer16.o(.bss.timer16_0_period)
    timer16_1_capture                        0x100014d0   Data           4  timer16.o(.bss.timer16_1_capture)
    timer16_1_counter                        0x100014d4   Data           4  timer16.o(.bss.timer16_1_counter)
    timer16_1_period                         0x100014d8   Data           4  timer16.o(.bss.timer16_1_period)
    timer32_0_period                         0x100014dc   Data           4  timer32.o(.bss.timer32_0_period)
    timer32_1_period                         0x100014e0   Data           4  timer32.o(.bss.timer32_1_period)
    __initial_sp                             0x100016e8   Data           0  startup_lpc11xx.o(STACK)



==============================================================================

Memory Map of the image

  Image Entry point : 0x000000c1

  Load Region LR_IROM1 (Base: 0x00000000, Size: 0x000034c0, Max: 0x00008000, ABSOLUTE)

    Execution Region ER_IROM1 (Exec base: 0x00000000, Load base: 0x00000000, Size: 0x00003470, Max: 0x00008000, ABSOLUTE)

    Exec Addr    Load Addr    Size         Type   Attr      Idx    E Section Name        Object

    0x00000000   0x00000000   0x000000c0   Data   RO          265    RESET               startup_lpc11xx.o
    0x000000c0   0x000000c0   0x00000000   Code   RO          674  * .ARM.Collect$$$$00000000  mc_p.l(entry.o)
    0x000000c0   0x000000c0   0x00000004   Code   RO          689    .ARM.Collect$$$$00000001  mc_p.l(entry2.o)
    0x000000c4   0x000000c4   0x00000004   Code   RO          692    .ARM.Collect$$$$00000004  mc_p.l(entry5.o)
    0x000000c8   0x000000c8   0x00000000   Code   RO          694    .ARM.Collect$$$$00000008  mc_p.l(entry7b.o)
    0x000000c8   0x000000c8   0x00000000   Code   RO          696    .ARM.Collect$$$$0000000A  mc_p.l(entry8b.o)
    0x000000c8   0x000000c8   0x00000008   Code   RO          697    .ARM.Collect$$$$0000000B  mc_p.l(entry9a.o)
    0x000000d0   0x000000d0   0x00000000   Code   RO          699    .ARM.Collect$$$$0000000D  mc_p.l(entry10a.o)
    0x000000d0   0x000000d0   0x00000000   Code   RO          701    .ARM.Collect$$$$0000000F  mc_p.l(entry11a.o)
    0x000000d0   0x000000d0   0x00000004   Code   RO          690    .ARM.Collect$$$$00002712  mc_p.l(entry2.o)
    0x000000d4   0x000000d4   0x0000001c   Code   RO          267    .text               startup_lpc11xx.o
    0x000000f0   0x000000f0   0x000000d8   Code   RO          288    .text               context_rvds.o
    0x000001c8   0x000001c8   0x00000024   Code   RO          687    .text               mc_p.l(memseta.o)
    0x000001ec   0x000001ec   0x0000003e   Code   RO          708    .text               mc_p.l(uidiv_div0.o)
    0x0000022a   0x0000022a   0x00000002   PAD
    0x0000022c   0x0000022c   0x00000030   Code   RO          714    .text               mc_p.l(init.o)
    0x0000025c   0x0000025c   0x00000050   Code   RO          341    .text.$Sub$$main    components.o
    0x000002ac   0x000002ac   0x00000010   Code   RO           30    .text.GPIOInit      gpio.o
    0x000002bc   0x000002bc   0x0000003c   Code   RO           40    .text.GPIOIntClear  gpio.o
    0x000002f8   0x000002f8   0x00000002   Code   RO          295    .text.rt_hw_hard_fault_exception  cpuport.o
    0x000002fa   0x000002fa   0x00000002   Code   RO          465    .text.rt_show_version  kservice.o
    0x000002fc   0x000002fc   0x00000004   Code   RO          266    .ARM.__at_0x02FC    startup_lpc11xx.o
    0x00000300   0x00000300   0x0000003c   Code   RO           34    .text.GPIOIntEnable  gpio.o
    0x0000033c   0x0000033c   0x0000003c   Code   RO           38    .text.GPIOIntStatus  gpio.o
    0x00000378   0x00000378   0x00000028   Code   RO           44    .text.GPIOSetDir    gpio.o
    0x000003a0   0x000003a0   0x00000084   Code   RO           32    .text.GPIOSetInterrupt  gpio.o
    0x00000424   0x00000424   0x00000018   Code   RO           42    .text.GPIOSetValue  gpio.o
    0x0000043c   0x0000043c   0x0000007c   Code   RO           65    .text.I2CEngine     i2c.o
    0x000004b8   0x000004b8   0x00000060   Code   RO           63    .text.I2CInit       i2c.o
    0x00000518   0x00000518   0x00000120   Code   RO           57    .text.I2C_IRQHandler  i2c.o
    0x00000638   0x00000638   0x00000050   Code   RO          252    .text.KEY_IRQ_Init  key.o
    0x00000688   0x00000688   0x00000080   Code   RO          172    .text.LED_Init      led.o
    0x00000708   0x00000708   0x0000000e   Code   RO          184    .text.LED_On        led.o
    0x00000716   0x00000716   0x0000000e   Code   RO          182    .text.LeftFrontLight_Off  led.o
    0x00000724   0x00000724   0x0000000e   Code   RO          192    .text.LeftFrontLight_On  led.o
    0x00000732   0x00000732   0x0000000e   Code   RO          178    .text.LeftRearLight_Off  led.o
    0x00000740   0x00000740   0x0000000e   Code   RO          188    .text.LeftRearLight_On  led.o
    0x0000074e   0x0000074e   0x00000002   PAD
    0x00000750   0x00000750   0x00000110   Code   RO          225    .text.OLED_Clear    oled.o
    0x00000860   0x00000860   0x000004cc   Code   RO          241    .text.OLED_Init     oled.o
    0x00000d2c   0x00000d2c   0x00000520   Code   RO          227    .text.OLED_ShowChar  oled.o
    0x0000124c   0x0000124c   0x0000002c   Code   RO          229    .text.OLED_ShowString  oled.o
    0x00001278   0x00001278   0x00000024   Code   RO          254    .text.PIOINT1_IRQHandler  key.o
    0x0000129c   0x0000129c   0x0000000e   Code   RO          180    .text.RightFrontLight_Off  led.o
    0x000012aa   0x000012aa   0x0000000e   Code   RO          190    .text.RightFrontLight_On  led.o
    0x000012b8   0x000012b8   0x0000000e   Code   RO          176    .text.RightRearLight_Off  led.o
    0x000012c6   0x000012c6   0x0000000e   Code   RO          186    .text.RightRearLight_On  led.o
    0x000012d4   0x000012d4   0x00000010   Code   RO          662    .text.SysTick_Handler  board.o
    0x000012e4   0x000012e4   0x000000d8   Code   RO          278    .text.SystemInit    system_lpc11xx.o
    0x000013bc   0x000013bc   0x00000034   Code   RO           93    .text.TIMER16_0_IRQHandler  timer16.o
    0x000013f0   0x000013f0   0x00000030   Code   RO           95    .text.TIMER16_1_IRQHandler  timer16.o
    0x00001420   0x00001420   0x000000ec   Code   RO          151    .text.UARTInit      uart.o
    0x0000150c   0x0000150c   0x0000003c   Code   RO          481    .text.__rt_ffs      kservice.o
    0x00001548   0x00001548   0x00000014   Code   RO           97    .text.enable_timer16  timer16.o
    0x0000155c   0x0000155c   0x00000010   Code   RO          125    .text.enable_timer32  timer32.o
    0x0000156c   0x0000156c   0x00000028   Code   RO          157    .text.fputc         uart.o
    0x00001594   0x00001594   0x00000158   Code   RO          105    .text.init_timer16PWM  timer16.o
    0x000016ec   0x000016ec   0x00000148   Code   RO          133    .text.init_timer32PWM  timer32.o
    0x00001834   0x00001834   0x00000056   Code   RO            4    .text.led_thread_entry  main.o
    0x0000188a   0x0000188a   0x0000003e   Code   RO          207    .text.left_front_motor  motor.o
    0x000018c8   0x000018c8   0x0000003c   Code   RO          205    .text.left_rear_motor  motor.o
    0x00001904   0x00001904   0x000000cc   Code   RO            2    .text.main          main.o
    0x000019d0   0x000019d0   0x0000001c   Code   RO          345    .text.main_thread_entry  components.o
    0x000019ec   0x000019ec   0x000000f4   Code   RO          201    .text.motor_pwm_init  motor.o
    0x00001ae0   0x00001ae0   0x00000060   Code   RO            6    .text.print_thread_entry  main.o
    0x00001b40   0x00001b40   0x0000003a   Code   RO          209    .text.right_front_motor  motor.o
    0x00001b7a   0x00001b7a   0x0000003a   Code   RO          203    .text.right_rear_motor  motor.o
    0x00001bb4   0x00001bb4   0x0000001c   Code   RO          337    .text.rt_components_board_init  components.o
    0x00001bd0   0x00001bd0   0x00000014   Code   RO          562    .text.rt_enter_critical  scheduler.o
    0x00001be4   0x00001be4   0x00000038   Code   RO          564    .text.rt_exit_critical  scheduler.o
    0x00001c1c   0x00001c1c   0x000000b0   Code   RO          499    .text.rt_free       mem.o
    0x00001ccc   0x00001ccc   0x00000004   Code   RO          656    .text.rt_heap_begin_get  board.o
    0x00001cd0   0x00001cd0   0x00000010   Code   RO          658    .text.rt_heap_end_get  board.o
    0x00001ce0   0x00001ce0   0x00000070   Code   RO          664    .text.rt_hw_board_init  board.o
    0x00001d50   0x00001d50   0x00000068   Code   RO          293    .text.rt_hw_stack_init  cpuport.o
    0x00001db8   0x00001db8   0x00000014   Code   RO          420    .text.rt_interrupt_enter  irq.o
    0x00001dcc   0x00001dcc   0x00000018   Code   RO          422    .text.rt_interrupt_leave  irq.o
    0x00001de4   0x00001de4   0x00000138   Code   RO          495    .text.rt_malloc     mem.o
    0x00001f1c   0x00001f1c   0x000000e8   Code   RO          441    .text.rt_memset     kservice.o
    0x00002004   0x00002004   0x0000007c   Code   RO          533    .text.rt_object_allocate  object.o
    0x00002080   0x00002080   0x0000002a   Code   RO          535    .text.rt_object_delete  object.o
    0x000020aa   0x000020aa   0x00000024   Code   RO          531    .text.rt_object_detach  object.o
    0x000020ce   0x000020ce   0x00000002   PAD
    0x000020d0   0x000020d0   0x00000088   Code   RO          529    .text.rt_object_init  object.o
    0x00002158   0x00002158   0x00000006   Code   RO          537    .text.rt_object_is_systemobject  object.o
    0x0000215e   0x0000215e   0x00000002   PAD
    0x00002160   0x00002160   0x0000005c   Code   RO          556    .text.rt_schedule   scheduler.o
    0x000021bc   0x000021bc   0x00000040   Code   RO          558    .text.rt_schedule_insert_thread  scheduler.o
    0x000021fc   0x000021fc   0x00000048   Code   RO          560    .text.rt_schedule_remove_thread  scheduler.o
    0x00002244   0x00002244   0x00000020   Code   RO          380    .text.rt_sem_init   ipc.o
    0x00002264   0x00002264   0x00000050   Code   RO          392    .text.rt_sem_release  ipc.o
    0x000022b4   0x000022b4   0x000000fc   Code   RO          388    .text.rt_sem_take   ipc.o
    0x000023b0   0x000023b0   0x00000088   Code   RO          455    .text.rt_strncpy    kservice.o
    0x00002438   0x00002438   0x00000078   Code   RO          493    .text.rt_system_heap_init  mem.o
    0x000024b0   0x000024b0   0x000000c4   Code   RO          552    .text.rt_system_scheduler_init  scheduler.o
    0x00002574   0x00002574   0x0000002c   Code   RO          554    .text.rt_system_scheduler_start  scheduler.o
    0x000025a0   0x000025a0   0x0000000c   Code   RO          642    .text.rt_system_timer_init  timer.o
    0x000025ac   0x000025ac   0x00000002   Code   RO          644    .text.rt_system_timer_thread_init  timer.o
    0x000025ae   0x000025ae   0x00000002   PAD
    0x000025b0   0x000025b0   0x00000098   Code   RO          594    .text.rt_thread_create  thread.o
    0x00002648   0x00002648   0x00000064   Code   RO          582    .text.rt_thread_exit  thread.o
    0x000026ac   0x000026ac   0x00000006   Code   RO          366    .text.rt_thread_idle_entry  idle.o
    0x000026b2   0x000026b2   0x00000002   PAD
    0x000026b4   0x000026b4   0x00000048   Code   RO          362    .text.rt_thread_idle_excute  idle.o
    0x000026fc   0x000026fc   0x00000044   Code   RO          364    .text.rt_thread_idle_init  idle.o
    0x00002740   0x00002740   0x0000007c   Code   RO          584    .text.rt_thread_init  thread.o
    0x000027bc   0x000027bc   0x0000000e   Code   RO          608    .text.rt_thread_mdelay  thread.o
    0x000027ca   0x000027ca   0x00000046   Code   RO          590    .text.rt_thread_resume  thread.o
    0x00002810   0x00002810   0x00000008   Code   RO          586    .text.rt_thread_self  thread.o
    0x00002818   0x00002818   0x00000074   Code   RO          600    .text.rt_thread_sleep  thread.o
    0x0000288c   0x0000288c   0x00000058   Code   RO          588    .text.rt_thread_startup  thread.o
    0x000028e4   0x000028e4   0x00000046   Code   RO          602    .text.rt_thread_suspend  thread.o
    0x0000292a   0x0000292a   0x00000024   Code   RO          612    .text.rt_thread_timeout  thread.o
    0x0000294e   0x0000294e   0x00000002   PAD
    0x00002950   0x00002950   0x0000005c   Code   RO          598    .text.rt_thread_yield  thread.o
    0x000029ac   0x000029ac   0x00000006   Code   RO          318    .text.rt_tick_from_millisecond  clock.o
    0x000029b2   0x000029b2   0x00000002   PAD
    0x000029b4   0x000029b4   0x00000008   Code   RO          312    .text.rt_tick_get   clock.o
    0x000029bc   0x000029bc   0x00000030   Code   RO          316    .text.rt_tick_increase  clock.o
    0x000029ec   0x000029ec   0x00000098   Code   RO          638    .text.rt_timer_check  timer.o
    0x00002a84   0x00002a84   0x00000052   Code   RO          636    .text.rt_timer_control  timer.o
    0x00002ad6   0x00002ad6   0x00000030   Code   RO          626    .text.rt_timer_detach  timer.o
    0x00002b06   0x00002b06   0x0000002e   Code   RO          624    .text.rt_timer_init  timer.o
    0x00002b34   0x00002b34   0x00000094   Code   RO          632    .text.rt_timer_start  timer.o
    0x00002bc8   0x00002bc8   0x00000036   Code   RO          634    .text.rt_timer_stop  timer.o
    0x00002bfe   0x00002bfe   0x00000004   Code   RO          333    .text.rti_board_end  components.o
    0x00002c02   0x00002c02   0x00000004   Code   RO          331    .text.rti_board_start  components.o
    0x00002c06   0x00002c06   0x00000004   Code   RO          335    .text.rti_end       components.o
    0x00002c0a   0x00002c0a   0x00000004   Code   RO          329    .text.rti_start     components.o
    0x00002c0e   0x00002c0e   0x00000002   PAD
    0x00002c10   0x00002c10   0x00000074   Code   RO          107    .text.setMatch_timer16PWM  timer16.o
    0x00002c84   0x00002c84   0x00000074   Code   RO          135    .text.setMatch_timer32PWM  timer32.o
    0x00002cf8   0x00002cf8   0x0000000e   Code   RO          718    i.__scatterload_copy  mc_p.l(handlers.o)
    0x00002d06   0x00002d06   0x00000002   Code   RO          719    i.__scatterload_null  mc_p.l(handlers.o)
    0x00002d08   0x00002d08   0x0000000e   Code   RO          720    i.__scatterload_zeroinit  mc_p.l(handlers.o)
    0x00002d16   0x00002d16   0x00000002   PAD
    0x00002d18   0x00002d18   0x00000020   Code   RO          677    i.puts              mc_p.l(puts.o)
    0x00002d38   0x00002d38   0x000005f0   Data   RO          243    .rodata.OLED_F8x16  oled.o
    0x00003328   0x00003328   0x00000100   Data   RO          484    .rodata.__lowest_bit_bitmap  kservice.o
    0x00003428   0x00003428   0x00000010   Data   RO           48    .rodata.cst16       gpio.o
    0x00003438   0x00003438   0x00000005   Data   RO          353    .rodata.str1.1      components.o
    0x0000343d   0x0000343d   0x00000003   PAD
    0x00003440   0x00003440   0x00000004   Data   RO          349    .rti_fn.0           components.o
    0x00003444   0x00003444   0x00000004   Data   RO          350    .rti_fn.0.end       components.o
    0x00003448   0x00003448   0x00000004   Data   RO          351    .rti_fn.1.end       components.o
    0x0000344c   0x0000344c   0x00000004   Data   RO          352    .rti_fn.6.end       components.o
    0x00003450   0x00003450   0x00000020   Data   RO          717    Region$$Table       anon$$obj.o


    Execution Region RW_IRAM1 (Exec base: 0x10000000, Load base: 0x00003470, Size: 0x000016e8, Max: 0x00002000, ABSOLUTE)

    Exec Addr    Load Addr    Size         Type   Attr      Idx    E Section Name        Object

    0x10000000   0x00003470   0x00000004   Data   RW          703    .data               mc_p.l(stdout.o)
    0x10000004   0x00003474   0x00000004   Data   RW          280    .data.SystemCoreClock  system_lpc11xx.o
    0x10000008   0x00003478   0x00000001   Data   RW          159    .data.UARTTxEmpty   uart.o
    0x10000009   0x00003479   0x00000003   PAD
    0x1000000c   0x0000347c   0x00000040   Data   RW          543    .data.rt_object_container  object.o
    0x1000004c   0x000034bc   0x00000004   PAD
    0x10000050        -       0x00000040   Zero   RW           73    .bss.I2CMasterBuffer  i2c.o
    0x10000090        -       0x00000004   Zero   RW           67    .bss.I2CMasterState  i2c.o
    0x10000094        -       0x00000004   Zero   RW           75    .bss.I2CReadLength  i2c.o
    0x10000098        -       0x00000040   Zero   RW           76    .bss.I2CSlaveBuffer  i2c.o
    0x100000d8        -       0x00000004   Zero   RW           74    .bss.I2CWriteLength  i2c.o
    0x100000dc        -       0x00000004   Zero   RW           71    .bss.RdIndex        i2c.o
    0x100000e0        -       0x00000004   Zero   RW          160    .bss.UARTCount      uart.o
    0x100000e4        -       0x00000004   Zero   RW           72    .bss.WrIndex        i2c.o
    0x100000e8        -       0x00000004   Zero   RW          507    .bss.heap_end       mem.o
    0x100000ec        -       0x00000004   Zero   RW          506    .bss.heap_ptr       mem.o
    0x100000f0        -       0x00000020   Zero   RW          508    .bss.heap_sem       mem.o
    0x10000110        -       0x00000078   Zero   RW          370    .bss.idle           idle.o
    0x10000188        -       0x00000001   Zero   RW          256    .bss.key_flag       key.o
    0x10000189   0x000034bc   0x00000003   PAD
    0x1000018c        -       0x00000078   Zero   RW            8    .bss.led_thread     main.o
    0x10000204        -       0x00000400   Zero   RW            9    .bss.led_thread_stack  main.o
    0x10000604        -       0x00000004   Zero   RW          509    .bss.lfree          mem.o
    0x10000608        -       0x00000004   Zero   RW          511    .bss.max_mem        mem.o
    0x1000060c        -       0x00000004   Zero   RW          505    .bss.mem_size_aligned  mem.o
    0x10000610        -       0x00000078   Zero   RW           10    .bss.print_thread   main.o
    0x10000688        -       0x00000400   Zero   RW           11    .bss.print_thread_stack  main.o
    0x10000a88        -       0x00000001   Zero   RW          571    .bss.rt_current_priority  scheduler.o
    0x10000a89   0x000034bc   0x00000003   PAD
    0x10000a8c        -       0x00000004   Zero   RW          568    .bss.rt_current_thread  scheduler.o
    0x10000a90        -       0x00000800   Zero   RW          666    .bss.rt_heap        board.o
    0x10001290        -       0x00000004   Zero   RW          299    .bss.rt_interrupt_from_thread  cpuport.o
    0x10001294        -       0x00000001   Zero   RW          426    .bss.rt_interrupt_nest  irq.o
    0x10001295   0x000034bc   0x00000003   PAD
    0x10001298        -       0x00000004   Zero   RW          300    .bss.rt_interrupt_to_thread  cpuport.o
    0x1000129c        -       0x00000002   Zero   RW          569    .bss.rt_scheduler_lock_nest  scheduler.o
    0x1000129e   0x000034bc   0x00000002   PAD
    0x100012a0        -       0x00000008   Zero   RW          573    .bss.rt_thread_defunct  scheduler.o
    0x100012a8        -       0x00000100   Zero   RW          570    .bss.rt_thread_priority_table  scheduler.o
    0x100013a8        -       0x00000004   Zero   RW          572    .bss.rt_thread_ready_priority_group  scheduler.o
    0x100013ac        -       0x00000100   Zero   RW          371    .bss.rt_thread_stack  idle.o
    0x100014ac        -       0x00000004   Zero   RW          301    .bss.rt_thread_switch_interrupt_flag  cpuport.o
    0x100014b0        -       0x00000004   Zero   RW          320    .bss.rt_tick        clock.o
    0x100014b4        -       0x00000008   Zero   RW          647    .bss.rt_timer_list  timer.o
    0x100014bc        -       0x00000004   Zero   RW          646    .bss.rt_timer_start.random_nr  timer.o
    0x100014c0        -       0x00000004   Zero   RW           69    .bss.timeout        i2c.o
    0x100014c4        -       0x00000004   Zero   RW          111    .bss.timer16_0_capture  timer16.o
    0x100014c8        -       0x00000004   Zero   RW          109    .bss.timer16_0_counter  timer16.o
    0x100014cc        -       0x00000004   Zero   RW          113    .bss.timer16_0_period  timer16.o
    0x100014d0        -       0x00000004   Zero   RW          112    .bss.timer16_1_capture  timer16.o
    0x100014d4        -       0x00000004   Zero   RW          110    .bss.timer16_1_counter  timer16.o
    0x100014d8        -       0x00000004   Zero   RW          114    .bss.timer16_1_period  timer16.o
    0x100014dc        -       0x00000004   Zero   RW          137    .bss.timer32_0_period  timer32.o
    0x100014e0        -       0x00000004   Zero   RW          140    .bss.timer32_1_period  timer32.o
    0x100014e4        -       0x00000004   Zero   RW          510    .bss.used_mem       mem.o
    0x100014e8        -       0x00000200   Zero   RW          263    STACK               startup_lpc11xx.o


==============================================================================

Image component sizes


      Code (inc. data)   RO Data    RW Data    ZI Data      Debug   Object Name

       148         28          0          0       2048       4655   board.o
        62          4          0          0          4       2552   clock.o
       152         20         21          0          0       3540   components.o
       216         32          0          0          0        836   context_rvds.o
       106          4          0          0         12       2119   cpuport.o
       392         88         16          0          0       5343   gpio.o
       508         44          0          0        152       7004   i2c.o
       146         24          0          0        376       2843   idle.o
       364          4          0          0          0      13215   ipc.o
        44          4          0          0          1       1127   irq.o
       116         12          0          0          1       3427   key.o
       430          8        256          0          0      27718   kservice.o
       254          0          0          0          0       1499   led.o
       386        100          0          0       2288       2369   main.o
       608         60          0          0         56       5135   mem.o
       482         20          0          0          0       3231   motor.o
       344          4          0         64          0       7712   object.o
      2856        104       1520          0          0      11405   oled.o
       544         44          0          0        275       4839   scheduler.o
        32         12        192          0        512        880   startup_lpc11xx.o
       216          8          0          4          0       2832   system_lpc11xx.o
       870         20          0          0          0      10520   thread.o
       544         26          0          0         12       7768   timer.o
       580         92          0          0         24       8592   timer16.o
       460         68          0          0          8       6317   timer32.o
       276         24          0          1          4       7418   uart.o

    ----------------------------------------------------------------------
     11152        854       2040         72       5788     154896   Object Totals
         0          0         32          0          0          0   (incl. Generated)
        16          0          3          3         15          0   (incl. Padding)

    ----------------------------------------------------------------------

      Code (inc. data)   RO Data    RW Data    ZI Data      Debug   Library Member Name

         0          0          0          0          0          0   entry.o
         0          0          0          0          0          0   entry10a.o
         0          0          0          0          0          0   entry11a.o
         8          4          0          0          0          0   entry2.o
         4          0          0          0          0          0   entry5.o
         0          0          0          0          0          0   entry7b.o
         0          0          0          0          0          0   entry8b.o
         8          4          0          0          0          0   entry9a.o
        30          0          0          0          0          0   handlers.o
        48         10          0          0          0         68   init.o
        36          0          0          0          0        100   memseta.o
        32          4          0          0          0         68   puts.o
         0          0          0          4          0          0   stdout.o
        62          0          0          0          0         72   uidiv_div0.o

    ----------------------------------------------------------------------
       232         22          0          4          0        308   Library Totals
         4          0          0          0          0          0   (incl. Padding)

    ----------------------------------------------------------------------

      Code (inc. data)   RO Data    RW Data    ZI Data      Debug   Library Name

       228         22          0          4          0        308   mc_p.l

    ----------------------------------------------------------------------
       232         22          0          4          0        308   Library Totals

    ----------------------------------------------------------------------

==============================================================================


      Code (inc. data)   RO Data    RW Data    ZI Data      Debug   

     11384        876       2040         76       5788     154800   Grand Totals
     11384        876       2040         76       5788     154800   ELF Image Totals
     11384        876       2040         76          0          0   ROM Totals

==============================================================================

    Total RO  Size (Code + RO Data)                13424 (  13.11kB)
    Total RW  Size (RW Data + ZI Data)              5864 (   5.73kB)
    Total ROM Size (Code + RO Data + RW Data)      13500 (  13.18kB)

==============================================================================

