Component: Arm Compiler for Embedded 6.21 Tool: armlink [5ec1fa00]

==============================================================================

Section Cross References

    main.o(.text.track_move_control) refers to fcmpgt.o(.text) for __aeabi_fcmpgt
    main.o(.text.track_move_control) refers to fcmpge.o(.text) for __aeabi_fcmpge
    main.o(.text.track_move_control) refers to pid.o(.text.pid_calculate) for pid_calculate
    main.o(.text.track_move_control) refers to fcmpeq.o(.text) for __aeabi_fcmpeq
    main.o(.text.track_move_control) refers to clock.o(.text.rt_tick_get) for rt_tick_get
    main.o(.text.track_move_control) refers to f2d.o(.text) for __aeabi_f2d
    main.o(.text.track_move_control) refers to dadd.o(.text) for __aeabi_dadd
    main.o(.text.track_move_control) refers to dfixi.o(.text) for __aeabi_d2iz
    main.o(.text.track_move_control) refers to fadd.o(.text) for __aeabi_fadd
    main.o(.text.track_move_control) refers to ffixi.o(.text) for __aeabi_f2iz
    main.o(.text.track_move_control) refers to motor.o(.text.left_motor) for left_motor
    main.o(.text.track_move_control) refers to motor.o(.text.right_motor) for right_motor
    main.o(.text.track_move_control) refers to track.o(.bss.track_status) for track_status
    main.o(.text.track_move_control) refers to main.o(.bss.move_flag) for move_flag
    main.o(.text.track_move_control) refers to main.o(.bss.track_pid) for track_pid
    main.o(.text.track_move_control) refers to main.o(.bss.current_state) for [Anonymous Symbol]
    main.o(.text.track_move_control) refers to main.o(.bss.left_speed) for left_speed
    main.o(.text.track_move_control) refers to main.o(.bss.right_speed) for right_speed
    main.o(.text.track_move_control) refers to main.o(.bss.turn_right_start_tick) for [Anonymous Symbol]
    main.o(.text.track_move_control) refers to track.o(.bss.track_state) for track_state
    main.o(.text.track_move_control) refers to main.o(.bss.park_frame_last_tick) for [Anonymous Symbol]
    main.o(.text.track_move_control) refers to main.o(.bss.park_frame_detect_cnt) for [Anonymous Symbol]
    main.o(.text.track_move_control) refers to main.o(.bss.park_frame_count) for [Anonymous Symbol]
    main.o(.text.track_move_control) refers to main.o(.bss.send_to_car4_flag) for [Anonymous Symbol]
    main.o(.text.track_move_control) refers to main.o(.bss.detect_start_tick) for [Anonymous Symbol]
    main.o(.text.track_move_control) refers to main.o(.bss.send_car4_ready_flag) for [Anonymous Symbol]
    main.o(.text.track_move_control) refers to key.o(.bss.key_flag) for key_flag
    main.o(.text.track_move_control) refers to main.o(.bss.recv_car2_flag) for [Anonymous Symbol]
    main.o(.text.track_move_control) refers to main.o(.bss.init_turn_right_start_tick) for [Anonymous Symbol]
    main.o(.text.track_move_control) refers to main.o(.bss.find_black_flag) for [Anonymous Symbol]
    main.o(.text.track_move_control) refers to main.o(.bss.forward_after_black_tick) for [Anonymous Symbol]
    main.o(.text.track_move_control) refers to main.o(.bss.car3_out_garage_flag) for [Anonymous Symbol]
    main.o(.ARM.exidx.text.track_move_control) refers to main.o(.text.track_move_control) for [Anonymous Symbol]
    main.o(.text.main) refers to led.o(.text.LED_Init) for LED_Init
    main.o(.text.main) refers to uart.o(.text.UARTInit) for UARTInit
    main.o(.text.main) refers to key.o(.text.KEY_IRQ_Init) for KEY_IRQ_Init
    main.o(.text.main) refers to track.o(.text.track_init) for track_init
    main.o(.text.main) refers to oled.o(.text.OLED_Init) for OLED_Init
    main.o(.text.main) refers to oled.o(.text.OLED_Clear) for OLED_Clear
    main.o(.text.main) refers to thread.o(.text.rt_thread_init) for rt_thread_init
    main.o(.text.main) refers to thread.o(.text.rt_thread_startup) for rt_thread_startup
    main.o(.text.main) refers to main.o(.bss.track_move_thread_stack) for [Anonymous Symbol]
    main.o(.text.main) refers to main.o(.bss.track_move_thread) for [Anonymous Symbol]
    main.o(.text.main) refers to main.o(.text.track_move_entry) for track_move_entry
    main.o(.text.main) refers to main.o(.bss.oled_display_thread_stack) for [Anonymous Symbol]
    main.o(.text.main) refers to main.o(.bss.oled_display_thread) for [Anonymous Symbol]
    main.o(.text.main) refers to main.o(.text.oled_display_entry) for oled_display_entry
    main.o(.text.main) refers to main.o(.bss.comm_thread_stack) for [Anonymous Symbol]
    main.o(.text.main) refers to main.o(.bss.comm_thread) for [Anonymous Symbol]
    main.o(.text.main) refers to main.o(.text.comm_thread_entry) for comm_thread_entry
    main.o(.ARM.exidx.text.main) refers to main.o(.text.main) for [Anonymous Symbol]
    main.o(.text.track_move_entry) refers to pid.o(.text.pid_init) for pid_init
    main.o(.text.track_move_entry) refers to motor.o(.text.motor_pwm_init) for motor_pwm_init
    main.o(.text.track_move_entry) refers to track.o(.text.track_check) for track_check
[...]
    __arm_cp.4_25                            0x000023cc   Number         4  main.o(.text.comm_thread_entry)
    __arm_cp.4_27                            0x000023e0   Number         4  main.o(.text.comm_thread_entry)
    __arm_cp.4_28                            0x000023e4   Number         4  main.o(.text.comm_thread_entry)
    [Anonymous Symbol]                       0x000023e8   Section        0  timer16.o(.text.enable_timer16)
    __arm_cp.3_1                             0x000023f8   Number         4  timer16.o(.text.enable_timer16)
    [Anonymous Symbol]                       0x000023fc   Section        0  timer32.o(.text.enable_timer32)
    [Anonymous Symbol]                       0x0000240c   Section        0  timer16.o(.text.init_timer16PWM)
    __arm_cp.7_0                             0x00002548   Number         4  timer16.o(.text.init_timer16PWM)
    __arm_cp.7_1                             0x0000254c   Number         4  timer16.o(.text.init_timer16PWM)
    __arm_cp.7_3                             0x00002550   Number         4  timer16.o(.text.init_timer16PWM)
    __arm_cp.7_4                             0x00002554   Number         4  timer16.o(.text.init_timer16PWM)
    __arm_cp.7_5                             0x00002558   Number         4  timer16.o(.text.init_timer16PWM)
    __arm_cp.7_6                             0x0000255c   Number         4  timer16.o(.text.init_timer16PWM)
    __arm_cp.7_7                             0x00002560   Number         4  timer16.o(.text.init_timer16PWM)
    [Anonymous Symbol]                       0x00002564   Section        0  timer32.o(.text.init_timer32PWM)
    __arm_cp.5_0                             0x00002690   Number         4  timer32.o(.text.init_timer32PWM)
    __arm_cp.5_1                             0x00002694   Number         4  timer32.o(.text.init_timer32PWM)
    __arm_cp.5_2                             0x00002698   Number         4  timer32.o(.text.init_timer32PWM)
    __arm_cp.5_3                             0x0000269c   Number         4  timer32.o(.text.init_timer32PWM)
    __arm_cp.5_4                             0x000026a0   Number         4  timer32.o(.text.init_timer32PWM)
    __arm_cp.5_5                             0x000026a4   Number         4  timer32.o(.text.init_timer32PWM)
    __arm_cp.5_6                             0x000026a8   Number         4  timer32.o(.text.init_timer32PWM)
    [Anonymous Symbol]                       0x000026ac   Section        0  motor.o(.text.left_motor)
    [Anonymous Symbol]                       0x00002744   Section        0  main.o(.text.main)
    __arm_cp.1_0                             0x000027cc   Number         4  main.o(.text.main)
    __arm_cp.1_1                             0x000027d0   Number         4  main.o(.text.main)
    __arm_cp.1_3                             0x000027e0   Number         4  main.o(.text.main)
    __arm_cp.1_4                             0x000027e4   Number         4  main.o(.text.main)
    __arm_cp.1_5                             0x000027e8   Number         4  main.o(.text.main)
    __arm_cp.1_7                             0x000027fc   Number         4  main.o(.text.main)
    __arm_cp.1_8                             0x00002800   Number         4  main.o(.text.main)
    __arm_cp.1_9                             0x00002804   Number         4  main.o(.text.main)
    __arm_cp.1_11                            0x00002814   Number         4  main.o(.text.main)
    [Anonymous Symbol]                       0x00002818   Section        0  components.o(.text.main_thread_entry)
    __arm_cp.8_0                             0x00002830   Number         4  components.o(.text.main_thread_entry)
    [Anonymous Symbol]                       0x00002834   Section        0  motor.o(.text.motor_pwm_init)
    __arm_cp.1_0                             0x00002914   Number         4  motor.o(.text.motor_pwm_init)
    __arm_cp.1_1                             0x00002918   Number         4  motor.o(.text.motor_pwm_init)
    __arm_cp.1_2                             0x0000291c   Number         4  motor.o(.text.motor_pwm_init)
    __arm_cp.1_3                             0x00002920   Number         4  motor.o(.text.motor_pwm_init)
    __arm_cp.1_4                             0x00002924   Number         4  motor.o(.text.motor_pwm_init)
    __arm_cp.1_5                             0x00002928   Number         4  motor.o(.text.motor_pwm_init)
    oled_display_entry                       0x0000292d   Thumb Code    92  main.o(.text.oled_display_entry)
    [Anonymous Symbol]                       0x0000292c   Section        0  main.o(.text.oled_display_entry)
    __arm_cp.3_3                             0x000029ac   Number         4  main.o(.text.oled_display_entry)
    __arm_cp.3_6                             0x000029ec   Number         4  main.o(.text.oled_display_entry)
    __arm_cp.3_7                             0x000029f0   Number         4  main.o(.text.oled_display_entry)
    [Anonymous Symbol]                       0x000029f4   Section        0  pid.o(.text.pid_calculate)
    __arm_cp.1_0                             0x00002a80   Number         4  pid.o(.text.pid_calculate)
    __arm_cp.1_1                             0x00002a84   Number         4  pid.o(.text.pid_calculate)
    __arm_cp.1_2                             0x00002a88   Number         4  pid.o(.text.pid_calculate)
    __arm_cp.1_3                             0x00002a8c   Number         4  pid.o(.text.pid_calculate)
    __arm_cp.1_4                             0x00002a90   Number         4  pid.o(.text.pid_calculate)
    __arm_cp.1_5                             0x00002a94   Number         4  pid.o(.text.pid_calculate)
    __arm_cp.1_6                             0x00002a98   Number         4  pid.o(.text.pid_calculate)
    [Anonymous Symbol]                       0x00002a9c   Section        0  pid.o(.text.pid_init)
    [Anonymous Symbol]                       0x00002aaa   Section        0  motor.o(.text.right_motor)
    [Anonymous Symbol]                       0x00002b40   Section        0  components.o(.text.rt_components_board_init)
    __arm_cp.4_0                             0x00002b54   Number         4  components.o(.text.rt_components_board_init)
    __arm_cp.4_1                             0x00002b58   Number         4  components.o(.text.rt_components_board_init)
    [Anonymous Symbol]                       0x00002b5c   Section        0  scheduler.o(.text.rt_enter_critical)
    [Anonymous Symbol]                       0x00002b70   Section        0  scheduler.o(.text.rt_exit_critical)
    __arm_cp.6_0                             0x00002ba0   Number         4  scheduler.o(.text.rt_exit_critical)
    __arm_cp.6_1                             0x00002ba4   Number         4  scheduler.o(.text.rt_exit_critical)
    [Anonymous Symbol]                       0x00002ba8   Section        0  mem.o(.text.rt_free)
    [Anonymous Symbol]                       0x00002c58   Section        0  board.o(.text.rt_heap_end_get)
    __arm_cp.1_0                             0x00002c64   Number         4  board.o(.text.rt_heap_end_get)
    [Anonymous Symbol]                       0x00002c68   Section        0  board.o(.text.rt_hw_board_init)
    __arm_cp.4_0                             0x00002cc0   Number         4  board.o(.text.rt_hw_board_init)
    __arm_cp.4_1                             0x00002cc4   Number         4  board.o(.text.rt_hw_board_init)
    __arm_cp.4_2                             0x00002cc8   Number         4  board.o(.text.rt_hw_board_init)
    __arm_cp.4_3                             0x00002ccc   Number         4  board.o(.text.rt_hw_board_init)
    __arm_cp.4_4                             0x00002cd0   Number         4  board.o(.text.rt_hw_board_init)
    __arm_cp.4_5                             0x00002cd4   Number         4  board.o(.text.rt_hw_board_init)
    [Anonymous Symbol]                       0x00002cd8   Section        0  cpuport.o(.text.rt_hw_hard_fault_exception)
    [Anonymous Symbol]                       0x00002cdc   Section        0  cpuport.o(.text.rt_hw_stack_init)
    __arm_cp.0_0                             0x00002d40   Number         4  cpuport.o(.text.rt_hw_stack_init)
    [Anonymous Symbol]                       0x00002d44   Section        0  irq.o(.text.rt_interrupt_enter)
    [Anonymous Symbol]                       0x00002d58   Section        0  irq.o(.text.rt_interrupt_leave)
    __arm_cp.1_0                             0x00002d6c   Number         4  irq.o(.text.rt_interrupt_leave)
    [Anonymous Symbol]                       0x00002d70   Section        0  mem.o(.text.rt_malloc)
    __arm_cp.1_0                             0x00002e8c   Number         4  mem.o(.text.rt_malloc)
    __arm_cp.1_1                             0x00002e90   Number         4  mem.o(.text.rt_malloc)
    __arm_cp.1_2                             0x00002e94   Number         4  mem.o(.text.rt_malloc)
    __arm_cp.1_3                             0x00002e98   Number         4  mem.o(.text.rt_malloc)
    __arm_cp.1_4                             0x00002e9c   Number         4  mem.o(.text.rt_malloc)
    __arm_cp.1_5                             0x00002ea0   Number         4  mem.o(.text.rt_malloc)
    __arm_cp.1_6                             0x00002ea4   Number         4  mem.o(.text.rt_malloc)
    [Anonymous Symbol]                       0x00002ea8   Section        0  kservice.o(.text.rt_memset)
    __arm_cp.3_0                             0x00002f8c   Number         4  kservice.o(.text.rt_memset)
    [Anonymous Symbol]                       0x00002f90   Section        0  object.o(.text.rt_object_allocate)
    [Anonymous Symbol]                       0x0000300c   Section        0  object.o(.text.rt_object_delete)
    [Anonymous Symbol]                       0x00003036   Section        0  object.o(.text.rt_object_detach)
    [Anonymous Symbol]                       0x0000305c   Section        0  object.o(.text.rt_object_init)
    __arm_cp.4_0                             0x000030e0   Number         4  object.o(.text.rt_object_init)
    [Anonymous Symbol]                       0x000030e4   Section        0  object.o(.text.rt_object_is_systemobject)
    [Anonymous Symbol]                       0x000030ec   Section        0  scheduler.o(.text.rt_schedule)
    __arm_cp.2_0                             0x00003140   Number         4  scheduler.o(.text.rt_schedule)
    __arm_cp.2_3                             0x00003144   Number         4  scheduler.o(.text.rt_schedule)
    __arm_cp.2_5                             0x00003148   Number         4  scheduler.o(.text.rt_schedule)
    [Anonymous Symbol]                       0x0000314c   Section        0  scheduler.o(.text.rt_schedule_insert_thread)
    [Anonymous Symbol]                       0x0000318c   Section        0  scheduler.o(.text.rt_schedule_remove_thread)
    __arm_cp.4_0                             0x000031cc   Number         4  scheduler.o(.text.rt_schedule_remove_thread)
    __arm_cp.4_1                             0x000031d0   Number         4  scheduler.o(.text.rt_schedule_remove_thread)
    [Anonymous Symbol]                       0x000031d4   Section        0  ipc.o(.text.rt_sem_init)
    [Anonymous Symbol]                       0x000031f4   Section        0  ipc.o(.text.rt_sem_release)
    __arm_cp.6_0                             0x00003240   Number         4  ipc.o(.text.rt_sem_release)
    [Anonymous Symbol]                       0x00003244   Section        0  ipc.o(.text.rt_sem_take)
    [Anonymous Symbol]                       0x00003340   Section        0  kservice.o(.text.rt_show_version)
    [Anonymous Symbol]                       0x00003342   Section        0  kservice.o(.text.rt_strncpy)
    [Anonymous Symbol]                       0x000033cc   Section        0  mem.o(.text.rt_system_heap_init)
    __arm_cp.0_0                             0x00003424   Number         4  mem.o(.text.rt_system_heap_init)
    __arm_cp.0_1                             0x00003428   Number         4  mem.o(.text.rt_system_heap_init)
    __arm_cp.0_2                             0x0000342c   Number         4  mem.o(.text.rt_system_heap_init)
    __arm_cp.0_3                             0x00003430   Number         4  mem.o(.text.rt_system_heap_init)
    __arm_cp.0_4                             0x00003434   Number         4  mem.o(.text.rt_system_heap_init)
    __arm_cp.0_6                             0x00003440   Number         4  mem.o(.text.rt_system_heap_init)
    [Anonymous Symbol]                       0x00003444   Section        0  scheduler.o(.text.rt_system_scheduler_init)
    __arm_cp.0_0                             0x000034fc   Number         4  scheduler.o(.text.rt_system_scheduler_init)
    __arm_cp.0_3                             0x00003500   Number         4  scheduler.o(.text.rt_system_scheduler_init)
    [Anonymous Symbol]                       0x00003504   Section        0  scheduler.o(.text.rt_system_scheduler_start)
    __arm_cp.1_0                             0x00003528   Number         4  scheduler.o(.text.rt_system_scheduler_start)
    __arm_cp.1_1                             0x0000352c   Number         4  scheduler.o(.text.rt_system_scheduler_start)
    [Anonymous Symbol]                       0x00003530   Section        0  timer.o(.text.rt_system_timer_init)
    __arm_cp.9_0                             0x00003538   Number         4  timer.o(.text.rt_system_timer_init)
    [Anonymous Symbol]                       0x0000353c   Section        0  timer.o(.text.rt_system_timer_thread_init)
    [Anonymous Symbol]                       0x00003540   Section        0  thread.o(.text.rt_thread_create)
    [Anonymous Symbol]                       0x000035d8   Section        0  thread.o(.text.rt_thread_exit)
    rt_thread_idle_entry                     0x0000363d   Thumb Code     6  idle.o(.text.rt_thread_idle_entry)
    [Anonymous Symbol]                       0x0000363c   Section        0  idle.o(.text.rt_thread_idle_entry)
    [Anonymous Symbol]                       0x00003644   Section        0  idle.o(.text.rt_thread_idle_excute)
    __arm_cp.0_0                             0x00003688   Number         4  idle.o(.text.rt_thread_idle_excute)
    [Anonymous Symbol]                       0x0000368c   Section        0  idle.o(.text.rt_thread_idle_init)
    __arm_cp.1_0                             0x000036bc   Number         4  idle.o(.text.rt_thread_idle_init)
    __arm_cp.1_1                             0x000036c0   Number         4  idle.o(.text.rt_thread_idle_init)
    __arm_cp.1_3                             0x000036cc   Number         4  idle.o(.text.rt_thread_idle_init)
    [Anonymous Symbol]                       0x000036d0   Section        0  thread.o(.text.rt_thread_init)
    __arm_cp.1_0                             0x00003744   Number         4  thread.o(.text.rt_thread_init)
    __arm_cp.1_1                             0x00003748   Number         4  thread.o(.text.rt_thread_init)
    [Anonymous Symbol]                       0x0000374c   Section        0  thread.o(.text.rt_thread_mdelay)
    [Anonymous Symbol]                       0x0000375a   Section        0  thread.o(.text.rt_thread_resume)
    [Anonymous Symbol]                       0x000037a0   Section        0  thread.o(.text.rt_thread_self)
    [Anonymous Symbol]                       0x000037a8   Section        0  thread.o(.text.rt_thread_sleep)
    [Anonymous Symbol]                       0x0000381c   Section        0  thread.o(.text.rt_thread_startup)
    __arm_cp.3_0                             0x00003870   Number         4  thread.o(.text.rt_thread_startup)
    [Anonymous Symbol]                       0x00003874   Section        0  thread.o(.text.rt_thread_suspend)
    [Anonymous Symbol]                       0x000038ba   Section        0  thread.o(.text.rt_thread_timeout)
    [Anonymous Symbol]                       0x000038e0   Section        0  thread.o(.text.rt_thread_yield)
    __arm_cp.8_0                             0x00003934   Number         4  thread.o(.text.rt_thread_yield)
    __arm_cp.8_1                             0x00003938   Number         4  thread.o(.text.rt_thread_yield)
    [Anonymous Symbol]                       0x0000393c   Section        0  clock.o(.text.rt_tick_from_millisecond)
    [Anonymous Symbol]                       0x00003944   Section        0  clock.o(.text.rt_tick_get)
    [Anonymous Symbol]                       0x0000394c   Section        0  clock.o(.text.rt_tick_increase)
    __arm_cp.3_0                             0x00003978   Number         4  clock.o(.text.rt_tick_increase)
    [Anonymous Symbol]                       0x0000397c   Section        0  timer.o(.text.rt_timer_check)
    __arm_cp.7_1                             0x00003a10   Number         4  timer.o(.text.rt_timer_check)
    [Anonymous Symbol]                       0x00003a14   Section        0  timer.o(.text.rt_timer_control)
    [Anonymous Symbol]                       0x00003a66   Section        0  timer.o(.text.rt_timer_detach)
    [Anonymous Symbol]                       0x00003a96   Section        0  timer.o(.text.rt_timer_init)
    [Anonymous Symbol]                       0x00003ac4   Section        0  timer.o(.text.rt_timer_start)
    __arm_cp.4_0                             0x00003b4c   Number         4  timer.o(.text.rt_timer_start)
    __arm_cp.4_1                             0x00003b50   Number         4  timer.o(.text.rt_timer_start)
    __arm_cp.4_2                             0x00003b54   Number         4  timer.o(.text.rt_timer_start)
    [Anonymous Symbol]                       0x00003b58   Section        0  timer.o(.text.rt_timer_stop)
    rti_board_end                            0x00003b8f   Thumb Code     4  components.o(.text.rti_board_end)
    [Anonymous Symbol]                       0x00003b8e   Section        0  components.o(.text.rti_board_end)
    rti_board_start                          0x00003b93   Thumb Code     4  components.o(.text.rti_board_start)
    [Anonymous Symbol]                       0x00003b92   Section        0  components.o(.text.rti_board_start)
    rti_end                                  0x00003b97   Thumb Code     4  components.o(.text.rti_end)
    [Anonymous Symbol]                       0x00003b96   Section        0  components.o(.text.rti_end)
    rti_start                                0x00003b9b   Thumb Code     4  components.o(.text.rti_start)
    [Anonymous Symbol]                       0x00003b9a   Section        0  components.o(.text.rti_start)
    [Anonymous Symbol]                       0x00003ba0   Section        0  timer16.o(.text.setMatch_timer16PWM)
    __arm_cp.8_0                             0x00003c0c   Number         4  timer16.o(.text.setMatch_timer16PWM)
    __arm_cp.8_1                             0x00003c10   Number         4  timer16.o(.text.setMatch_timer16PWM)
    [Anonymous Symbol]                       0x00003c14   Section        0  timer32.o(.text.setMatch_timer32PWM)
    __arm_cp.6_0                             0x00003c80   Number         4  timer32.o(.text.setMatch_timer32PWM)
    __arm_cp.6_1                             0x00003c84   Number         4  timer32.o(.text.setMatch_timer32PWM)
    [Anonymous Symbol]                       0x00003c88   Section        0  track.o(.text.track_check)
    __arm_cp.1_0                             0x00003e20   Number         4  track.o(.text.track_check)
    __arm_cp.1_1                             0x00003e24   Number         4  track.o(.text.track_check)
    __arm_cp.1_2                             0x00003e28   Number         4  track.o(.text.track_check)
    __arm_cp.1_3                             0x00003e2c   Number         4  track.o(.text.track_check)
    __arm_cp.1_4                             0x00003e30   Number         4  track.o(.text.track_check)
    __arm_cp.1_5                             0x00003e34   Number         4  track.o(.text.track_check)
    __arm_cp.1_6                             0x00003e38   Number         4  track.o(.text.track_check)
    __arm_cp.1_7                             0x00003e3c   Number         4  track.o(.text.track_check)
    __arm_cp.1_8                             0x00003e40   Number         4  track.o(.text.track_check)
    __arm_cp.1_9                             0x00003e44   Number         4  track.o(.text.track_check)
    __arm_cp.1_10                            0x00003e48   Number         4  track.o(.text.track_check)
    __arm_cp.1_11                            0x00003e4c   Number         4  track.o(.text.track_check)
    __arm_cp.1_12                            0x00003e50   Number         4  track.o(.text.track_check)
    __arm_cp.1_13                            0x00003e54   Number         4  track.o(.text.track_check)
    __arm_cp.1_14                            0x00003e58   Number         4  track.o(.text.track_check)
    __arm_cp.1_15                            0x00003e5c   Number         4  track.o(.text.track_check)
    __arm_cp.1_16                            0x00003e60   Number         4  track.o(.text.track_check)
    [Anonymous Symbol]                       0x00003e64   Section        0  track.o(.text.track_init)
    __arm_cp.0_0                             0x00003ec0   Number         4  track.o(.text.track_init)
    [Anonymous Symbol]                       0x00003ec4   Section        0  main.o(.text.track_move_control)
    __arm_cp.0_0                             0x000041a4   Number         4  main.o(.text.track_move_control)
    __arm_cp.0_1                             0x000041a8   Number         4  main.o(.text.track_move_control)
    __arm_cp.0_2                             0x000041ac   Number         4  main.o(.text.track_move_control)
    __arm_cp.0_3                             0x000041b0   Number         4  main.o(.text.track_move_control)
    __arm_cp.0_5                             0x000041b4   Number         4  main.o(.text.track_move_control)
    __arm_cp.0_6                             0x000041b8   Number         4  main.o(.text.track_move_control)
    __arm_cp.0_7                             0x000041bc   Number         4  main.o(.text.track_move_control)
    __arm_cp.0_8                             0x000041c0   Number         4  main.o(.text.track_move_control)
    __arm_cp.0_9                             0x000041c4   Number         4  main.o(.text.track_move_control)
    __arm_cp.0_10                            0x000041c8   Number         4  main.o(.text.track_move_control)
    __arm_cp.0_11                            0x000041cc   Number         4  main.o(.text.track_move_control)
    __arm_cp.0_12                            0x000041d0   Number         4  main.o(.text.track_move_control)
    __arm_cp.0_13                            0x000041d4   Number         4  main.o(.text.track_move_control)
    __arm_cp.0_14                            0x000041d8   Number         4  main.o(.text.track_move_control)
    __arm_cp.0_15                            0x000041dc   Number         4  main.o(.text.track_move_control)
    __arm_cp.0_16                            0x000041e0   Number         4  main.o(.text.track_move_control)
    __arm_cp.0_17                            0x000041e4   Number         4  main.o(.text.track_move_control)
    __arm_cp.0_18                            0x000041e8   Number         4  main.o(.text.track_move_control)
    __arm_cp.0_19                            0x000041ec   Number         4  main.o(.text.track_move_control)
    __arm_cp.0_20                            0x000041f0   Number         4  main.o(.text.track_move_control)
    __arm_cp.0_21                            0x000041f4   Number         4  main.o(.text.track_move_control)
    __arm_cp.0_22                            0x000041f8   Number         4  main.o(.text.track_move_control)
    __arm_cp.0_23                            0x000041fc   Number         4  main.o(.text.track_move_control)
    __arm_cp.0_24                            0x00004200   Number         4  main.o(.text.track_move_control)
    __arm_cp.0_25                            0x00004204   Number         4  main.o(.text.track_move_control)
    __arm_cp.0_26                            0x00004208   Number         4  main.o(.text.track_move_control)
    track_move_entry                         0x0000420d   Thumb Code    28  main.o(.text.track_move_entry)
    [Anonymous Symbol]                       0x0000420c   Section        0  main.o(.text.track_move_entry)
    __arm_cp.2_0                             0x00004228   Number         4  main.o(.text.track_move_entry)
    i.__ARM_clz                              0x0000422c   Section        0  depilogue.o(i.__ARM_clz)
    i.__scatterload_copy                     0x0000425a   Section       14  handlers.o(i.__scatterload_copy)
    i.__scatterload_null                     0x00004268   Section        2  handlers.o(i.__scatterload_null)
    i.__scatterload_zeroinit                 0x0000426a   Section       14  handlers.o(i.__scatterload_zeroinit)
    LPC_GPIO                                 0x00004968   Data          16  gpio.o(.rodata.cst16)
    [Anonymous Symbol]                       0x00004968   Section        0  gpio.o(.rodata.cst16)
    [Anonymous Symbol]                       0x00004978   Section        0  main.o(.rodata.str1.1)
    [Anonymous Symbol]                       0x00004a03   Section        0  components.o(.rodata.str1.1)
    __tagsym$$used.0                         0x00004a08   Number         0  components.o(.rti_fn.0)
    __tagsym$$used.1                         0x00004a0c   Number         0  components.o(.rti_fn.0.end)
    __tagsym$$used.2                         0x00004a10   Number         0  components.o(.rti_fn.1.end)
    __tagsym$$used.3                         0x00004a14   Number         0  components.o(.rti_fn.6.end)
    rt_object_container                      0x10000014   Data          64  object.o(.data.rt_object_container)
    [Anonymous Symbol]                       0x10000014   Section        0  object.o(.data.rt_object_container)
    car3_out_garage_flag                     0x10000100   Data           1  main.o(.bss.car3_out_garage_flag)
    [Anonymous Symbol]                       0x10000100   Section        0  main.o(.bss.car3_out_garage_flag)
    comm_thread                              0x10000104   Data         120  main.o(.bss.comm_thread)
    [Anonymous Symbol]                       0x10000104   Section        0  main.o(.bss.comm_thread)
    comm_thread_stack                        0x1000017c   Data        1024  main.o(.bss.comm_thread_stack)
    [Anonymous Symbol]                       0x1000017c   Section        0  main.o(.bss.comm_thread_stack)
    current_state                            0x1000057c   Data           1  main.o(.bss.current_state)
    [Anonymous Symbol]                       0x1000057c   Section        0  main.o(.bss.current_state)
    detect_start_tick                        0x10000580   Data           4  main.o(.bss.detect_start_tick)
    [Anonymous Symbol]                       0x10000580   Section        0  main.o(.bss.detect_start_tick)
    find_black_flag                          0x10000584   Data           1  main.o(.bss.find_black_flag)
    [Anonymous Symbol]                       0x10000584   Section        0  main.o(.bss.find_black_flag)
    forward_after_black_tick                 0x10000588   Data           4  main.o(.bss.forward_after_black_tick)
    [Anonymous Symbol]                       0x10000588   Section        0  main.o(.bss.forward_after_black_tick)
    heap_end                                 0x1000058c   Data           4  mem.o(.bss.heap_end)
    [Anonymous Symbol]                       0x1000058c   Section        0  mem.o(.bss.heap_end)
    heap_ptr                                 0x10000590   Data           4  mem.o(.bss.heap_ptr)
    [Anonymous Symbol]                       0x10000590   Section        0  mem.o(.bss.heap_ptr)
    heap_sem                                 0x10000594   Data          32  mem.o(.bss.heap_sem)
    [Anonymous Symbol]                       0x10000594   Section        0  mem.o(.bss.heap_sem)
    idle                                     0x100005b4   Data         120  idle.o(.bss.idle)
    [Anonymous Symbol]                       0x100005b4   Section        0  idle.o(.bss.idle)
    init_turn_right_start_tick               0x1000062c   Data           4  main.o(.bss.init_turn_right_start_tick)
    [Anonymous Symbol]                       0x1000062c   Section        0  main.o(.bss.init_turn_right_start_tick)
    lfree                                    0x10000638   Data           4  mem.o(.bss.lfree)
    [Anonymous Symbol]                       0x10000638   Section        0  mem.o(.bss.lfree)
    max_mem                                  0x1000063c   Data           4  mem.o(.bss.max_mem)
    [Anonymous Symbol]                       0x1000063c   Section        0  mem.o(.bss.max_mem)
    mem_size_aligned                         0x10000640   Data           4  mem.o(.bss.mem_size_aligned)
    [Anonymous Symbol]                       0x10000640   Section        0  mem.o(.bss.mem_size_aligned)
    oled_display_thread                      0x10000648   Data         120  main.o(.bss.oled_display_thread)
    [Anonymous Symbol]                       0x10000648   Section        0  main.o(.bss.oled_display_thread)
    oled_display_thread_stack                0x100006c0   Data        1024  main.o(.bss.oled_display_thread_stack)
    [Anonymous Symbol]                       0x100006c0   Section        0  main.o(.bss.oled_display_thread_stack)
    oled_msg_line4                           0x10000ac0   Data          16  main.o(.bss.oled_msg_line4)
    [Anonymous Symbol]                       0x10000ac0   Section        0  main.o(.bss.oled_msg_line4)
    oled_update_flag                         0x10000ad0   Data           1  main.o(.bss.oled_update_flag)
    [Anonymous Symbol]                       0x10000ad0   Section        0  main.o(.bss.oled_update_flag)
    park_frame_count                         0x10000ad1   Data           1  main.o(.bss.park_frame_count)
    [Anonymous Symbol]                       0x10000ad1   Section        0  main.o(.bss.park_frame_count)
    park_frame_detect_cnt                    0x10000ad2   Data           1  main.o(.bss.park_frame_detect_cnt)
    [Anonymous Symbol]                       0x10000ad2   Section        0  main.o(.bss.park_frame_detect_cnt)
    park_frame_last_tick                     0x10000ad4   Data           4  main.o(.bss.park_frame_last_tick)
    [Anonymous Symbol]                       0x10000ad4   Section        0  main.o(.bss.park_frame_last_tick)
    recv_car2_flag                           0x10000ad8   Data           1  main.o(.bss.recv_car2_flag)
    [Anonymous Symbol]                       0x10000ad8   Section        0  main.o(.bss.recv_car2_flag)
    recv_car2_ready_flag                     0x10000ad9   Data           1  main.o(.bss.recv_car2_ready_flag)
    [Anonymous Symbol]                       0x10000ad9   Section        0  main.o(.bss.recv_car2_ready_flag)
    rt_heap                                  0x10000ae8   Data        2048  board.o(.bss.rt_heap)
    [Anonymous Symbol]                       0x10000ae8   Section        0  board.o(.bss.rt_heap)
    rt_scheduler_lock_nest                   0x100012f4   Data           2  scheduler.o(.bss.rt_scheduler_lock_nest)
    [Anonymous Symbol]                       0x100012f4   Section        0  scheduler.o(.bss.rt_scheduler_lock_nest)
    rt_thread_stack                          0x10001404   Data         256  idle.o(.bss.rt_thread_stack)
    [Anonymous Symbol]                       0x10001404   Section        0  idle.o(.bss.rt_thread_stack)
    rt_tick                                  0x10001508   Data           4  clock.o(.bss.rt_tick)
    [Anonymous Symbol]                       0x10001508   Section        0  clock.o(.bss.rt_tick)
    rt_timer_list                            0x1000150c   Data           8  timer.o(.bss.rt_timer_list)
    [Anonymous Symbol]                       0x1000150c   Section        0  timer.o(.bss.rt_timer_list)
    rt_timer_start.random_nr                 0x10001514   Data           4  timer.o(.bss.rt_timer_start.random_nr)
    [Anonymous Symbol]                       0x10001514   Section        0  timer.o(.bss.rt_timer_start.random_nr)
    send_car4_ready_flag                     0x10001518   Data           1  main.o(.bss.send_car4_ready_flag)
    [Anonymous Symbol]                       0x10001518   Section        0  main.o(.bss.send_car4_ready_flag)
    send_to_car4_flag                        0x10001519   Data           1  main.o(.bss.send_to_car4_flag)
    [Anonymous Symbol]                       0x10001519   Section        0  main.o(.bss.send_to_car4_flag)
    track_move_thread                        0x10001540   Data         120  main.o(.bss.track_move_thread)
    [Anonymous Symbol]                       0x10001540   Section        0  main.o(.bss.track_move_thread)
    track_move_thread_stack                  0x100015b8   Data        1024  main.o(.bss.track_move_thread_stack)
    [Anonymous Symbol]                       0x100015b8   Section        0  main.o(.bss.track_move_thread_stack)
    turn_right_start_tick                    0x10001a28   Data           4  main.o(.bss.turn_right_start_tick)
    [Anonymous Symbol]                       0x10001a28   Section        0  main.o(.bss.turn_right_start_tick)
    used_mem                                 0x10001a2c   Data           4  mem.o(.bss.used_mem)
    [Anonymous Symbol]                       0x10001a2c   Section        0  mem.o(.bss.used_mem)
    STACK                                    0x10001a30   Section      512  startup_lpc11xx.o(STACK)

    Global Symbols

    Symbol Name                              Value     Ov Type        Size  Object(Section)

    BuildAttributes$$THM_ISAv3M$S$PE$A:L22$X:L11$S22$IEEE1$IW$~IW$USESV6$~STKCKD$USESV7$~SHL$OTIME$ROPI$EBA8$MICROLIB$REQ8$PRES8$EABIv2 0x00000000   Number         0  anon$$obj.o ABSOLUTE
    __Vectors                                0x00000000   Data           4  startup_lpc11xx.o(RESET)
    __cpp_initialize__aeabi_                  - Undefined Weak Reference
    __cxa_finalize                            - Undefined Weak Reference
    __decompress                              - Undefined Weak Reference
    _clock_init                               - Undefined Weak Reference
    _microlib_exit                            - Undefined Weak Reference
    __main                                   0x000000c1   Thumb Code     0  entry.o(.ARM.Collect$$$$00000000)
    _main_stk                                0x000000c1   Thumb Code     0  entry2.o(.ARM.Collect$$$$00000001)
    _main_scatterload                        0x000000c5   Thumb Code     0  entry5.o(.ARM.Collect$$$$00000004)
    __main_after_scatterload                 0x000000c9   Thumb Code     0  entry5.o(.ARM.Collect$$$$00000004)
    _main_clock                              0x000000c9   Thumb Code     0  entry7b.o(.ARM.Collect$$$$00000008)
    _main_cpp_init                           0x000000c9   Thumb Code     0  entry8b.o(.ARM.Collect$$$$0000000A)
    _main_init                               0x000000c9   Thumb Code     0  entry9a.o(.ARM.Collect$$$$0000000B)
    __rt_final_cpp                           0x000000d1   Thumb Code     0  entry10a.o(.ARM.Collect$$$$0000000D)
    __rt_final_exit                          0x000000d1   Thumb Code     0  entry11a.o(.ARM.Collect$$$$0000000F)
    Reset_Handler                            0x000000d5   Thumb Code     8  startup_lpc11xx.o(.text)
    NMI_Handler                              0x000000dd   Thumb Code     2  startup_lpc11xx.o(.text)
    SVC_Handler                              0x000000e1   Thumb Code     2  startup_lpc11xx.o(.text)
    ADC_IRQHandler                           0x000000e7   Thumb Code     0  startup_lpc11xx.o(.text)
    BOD_IRQHandler                           0x000000e7   Thumb Code     0  startup_lpc11xx.o(.text)
    CAN_IRQHandler                           0x000000e7   Thumb Code     0  startup_lpc11xx.o(.text)
    FMC_IRQHandler                           0x000000e7   Thumb Code     0  startup_lpc11xx.o(.text)
    PIOINT0_IRQHandler                       0x000000e7   Thumb Code     0  startup_lpc11xx.o(.text)
    PIOINT2_IRQHandler                       0x000000e7   Thumb Code     0  startup_lpc11xx.o(.text)
    PIOINT3_IRQHandler                       0x000000e7   Thumb Code     0  startup_lpc11xx.o(.text)
    SSP0_IRQHandler                          0x000000e7   Thumb Code     0  startup_lpc11xx.o(.text)
    SSP1_IRQHandler                          0x000000e7   Thumb Code     0  startup_lpc11xx.o(.text)
    TIMER32_0_IRQHandler                     0x000000e7   Thumb Code     0  startup_lpc11xx.o(.text)
    TIMER32_1_IRQHandler                     0x000000e7   Thumb Code     0  startup_lpc11xx.o(.text)
    UART_IRQHandler                          0x000000e7   Thumb Code     0  startup_lpc11xx.o(.text)
    USB_FIQHandler                           0x000000e7   Thumb Code     0  startup_lpc11xx.o(.text)
    USB_IRQHandler                           0x000000e7   Thumb Code     0  startup_lpc11xx.o(.text)
    WAKEUP_IRQHandler                        0x000000e7   Thumb Code     0  startup_lpc11xx.o(.text)
    WDT_IRQHandler                           0x000000e7   Thumb Code     0  startup_lpc11xx.o(.text)
    rt_hw_interrupt_disable                  0x000000f1   Thumb Code     8  context_rvds.o(.text)
    rt_hw_interrupt_enable                   0x000000f9   Thumb Code     6  context_rvds.o(.text)
    rt_hw_context_switch                     0x000000ff   Thumb Code    28  context_rvds.o(.text)
    rt_hw_context_switch_interrupt           0x000000ff   Thumb Code     0  context_rvds.o(.text)
    PendSV_Handler                           0x0000011b   Thumb Code    84  context_rvds.o(.text)
    rt_hw_context_switch_to                  0x0000016f   Thumb Code    44  context_rvds.o(.text)
    rt_hw_interrupt_thread_switch            0x0000019b   Thumb Code     2  context_rvds.o(.text)
    HardFault_Handler                        0x0000019d   Thumb Code    12  context_rvds.o(.text)
    __aeabi_memset                           0x000001c9   Thumb Code    14  memseta.o(.text)
    __aeabi_memset4                          0x000001c9   Thumb Code     0  memseta.o(.text)
    __aeabi_memset8                          0x000001c9   Thumb Code     0  memseta.o(.text)
    __aeabi_memclr                           0x000001d7   Thumb Code     4  memseta.o(.text)
    __aeabi_memclr4                          0x000001d7   Thumb Code     0  memseta.o(.text)
    __aeabi_memclr8                          0x000001d7   Thumb Code     0  memseta.o(.text)
    _memset$wrapper                          0x000001db   Thumb Code    18  memseta.o(.text)
    __aeabi_fadd                             0x000001ed   Thumb Code   162  fadd.o(.text)
    __aeabi_fsub                             0x0000028f   Thumb Code     8  fadd.o(.text)
    __aeabi_frsub                            0x00000297   Thumb Code     8  fadd.o(.text)
    __aeabi_fcmpge                           0x0000029f   Thumb Code    28  fcmpge.o(.text)
    __aeabi_fcmpgt                           0x000002bb   Thumb Code    28  fcmpgt.o(.text)
    __aeabi_fcmpeq                           0x000002d7   Thumb Code    28  fcmpeq.o(.text)
    __I$use$fp                               0x000002f3   Thumb Code     0  iusefp.o(.text)
    rt_heap_begin_get                        0x000002f5   Thumb Code     4  board.o(.text.rt_heap_begin_get)
    __aeabi_fmul                             0x00000301   Thumb Code   122  fmul.o(.text)
    __aeabi_dadd                             0x0000037d   Thumb Code   328  dadd.o(.text)
    __aeabi_dsub                             0x000004c5   Thumb Code    12  dadd.o(.text)
    __aeabi_drsub                            0x000004d1   Thumb Code    12  dadd.o(.text)
    __aeabi_f2iz                             0x000004e1   Thumb Code    50  ffixi.o(.text)
    __aeabi_d2iz                             0x00000515   Thumb Code    62  dfixi.o(.text)
    __aeabi_f2d                              0x0000055d   Thumb Code    40  f2d.o(.text)
    __aeabi_uidiv                            0x00000585   Thumb Code     0  uidiv_div0.o(.text)
    __aeabi_uidivmod                         0x00000585   Thumb Code    62  uidiv_div0.o(.text)
    __aeabi_llsl                             0x000005c3   Thumb Code    32  llshl.o(.text)
    _ll_shift_l                              0x000005c3   Thumb Code     0  llshl.o(.text)
    __aeabi_llsr                             0x000005e3   Thumb Code    34  llushr.o(.text)
    _ll_ushift_r                             0x000005e3   Thumb Code     0  llushr.o(.text)
    __aeabi_lasr                             0x00000605   Thumb Code    38  llsshr.o(.text)
    _ll_sshift_r                             0x00000605   Thumb Code     0  llsshr.o(.text)
    _float_round                             0x0000062b   Thumb Code    16  fepilogue.o(.text)
    _float_epilogue                          0x0000063b   Thumb Code   114  fepilogue.o(.text)
    _double_round                            0x000006ad   Thumb Code    26  depilogue.o(.text)
    _double_epilogue                         0x000006c7   Thumb Code   164  depilogue.o(.text)
    __scatterload                            0x0000076d   Thumb Code    38  init.o(.text)
    __scatterload_rt2                        0x0000076d   Thumb Code     0  init.o(.text)
    main                                     0x0000079d   Thumb Code    72  components.o(.text.$Sub$$main)
    GPIOGetValue                             0x000007ed   Thumb Code    44  gpio.o(.text.GPIOGetValue)
    GPIOInit                                 0x00000829   Thumb Code    12  gpio.o(.text.GPIOInit)
    GPIOIntClear                             0x00000839   Thumb Code    44  gpio.o(.text.GPIOIntClear)
    GPIOIntEnable                            0x00000875   Thumb Code    44  gpio.o(.text.GPIOIntEnable)
    GPIOIntStatus                            0x000008b1   Thumb Code    44  gpio.o(.text.GPIOIntStatus)
    GPIOSetDir                               0x000008ed   Thumb Code    40  gpio.o(.text.GPIOSetDir)
    GPIOSetInterrupt                         0x00000915   Thumb Code   116  gpio.o(.text.GPIOSetInterrupt)
    GPIOSetValue                             0x00000999   Thumb Code    20  gpio.o(.text.GPIOSetValue)
    I2CEngine                                0x000009b1   Thumb Code   120  i2c.o(.text.I2CEngine)
    I2CInit                                  0x00000a2d   Thumb Code    88  i2c.o(.text.I2CInit)
    I2C_IRQHandler                           0x00000a8d   Thumb Code   268  i2c.o(.text.I2C_IRQHandler)
    KEY_IRQ_Init                             0x00000bb9   Thumb Code    72  key.o(.text.KEY_IRQ_Init)
    LED_Init                                 0x00000c09   Thumb Code   116  led.o(.text.LED_Init)
    LED_Off                                  0x00000c7d   Thumb Code    14  led.o(.text.LED_Off)
    LED_On                                   0x00000c8b   Thumb Code    14  led.o(.text.LED_On)
    LeftFrontLight_Off                       0x00000c99   Thumb Code    14  led.o(.text.LeftFrontLight_Off)
    LeftFrontLight_On                        0x00000ca7   Thumb Code    14  led.o(.text.LeftFrontLight_On)
    LeftRearLight_Off                        0x00000cb5   Thumb Code    14  led.o(.text.LeftRearLight_Off)
    LeftRearLight_On                         0x00000cc3   Thumb Code    14  led.o(.text.LeftRearLight_On)
    NRF24L01_FlushRx                         0x00000cd1   Thumb Code    94  nrf24l01.o(.text.NRF24L01_FlushRx)
    NRF24L01_FlushTx                         0x00000d2f   Thumb Code    94  nrf24l01.o(.text.NRF24L01_FlushTx)
    NRF24L01_GPIO_Init                       0x00000d8d   Thumb Code   128  nrf24l01.o(.text.NRF24L01_GPIO_Init)
    NRF24L01_Init                            0x00000e11   Thumb Code   144  nrf24l01.o(.text.NRF24L01_Init)
    NRF24L01_ReadReg                         0x00000ea1   Thumb Code   162  nrf24l01.o(.text.NRF24L01_ReadReg)
    NRF24L01_ReadRxPayload                   0x00000f43   Thumb Code   188  nrf24l01.o(.text.NRF24L01_ReadRxPayload)
    NRF24L01_ReadStatus                      0x00000fff   Thumb Code    96  nrf24l01.o(.text.NRF24L01_ReadStatus)
    NRF24L01_Receive                         0x00001061   Thumb Code    76  nrf24l01.o(.text.NRF24L01_Receive)
    NRF24L01_Send                            0x000010b1   Thumb Code   200  nrf24l01.o(.text.NRF24L01_Send)
    NRF24L01_WriteReg                        0x00001189   Thumb Code   166  nrf24l01.o(.text.NRF24L01_WriteReg)
    NRF24L01_WriteRegs                       0x0000122f   Thumb Code   194  nrf24l01.o(.text.NRF24L01_WriteRegs)
    NRF24L01_WriteTxPayload                  0x000012f1   Thumb Code   190  nrf24l01.o(.text.NRF24L01_WriteTxPayload)
    OLED_Clear                               0x000013b1   Thumb Code   264  oled.o(.text.OLED_Clear)
    OLED_Init                                0x000014c1   Thumb Code  1220  oled.o(.text.OLED_Init)
    OLED_ShowChar                            0x0000198d   Thumb Code  1300  oled.o(.text.OLED_ShowChar)
    OLED_ShowString                          0x00001ead   Thumb Code    44  oled.o(.text.OLED_ShowString)
    PIOINT1_IRQHandler                       0x00001ed9   Thumb Code    32  key.o(.text.PIOINT1_IRQHandler)
    RightFrontLight_Off                      0x00001efd   Thumb Code    14  led.o(.text.RightFrontLight_Off)
    RightFrontLight_On                       0x00001f0b   Thumb Code    14  led.o(.text.RightFrontLight_On)
    RightRearLight_Off                       0x00001f19   Thumb Code    14  led.o(.text.RightRearLight_Off)
    RightRearLight_On                        0x00001f27   Thumb Code    14  led.o(.text.RightRearLight_On)
    SysTick_Handler                          0x00001f35   Thumb Code    16  board.o(.text.SysTick_Handler)
    SystemInit                               0x00001f45   Thumb Code   208  system_lpc11xx.o(.text.SystemInit)
    TIMER16_0_IRQHandler                     0x0000201d   Thumb Code    40  timer16.o(.text.TIMER16_0_IRQHandler)
    TIMER16_1_IRQHandler                     0x00002051   Thumb Code    40  timer16.o(.text.TIMER16_1_IRQHandler)
    UARTInit                                 0x00002085   Thumb Code   216  uart.o(.text.UARTInit)
    __rt_ffs                                 0x0000217d   Thumb Code    56  kservice.o(.text.__rt_ffs)
    enable_timer16                           0x000023e9   Thumb Code    16  timer16.o(.text.enable_timer16)
    enable_timer32                           0x000023fd   Thumb Code    16  timer32.o(.text.enable_timer32)
    init_timer16PWM                          0x0000240d   Thumb Code   316  timer16.o(.text.init_timer16PWM)
    init_timer32PWM                          0x00002565   Thumb Code   300  timer32.o(.text.init_timer32PWM)
    left_motor                               0x000026ad   Thumb Code   150  motor.o(.text.left_motor)
    $Super$$main                             0x00002745   Thumb Code   136  main.o(.text.main)
    main_thread_entry                        0x00002819   Thumb Code    24  components.o(.text.main_thread_entry)
    motor_pwm_init                           0x00002835   Thumb Code   224  motor.o(.text.motor_pwm_init)
    pid_calculate                            0x000029f5   Thumb Code   140  pid.o(.text.pid_calculate)
    pid_init                                 0x00002a9d   Thumb Code    14  pid.o(.text.pid_init)
    right_motor                              0x00002aab   Thumb Code   150  motor.o(.text.right_motor)
    rt_components_board_init                 0x00002b41   Thumb Code    20  components.o(.text.rt_components_board_init)
    rt_enter_critical                        0x00002b5d   Thumb Code    20  scheduler.o(.text.rt_enter_critical)
    rt_exit_critical                         0x00002b71   Thumb Code    48  scheduler.o(.text.rt_exit_critical)
    rt_free                                  0x00002ba9   Thumb Code   176  mem.o(.text.rt_free)
    rt_heap_end_get                          0x00002c59   Thumb Code    12  board.o(.text.rt_heap_end_get)
    rt_hw_board_init                         0x00002c69   Thumb Code    88  board.o(.text.rt_hw_board_init)
    rt_hw_hard_fault_exception               0x00002cd9   Thumb Code     2  cpuport.o(.text.rt_hw_hard_fault_exception)
    rt_hw_stack_init                         0x00002cdd   Thumb Code   100  cpuport.o(.text.rt_hw_stack_init)
    rt_interrupt_enter                       0x00002d45   Thumb Code    20  irq.o(.text.rt_interrupt_enter)
    rt_interrupt_leave                       0x00002d59   Thumb Code    20  irq.o(.text.rt_interrupt_leave)
    rt_malloc                                0x00002d71   Thumb Code   284  mem.o(.text.rt_malloc)
    rt_memset                                0x00002ea9   Thumb Code   228  kservice.o(.text.rt_memset)
    rt_object_allocate                       0x00002f91   Thumb Code   124  object.o(.text.rt_object_allocate)
    rt_object_delete                         0x0000300d   Thumb Code    42  object.o(.text.rt_object_delete)
    rt_object_detach                         0x00003037   Thumb Code    36  object.o(.text.rt_object_detach)
    rt_object_init                           0x0000305d   Thumb Code   132  object.o(.text.rt_object_init)
    rt_object_is_systemobject                0x000030e5   Thumb Code     6  object.o(.text.rt_object_is_systemobject)
    rt_schedule                              0x000030ed   Thumb Code    84  scheduler.o(.text.rt_schedule)
    rt_schedule_insert_thread                0x0000314d   Thumb Code    64  scheduler.o(.text.rt_schedule_insert_thread)
    rt_schedule_remove_thread                0x0000318d   Thumb Code    64  scheduler.o(.text.rt_schedule_remove_thread)
    rt_sem_init                              0x000031d5   Thumb Code    32  ipc.o(.text.rt_sem_init)
    rt_sem_release                           0x000031f5   Thumb Code    76  ipc.o(.text.rt_sem_release)
    rt_sem_take                              0x00003245   Thumb Code   252  ipc.o(.text.rt_sem_take)
    rt_show_version                          0x00003341   Thumb Code     2  kservice.o(.text.rt_show_version)
    rt_strncpy                               0x00003343   Thumb Code   136  kservice.o(.text.rt_strncpy)
    rt_system_heap_init                      0x000033cd   Thumb Code    88  mem.o(.text.rt_system_heap_init)
    rt_system_scheduler_init                 0x00003445   Thumb Code   184  scheduler.o(.text.rt_system_scheduler_init)
    rt_system_scheduler_start                0x00003505   Thumb Code    36  scheduler.o(.text.rt_system_scheduler_start)
    rt_system_timer_init                     0x00003531   Thumb Code     8  timer.o(.text.rt_system_timer_init)
    rt_system_timer_thread_init              0x0000353d   Thumb Code     2  timer.o(.text.rt_system_timer_thread_init)
    rt_thread_create                         0x00003541   Thumb Code   152  thread.o(.text.rt_thread_create)
    rt_thread_exit                           0x000035d9   Thumb Code   100  thread.o(.text.rt_thread_exit)
    rt_thread_idle_excute                    0x00003645   Thumb Code    68  idle.o(.text.rt_thread_idle_excute)
    rt_thread_idle_init                      0x0000368d   Thumb Code    48  idle.o(.text.rt_thread_idle_init)
    rt_thread_init                           0x000036d1   Thumb Code   116  thread.o(.text.rt_thread_init)
    rt_thread_mdelay                         0x0000374d   Thumb Code    14  thread.o(.text.rt_thread_mdelay)
    rt_thread_resume                         0x0000375b   Thumb Code    70  thread.o(.text.rt_thread_resume)
    rt_thread_self                           0x000037a1   Thumb Code     8  thread.o(.text.rt_thread_self)
    rt_thread_sleep                          0x000037a9   Thumb Code   116  thread.o(.text.rt_thread_sleep)
    rt_thread_startup                        0x0000381d   Thumb Code    84  thread.o(.text.rt_thread_startup)
    rt_thread_suspend                        0x00003875   Thumb Code    70  thread.o(.text.rt_thread_suspend)
    rt_thread_timeout                        0x000038bb   Thumb Code    36  thread.o(.text.rt_thread_timeout)
    rt_thread_yield                          0x000038e1   Thumb Code    84  thread.o(.text.rt_thread_yield)
    rt_tick_from_millisecond                 0x0000393d   Thumb Code     6  clock.o(.text.rt_tick_from_millisecond)
    rt_tick_get                              0x00003945   Thumb Code     8  clock.o(.text.rt_tick_get)
    rt_tick_increase                         0x0000394d   Thumb Code    44  clock.o(.text.rt_tick_increase)
    rt_timer_check                           0x0000397d   Thumb Code   148  timer.o(.text.rt_timer_check)
    rt_timer_control                         0x00003a15   Thumb Code    82  timer.o(.text.rt_timer_control)
    rt_timer_detach                          0x00003a67   Thumb Code    48  timer.o(.text.rt_timer_detach)
    rt_timer_init                            0x00003a97   Thumb Code    46  timer.o(.text.rt_timer_init)
    rt_timer_start                           0x00003ac5   Thumb Code   136  timer.o(.text.rt_timer_start)
    rt_timer_stop                            0x00003b59   Thumb Code    54  timer.o(.text.rt_timer_stop)
    setMatch_timer16PWM                      0x00003ba1   Thumb Code   108  timer16.o(.text.setMatch_timer16PWM)
    setMatch_timer32PWM                      0x00003c15   Thumb Code   108  timer32.o(.text.setMatch_timer32PWM)
    track_check                              0x00003c89   Thumb Code   408  track.o(.text.track_check)
    track_init                               0x00003e65   Thumb Code    92  track.o(.text.track_init)
    track_move_control                       0x00003ec5   Thumb Code   736  main.o(.text.track_move_control)
    __ARM_clz                                0x0000422d   Thumb Code    46  depilogue.o(i.__ARM_clz)
    __scatterload_copy                       0x0000425b   Thumb Code    14  handlers.o(i.__scatterload_copy)
    __scatterload_null                       0x00004269   Thumb Code     2  handlers.o(i.__scatterload_null)
    __scatterload_zeroinit                   0x0000426b   Thumb Code    14  handlers.o(i.__scatterload_zeroinit)
    OLED_F8x16                               0x00004278   Data        1520  oled.o(.rodata.OLED_F8x16)
    __lowest_bit_bitmap                      0x00004868   Data         256  kservice.o(.rodata.__lowest_bit_bitmap)
    __rt_init_rti_start                      0x00004a08   Data           4  components.o(.rti_fn.0)
    __rt_init_rti_board_start                0x00004a0c   Data           4  components.o(.rti_fn.0.end)
    __rt_init_rti_board_end                  0x00004a10   Data           4  components.o(.rti_fn.1.end)
    __rt_init_rti_end                        0x00004a14   Data           4  components.o(.rti_fn.6.end)
    Region$$Table$$Base                      0x00004a18   Number         0  anon$$obj.o(Region$$Table)
    Region$$Table$$Limit                     0x00004a38   Number         0  anon$$obj.o(Region$$Table)
    NRF24L01_RxAddress                       0x10000000   Data           5  nrf24l01.o(.data.NRF24L01_RxAddress)
    NRF24L01_TxAddress                       0x10000005   Data           5  nrf24l01.o(.data.NRF24L01_TxAddress)
    SystemCoreClock                          0x1000000c   Data           4  system_lpc11xx.o(.data.SystemCoreClock)
    UARTTxEmpty                              0x10000010   Data           1  uart.o(.data.UARTTxEmpty)
    I2CMasterBuffer                          0x10000058   Data          64  i2c.o(.bss.I2CMasterBuffer)
    I2CMasterState                           0x10000098   Data           4  i2c.o(.bss.I2CMasterState)
    I2CReadLength                            0x1000009c   Data           4  i2c.o(.bss.I2CReadLength)
    I2CSlaveBuffer                           0x100000a0   Data          64  i2c.o(.bss.I2CSlaveBuffer)
    I2CWriteLength                           0x100000e0   Data           4  i2c.o(.bss.I2CWriteLength)
    NRF24L01_RxPacket                        0x100000e4   Data           4  nrf24l01.o(.bss.NRF24L01_RxPacket)
    NRF24L01_TxPacket                        0x100000e8   Data           4  nrf24l01.o(.bss.NRF24L01_TxPacket)
    RdIndex                                  0x100000ec   Data           4  i2c.o(.bss.RdIndex)
    ReceiveFailedCount                       0x100000f0   Data           1  main.o(.bss.ReceiveFailedCount)
    ReceiveFlag                              0x100000f1   Data           1  main.o(.bss.ReceiveFlag)
    ReceiveSuccessCount                      0x100000f2   Data           1  main.o(.bss.ReceiveSuccessCount)
    SendFailedCount                          0x100000f3   Data           1  main.o(.bss.SendFailedCount)
    SendFlag                                 0x100000f4   Data           1  main.o(.bss.SendFlag)
    SendSuccessCount                         0x100000f5   Data           1  main.o(.bss.SendSuccessCount)
    UARTCount                                0x100000f8   Data           4  uart.o(.bss.UARTCount)
    WrIndex                                  0x100000fc   Data           4  i2c.o(.bss.WrIndex)
    key_flag                                 0x10000630   Data           1  key.o(.bss.key_flag)
    left_speed                               0x10000634   Data           4  main.o(.bss.left_speed)
    move_flag                                0x10000644   Data           4  main.o(.bss.move_flag)
    right_speed                              0x10000adc   Data           4  main.o(.bss.right_speed)
    rt_current_priority                      0x10000ae0   Data           1  scheduler.o(.bss.rt_current_priority)
    rt_current_thread                        0x10000ae4   Data           4  scheduler.o(.bss.rt_current_thread)
    rt_interrupt_from_thread                 0x100012e8   Data           4  cpuport.o(.bss.rt_interrupt_from_thread)
    rt_interrupt_nest                        0x100012ec   Data           1  irq.o(.bss.rt_interrupt_nest)
    rt_interrupt_to_thread                   0x100012f0   Data           4  cpuport.o(.bss.rt_interrupt_to_thread)
    rt_thread_defunct                        0x100012f8   Data           8  scheduler.o(.bss.rt_thread_defunct)
    rt_thread_priority_table                 0x10001300   Data         256  scheduler.o(.bss.rt_thread_priority_table)
    rt_thread_ready_priority_group           0x10001400   Data           4  scheduler.o(.bss.rt_thread_ready_priority_group)
    rt_thread_switch_interrupt_flag          0x10001504   Data           4  cpuport.o(.bss.rt_thread_switch_interrupt_flag)
    timeout                                  0x1000151c   Data           4  i2c.o(.bss.timeout)
    timer16_0_capture                        0x10001520   Data           4  timer16.o(.bss.timer16_0_capture)
    timer16_0_counter                        0x10001524   Data           4  timer16.o(.bss.timer16_0_counter)
    timer16_0_period                         0x10001528   Data           4  timer16.o(.bss.timer16_0_period)
    timer16_1_capture                        0x1000152c   Data           4  timer16.o(.bss.timer16_1_capture)
    timer16_1_counter                        0x10001530   Data           4  timer16.o(.bss.timer16_1_counter)
    timer16_1_period                         0x10001534   Data           4  timer16.o(.bss.timer16_1_period)
    timer32_0_period                         0x10001538   Data           4  timer32.o(.bss.timer32_0_period)
    timer32_1_period                         0x1000153c   Data           4  timer32.o(.bss.timer32_1_period)
    track_pid                                0x100019b8   Data          20  main.o(.bss.track_pid)
    track_state                              0x100019cc   Data           1  track.o(.bss.track_state)
    track_status                             0x100019d0   Data           4  track.o(.bss.track_status)
    track_status_backup                      0x100019d4   Data          80  track.o(.bss.track_status_backup)
    track_status_worse                       0x10001a24   Data           4  track.o(.bss.track_status_worse)
    __initial_sp                             0x10001c30   Data           0  startup_lpc11xx.o(STACK)



==============================================================================

Memory Map of the image

  Image Entry point : 0x000000c1

  Load Region LR_IROM1 (Base: 0x00000000, Size: 0x00004a90, Max: 0x00008000, ABSOLUTE)

    Execution Region ER_IROM1 (Exec base: 0x00000000, Load base: 0x00000000, Size: 0x00004a38, Max: 0x00008000, ABSOLUTE)

    Exec Addr    Load Addr    Size         Type   Attr      Idx    E Section Name        Object

    0x00000000   0x00000000   0x000000c0   Data   RO          398    RESET               startup_lpc11xx.o
    0x000000c0   0x000000c0   0x00000000   Code   RO          807  * .ARM.Collect$$$$00000000  mc_p.l(entry.o)
    0x000000c0   0x000000c0   0x00000004   Code   RO          836    .ARM.Collect$$$$00000001  mc_p.l(entry2.o)
    0x000000c4   0x000000c4   0x00000004   Code   RO          839    .ARM.Collect$$$$00000004  mc_p.l(entry5.o)
    0x000000c8   0x000000c8   0x00000000   Code   RO          841    .ARM.Collect$$$$00000008  mc_p.l(entry7b.o)
    0x000000c8   0x000000c8   0x00000000   Code   RO          843    .ARM.Collect$$$$0000000A  mc_p.l(entry8b.o)
    0x000000c8   0x000000c8   0x00000008   Code   RO          844    .ARM.Collect$$$$0000000B  mc_p.l(entry9a.o)
    0x000000d0   0x000000d0   0x00000000   Code   RO          846    .ARM.Collect$$$$0000000D  mc_p.l(entry10a.o)
    0x000000d0   0x000000d0   0x00000000   Code   RO          848    .ARM.Collect$$$$0000000F  mc_p.l(entry11a.o)
    0x000000d0   0x000000d0   0x00000004   Code   RO          837    .ARM.Collect$$$$00002712  mc_p.l(entry2.o)
    0x000000d4   0x000000d4   0x0000001c   Code   RO          400    .text               startup_lpc11xx.o
    0x000000f0   0x000000f0   0x000000d8   Code   RO          421    .text               context_rvds.o
    0x000001c8   0x000001c8   0x00000024   Code   RO          816    .text               mc_p.l(memseta.o)
    0x000001ec   0x000001ec   0x000000b2   Code   RO          818    .text               mf_p.l(fadd.o)
    0x0000029e   0x0000029e   0x0000001c   Code   RO          824    .text               mf_p.l(fcmpge.o)
    0x000002ba   0x000002ba   0x0000001c   Code   RO          826    .text               mf_p.l(fcmpgt.o)
    0x000002d6   0x000002d6   0x0000001c   Code   RO          828    .text               mf_p.l(fcmpeq.o)
    0x000002f2   0x000002f2   0x00000000   Code   RO          866    .text               mc_p.l(iusefp.o)
    0x000002f2   0x000002f2   0x00000002   PAD
    0x000002f4   0x000002f4   0x00000008   Code   RO          789    .text.rt_heap_begin_get  board.o
    0x000002fc   0x000002fc   0x00000004   Code   RO          399    .ARM.__at_0x02FC    startup_lpc11xx.o
    0x00000300   0x00000300   0x0000007a   Code   RO          820    .text               mf_p.l(fmul.o)
    0x0000037a   0x0000037a   0x00000002   PAD
    0x0000037c   0x0000037c   0x00000164   Code   RO          822    .text               mf_p.l(dadd.o)
    0x000004e0   0x000004e0   0x00000032   Code   RO          830    .text               mf_p.l(ffixi.o)
    0x00000512   0x00000512   0x00000002   PAD
    0x00000514   0x00000514   0x00000048   Code   RO          832    .text               mf_p.l(dfixi.o)
    0x0000055c   0x0000055c   0x00000028   Code   RO          834    .text               mf_p.l(f2d.o)
    0x00000584   0x00000584   0x0000003e   Code   RO          854    .text               mc_p.l(uidiv_div0.o)
    0x000005c2   0x000005c2   0x00000020   Code   RO          860    .text               mc_p.l(llshl.o)
    0x000005e2   0x000005e2   0x00000022   Code   RO          862    .text               mc_p.l(llushr.o)
    0x00000604   0x00000604   0x00000026   Code   RO          864    .text               mc_p.l(llsshr.o)
    0x0000062a   0x0000062a   0x00000082   Code   RO          867    .text               mf_p.l(fepilogue.o)
    0x000006ac   0x000006ac   0x000000be   Code   RO          869    .text               mf_p.l(depilogue.o)
    0x0000076a   0x0000076a   0x00000002   PAD
    0x0000076c   0x0000076c   0x00000030   Code   RO          873    .text               mc_p.l(init.o)
    0x0000079c   0x0000079c   0x00000050   Code   RO          474    .text.$Sub$$main    components.o
    0x000007ec   0x000007ec   0x0000003c   Code   RO           81    .text.GPIOGetValue  gpio.o
    0x00000828   0x00000828   0x00000010   Code   RO           65    .text.GPIOInit      gpio.o
    0x00000838   0x00000838   0x0000003c   Code   RO           75    .text.GPIOIntClear  gpio.o
    0x00000874   0x00000874   0x0000003c   Code   RO           69    .text.GPIOIntEnable  gpio.o
    0x000008b0   0x000008b0   0x0000003c   Code   RO           73    .text.GPIOIntStatus  gpio.o
    0x000008ec   0x000008ec   0x00000028   Code   RO           79    .text.GPIOSetDir    gpio.o
    0x00000914   0x00000914   0x00000084   Code   RO           67    .text.GPIOSetInterrupt  gpio.o
    0x00000998   0x00000998   0x00000018   Code   RO           77    .text.GPIOSetValue  gpio.o
    0x000009b0   0x000009b0   0x0000007c   Code   RO          100    .text.I2CEngine     i2c.o
    0x00000a2c   0x00000a2c   0x00000060   Code   RO           98    .text.I2CInit       i2c.o
    0x00000a8c   0x00000a8c   0x0000012c   Code   RO           92    .text.I2C_IRQHandler  i2c.o
    0x00000bb8   0x00000bb8   0x00000050   Code   RO          385    .text.KEY_IRQ_Init  key.o
    0x00000c08   0x00000c08   0x00000074   Code   RO          208    .text.LED_Init      led.o
    0x00000c7c   0x00000c7c   0x0000000e   Code   RO          222    .text.LED_Off       led.o
    0x00000c8a   0x00000c8a   0x0000000e   Code   RO          220    .text.LED_On        led.o
    0x00000c98   0x00000c98   0x0000000e   Code   RO          216    .text.LeftFrontLight_Off  led.o
    0x00000ca6   0x00000ca6   0x0000000e   Code   RO          230    .text.LeftFrontLight_On  led.o
    0x00000cb4   0x00000cb4   0x0000000e   Code   RO          212    .text.LeftRearLight_Off  led.o
    0x00000cc2   0x00000cc2   0x0000000e   Code   RO          226    .text.LeftRearLight_On  led.o
    0x00000cd0   0x00000cd0   0x0000005e   Code   RO          291    .text.NRF24L01_FlushRx  nrf24l01.o
    0x00000d2e   0x00000d2e   0x0000005e   Code   RO          289    .text.NRF24L01_FlushTx  nrf24l01.o
    0x00000d8c   0x00000d8c   0x00000084   Code   RO          273    .text.NRF24L01_GPIO_Init  nrf24l01.o
    0x00000e10   0x00000e10   0x00000090   Code   RO          303    .text.NRF24L01_Init  nrf24l01.o
    0x00000ea0   0x00000ea0   0x000000a2   Code   RO          279    .text.NRF24L01_ReadReg  nrf24l01.o
    0x00000f42   0x00000f42   0x000000bc   Code   RO          287    .text.NRF24L01_ReadRxPayload  nrf24l01.o
    0x00000ffe   0x00000ffe   0x00000060   Code   RO          293    .text.NRF24L01_ReadStatus  nrf24l01.o
    0x0000105e   0x0000105e   0x00000002   PAD
    0x00001060   0x00001060   0x00000050   Code   RO          307    .text.NRF24L01_Receive  nrf24l01.o
    0x000010b0   0x000010b0   0x000000d8   Code   RO          305    .text.NRF24L01_Send  nrf24l01.o
    0x00001188   0x00001188   0x000000a6   Code   RO          277    .text.NRF24L01_WriteReg  nrf24l01.o
    0x0000122e   0x0000122e   0x000000c2   Code   RO          281    .text.NRF24L01_WriteRegs  nrf24l01.o
    0x000012f0   0x000012f0   0x000000be   Code   RO          285    .text.NRF24L01_WriteTxPayload  nrf24l01.o
    0x000013ae   0x000013ae   0x00000002   PAD
    0x000013b0   0x000013b0   0x00000110   Code   RO          331    .text.OLED_Clear    oled.o
    0x000014c0   0x000014c0   0x000004cc   Code   RO          345    .text.OLED_Init     oled.o
    0x0000198c   0x0000198c   0x00000520   Code   RO          333    .text.OLED_ShowChar  oled.o
    0x00001eac   0x00001eac   0x0000002c   Code   RO          323    .text.OLED_ShowString  oled.o
    0x00001ed8   0x00001ed8   0x00000024   Code   RO          387    .text.PIOINT1_IRQHandler  key.o
    0x00001efc   0x00001efc   0x0000000e   Code   RO          214    .text.RightFrontLight_Off  led.o
    0x00001f0a   0x00001f0a   0x0000000e   Code   RO          228    .text.RightFrontLight_On  led.o
    0x00001f18   0x00001f18   0x0000000e   Code   RO          210    .text.RightRearLight_Off  led.o
    0x00001f26   0x00001f26   0x0000000e   Code   RO          224    .text.RightRearLight_On  led.o
    0x00001f34   0x00001f34   0x00000010   Code   RO          795    .text.SysTick_Handler  board.o
    0x00001f44   0x00001f44   0x000000d8   Code   RO          411    .text.SystemInit    system_lpc11xx.o
    0x0000201c   0x0000201c   0x00000034   Code   RO          128    .text.TIMER16_0_IRQHandler  timer16.o
    0x00002050   0x00002050   0x00000034   Code   RO          130    .text.TIMER16_1_IRQHandler  timer16.o
    0x00002084   0x00002084   0x000000f8   Code   RO          186    .text.UARTInit      uart.o
    0x0000217c   0x0000217c   0x0000003c   Code   RO          614    .text.__rt_ffs      kservice.o
    0x000021b8   0x000021b8   0x00000230   Code   RO           10    .text.comm_thread_entry  main.o
    0x000023e8   0x000023e8   0x00000014   Code   RO          132    .text.enable_timer16  timer16.o
    0x000023fc   0x000023fc   0x00000010   Code   RO          160    .text.enable_timer32  timer32.o
    0x0000240c   0x0000240c   0x00000158   Code   RO          140    .text.init_timer16PWM  timer16.o
    0x00002564   0x00002564   0x00000148   Code   RO          168    .text.init_timer32PWM  timer32.o
    0x000026ac   0x000026ac   0x00000096   Code   RO          251    .text.left_motor    motor.o
    0x00002742   0x00002742   0x00000002   PAD
    0x00002744   0x00002744   0x000000d4   Code   RO            4    .text.main          main.o
    0x00002818   0x00002818   0x0000001c   Code   RO          478    .text.main_thread_entry  components.o
    0x00002834   0x00002834   0x000000f8   Code   RO          241    .text.motor_pwm_init  motor.o
    0x0000292c   0x0000292c   0x000000c8   Code   RO            8    .text.oled_display_entry  main.o
    0x000029f4   0x000029f4   0x000000a8   Code   RO          375    .text.pid_calculate  pid.o
    0x00002a9c   0x00002a9c   0x0000000e   Code   RO          373    .text.pid_init      pid.o
    0x00002aaa   0x00002aaa   0x00000096   Code   RO          253    .text.right_motor   motor.o
    0x00002b40   0x00002b40   0x0000001c   Code   RO          470    .text.rt_components_board_init  components.o
    0x00002b5c   0x00002b5c   0x00000014   Code   RO          695    .text.rt_enter_critical  scheduler.o
    0x00002b70   0x00002b70   0x00000038   Code   RO          697    .text.rt_exit_critical  scheduler.o
    0x00002ba8   0x00002ba8   0x000000b0   Code   RO          632    .text.rt_free       mem.o
    0x00002c58   0x00002c58   0x00000010   Code   RO          791    .text.rt_heap_end_get  board.o
    0x00002c68   0x00002c68   0x00000070   Code   RO          797    .text.rt_hw_board_init  board.o
    0x00002cd8   0x00002cd8   0x00000002   Code   RO          428    .text.rt_hw_hard_fault_exception  cpuport.o
    0x00002cda   0x00002cda   0x00000002   PAD
    0x00002cdc   0x00002cdc   0x00000068   Code   RO          426    .text.rt_hw_stack_init  cpuport.o
    0x00002d44   0x00002d44   0x00000014   Code   RO          553    .text.rt_interrupt_enter  irq.o
    0x00002d58   0x00002d58   0x00000018   Code   RO          555    .text.rt_interrupt_leave  irq.o
    0x00002d70   0x00002d70   0x00000138   Code   RO          628    .text.rt_malloc     mem.o
    0x00002ea8   0x00002ea8   0x000000e8   Code   RO          574    .text.rt_memset     kservice.o
    0x00002f90   0x00002f90   0x0000007c   Code   RO          666    .text.rt_object_allocate  object.o
    0x0000300c   0x0000300c   0x0000002a   Code   RO          668    .text.rt_object_delete  object.o
    0x00003036   0x00003036   0x00000024   Code   RO          664    .text.rt_object_detach  object.o
    0x0000305a   0x0000305a   0x00000002   PAD
    0x0000305c   0x0000305c   0x00000088   Code   RO          662    .text.rt_object_init  object.o
    0x000030e4   0x000030e4   0x00000006   Code   RO          670    .text.rt_object_is_systemobject  object.o
    0x000030ea   0x000030ea   0x00000002   PAD
    0x000030ec   0x000030ec   0x00000060   Code   RO          689    .text.rt_schedule   scheduler.o
    0x0000314c   0x0000314c   0x00000040   Code   RO          691    .text.rt_schedule_insert_thread  scheduler.o
    0x0000318c   0x0000318c   0x00000048   Code   RO          693    .text.rt_schedule_remove_thread  scheduler.o
    0x000031d4   0x000031d4   0x00000020   Code   RO          513    .text.rt_sem_init   ipc.o
    0x000031f4   0x000031f4   0x00000050   Code   RO          525    .text.rt_sem_release  ipc.o
    0x00003244   0x00003244   0x000000fc   Code   RO          521    .text.rt_sem_take   ipc.o
    0x00003340   0x00003340   0x00000002   Code   RO          598    .text.rt_show_version  kservice.o
    0x00003342   0x00003342   0x00000088   Code   RO          588    .text.rt_strncpy    kservice.o
    0x000033ca   0x000033ca   0x00000002   PAD
    0x000033cc   0x000033cc   0x00000078   Code   RO          626    .text.rt_system_heap_init  mem.o
    0x00003444   0x00003444   0x000000c0   Code   RO          685    .text.rt_system_scheduler_init  scheduler.o
    0x00003504   0x00003504   0x0000002c   Code   RO          687    .text.rt_system_scheduler_start  scheduler.o
    0x00003530   0x00003530   0x0000000c   Code   RO          775    .text.rt_system_timer_init  timer.o
    0x0000353c   0x0000353c   0x00000002   Code   RO          777    .text.rt_system_timer_thread_init  timer.o
    0x0000353e   0x0000353e   0x00000002   PAD
    0x00003540   0x00003540   0x00000098   Code   RO          727    .text.rt_thread_create  thread.o
    0x000035d8   0x000035d8   0x00000064   Code   RO          715    .text.rt_thread_exit  thread.o
    0x0000363c   0x0000363c   0x00000006   Code   RO          499    .text.rt_thread_idle_entry  idle.o
    0x00003642   0x00003642   0x00000002   PAD
    0x00003644   0x00003644   0x00000048   Code   RO          495    .text.rt_thread_idle_excute  idle.o
    0x0000368c   0x0000368c   0x00000044   Code   RO          497    .text.rt_thread_idle_init  idle.o
    0x000036d0   0x000036d0   0x0000007c   Code   RO          717    .text.rt_thread_init  thread.o
    0x0000374c   0x0000374c   0x0000000e   Code   RO          741    .text.rt_thread_mdelay  thread.o
    0x0000375a   0x0000375a   0x00000046   Code   RO          723    .text.rt_thread_resume  thread.o
    0x000037a0   0x000037a0   0x00000008   Code   RO          719    .text.rt_thread_self  thread.o
    0x000037a8   0x000037a8   0x00000074   Code   RO          733    .text.rt_thread_sleep  thread.o
    0x0000381c   0x0000381c   0x00000058   Code   RO          721    .text.rt_thread_startup  thread.o
    0x00003874   0x00003874   0x00000046   Code   RO          735    .text.rt_thread_suspend  thread.o
    0x000038ba   0x000038ba   0x00000024   Code   RO          745    .text.rt_thread_timeout  thread.o
    0x000038de   0x000038de   0x00000002   PAD
    0x000038e0   0x000038e0   0x0000005c   Code   RO          731    .text.rt_thread_yield  thread.o
    0x0000393c   0x0000393c   0x00000006   Code   RO          451    .text.rt_tick_from_millisecond  clock.o
    0x00003942   0x00003942   0x00000002   PAD
    0x00003944   0x00003944   0x00000008   Code   RO          445    .text.rt_tick_get   clock.o
    0x0000394c   0x0000394c   0x00000030   Code   RO          449    .text.rt_tick_increase  clock.o
    0x0000397c   0x0000397c   0x00000098   Code   RO          771    .text.rt_timer_check  timer.o
    0x00003a14   0x00003a14   0x00000052   Code   RO          769    .text.rt_timer_control  timer.o
    0x00003a66   0x00003a66   0x00000030   Code   RO          759    .text.rt_timer_detach  timer.o
    0x00003a96   0x00003a96   0x0000002e   Code   RO          757    .text.rt_timer_init  timer.o
    0x00003ac4   0x00003ac4   0x00000094   Code   RO          765    .text.rt_timer_start  timer.o
    0x00003b58   0x00003b58   0x00000036   Code   RO          767    .text.rt_timer_stop  timer.o
    0x00003b8e   0x00003b8e   0x00000004   Code   RO          466    .text.rti_board_end  components.o
    0x00003b92   0x00003b92   0x00000004   Code   RO          464    .text.rti_board_start  components.o
    0x00003b96   0x00003b96   0x00000004   Code   RO          468    .text.rti_end       components.o
    0x00003b9a   0x00003b9a   0x00000004   Code   RO          462    .text.rti_start     components.o
    0x00003b9e   0x00003b9e   0x00000002   PAD
    0x00003ba0   0x00003ba0   0x00000074   Code   RO          142    .text.setMatch_timer16PWM  timer16.o
    0x00003c14   0x00003c14   0x00000074   Code   RO          170    .text.setMatch_timer32PWM  timer32.o
    0x00003c88   0x00003c88   0x000001dc   Code   RO          358    .text.track_check   track.o
    0x00003e64   0x00003e64   0x00000060   Code   RO          356    .text.track_init    track.o
    0x00003ec4   0x00003ec4   0x00000348   Code   RO            2    .text.track_move_control  main.o
    0x0000420c   0x0000420c   0x00000020   Code   RO            6    .text.track_move_entry  main.o
    0x0000422c   0x0000422c   0x0000002e   Code   RO          871    i.__ARM_clz         mf_p.l(depilogue.o)
    0x0000425a   0x0000425a   0x0000000e   Code   RO          877    i.__scatterload_copy  mc_p.l(handlers.o)
    0x00004268   0x00004268   0x00000002   Code   RO          878    i.__scatterload_null  mc_p.l(handlers.o)
    0x0000426a   0x0000426a   0x0000000e   Code   RO          879    i.__scatterload_zeroinit  mc_p.l(handlers.o)
    0x00004278   0x00004278   0x000005f0   Data   RO          347    .rodata.OLED_F8x16  oled.o
    0x00004868   0x00004868   0x00000100   Data   RO          617    .rodata.__lowest_bit_bitmap  kservice.o
    0x00004968   0x00004968   0x00000010   Data   RO           83    .rodata.cst16       gpio.o
    0x00004978   0x00004978   0x0000008b   Data   RO           43    .rodata.str1.1      main.o
    0x00004a03   0x00004a03   0x00000005   Data   RO          486    .rodata.str1.1      components.o
    0x00004a08   0x00004a08   0x00000004   Data   RO          482    .rti_fn.0           components.o
    0x00004a0c   0x00004a0c   0x00000004   Data   RO          483    .rti_fn.0.end       components.o
    0x00004a10   0x00004a10   0x00000004   Data   RO          484    .rti_fn.1.end       components.o
    0x00004a14   0x00004a14   0x00000004   Data   RO          485    .rti_fn.6.end       components.o
    0x00004a18   0x00004a18   0x00000020   Data   RO          876    Region$$Table       anon$$obj.o


    Execution Region RW_IRAM1 (Exec base: 0x10000000, Load base: 0x00004a38, Size: 0x00001c30, Max: 0x00002000, ABSOLUTE)

    Exec Addr    Load Addr    Size         Type   Attr      Idx    E Section Name        Object

    0x10000000   0x00004a38   0x00000005   Data   RW          310    .data.NRF24L01_RxAddress  nrf24l01.o
    0x10000005   0x00004a3d   0x00000005   Data   RW          309    .data.NRF24L01_TxAddress  nrf24l01.o
    0x1000000a   0x00004a42   0x00000002   PAD
    0x1000000c   0x00004a44   0x00000004   Data   RW          413    .data.SystemCoreClock  system_lpc11xx.o
    0x10000010   0x00004a48   0x00000001   Data   RW          194    .data.UARTTxEmpty   uart.o
    0x10000011   0x00004a49   0x00000003   PAD
    0x10000014   0x00004a4c   0x00000040   Data   RW          676    .data.rt_object_container  object.o
    0x10000054   0x00004a8c   0x00000004   PAD
    0x10000058        -       0x00000040   Zero   RW          108    .bss.I2CMasterBuffer  i2c.o
    0x10000098        -       0x00000004   Zero   RW          102    .bss.I2CMasterState  i2c.o
    0x1000009c        -       0x00000004   Zero   RW          110    .bss.I2CReadLength  i2c.o
    0x100000a0        -       0x00000040   Zero   RW          111    .bss.I2CSlaveBuffer  i2c.o
    0x100000e0        -       0x00000004   Zero   RW          109    .bss.I2CWriteLength  i2c.o
    0x100000e4        -       0x00000004   Zero   RW          312    .bss.NRF24L01_RxPacket  nrf24l01.o
    0x100000e8        -       0x00000004   Zero   RW          311    .bss.NRF24L01_TxPacket  nrf24l01.o
    0x100000ec        -       0x00000004   Zero   RW          106    .bss.RdIndex        i2c.o
    0x100000f0        -       0x00000001   Zero   RW           40    .bss.ReceiveFailedCount  main.o
    0x100000f1        -       0x00000001   Zero   RW           38    .bss.ReceiveFlag    main.o
    0x100000f2        -       0x00000001   Zero   RW           39    .bss.ReceiveSuccessCount  main.o
    0x100000f3        -       0x00000001   Zero   RW           37    .bss.SendFailedCount  main.o
    0x100000f4        -       0x00000001   Zero   RW           35    .bss.SendFlag       main.o
    0x100000f5        -       0x00000001   Zero   RW           36    .bss.SendSuccessCount  main.o
    0x100000f6   0x00004a8c   0x00000002   PAD
    0x100000f8        -       0x00000004   Zero   RW          195    .bss.UARTCount      uart.o
    0x100000fc        -       0x00000004   Zero   RW          107    .bss.WrIndex        i2c.o
    0x10000100        -       0x00000001   Zero   RW           17    .bss.car3_out_garage_flag  main.o
    0x10000101   0x00004a8c   0x00000003   PAD
    0x10000104        -       0x00000078   Zero   RW           33    .bss.comm_thread    main.o
    0x1000017c        -       0x00000400   Zero   RW           34    .bss.comm_thread_stack  main.o
    0x1000057c        -       0x00000001   Zero   RW           16    .bss.current_state  main.o
    0x1000057d   0x00004a8c   0x00000003   PAD
    0x10000580        -       0x00000004   Zero   RW           22    .bss.detect_start_tick  main.o
    0x10000584        -       0x00000001   Zero   RW           18    .bss.find_black_flag  main.o
    0x10000585   0x00004a8c   0x00000003   PAD
    0x10000588        -       0x00000004   Zero   RW           19    .bss.forward_after_black_tick  main.o
    0x1000058c        -       0x00000004   Zero   RW          640    .bss.heap_end       mem.o
    0x10000590        -       0x00000004   Zero   RW          639    .bss.heap_ptr       mem.o
    0x10000594        -       0x00000020   Zero   RW          641    .bss.heap_sem       mem.o
    0x100005b4        -       0x00000078   Zero   RW          503    .bss.idle           idle.o
    0x1000062c        -       0x00000004   Zero   RW           20    .bss.init_turn_right_start_tick  main.o
    0x10000630        -       0x00000001   Zero   RW          389    .bss.key_flag       key.o
    0x10000631   0x00004a8c   0x00000003   PAD
    0x10000634        -       0x00000004   Zero   RW           14    .bss.left_speed     main.o
    0x10000638        -       0x00000004   Zero   RW          642    .bss.lfree          mem.o
    0x1000063c        -       0x00000004   Zero   RW          644    .bss.max_mem        mem.o
    0x10000640        -       0x00000004   Zero   RW          638    .bss.mem_size_aligned  mem.o
    0x10000644        -       0x00000004   Zero   RW           13    .bss.move_flag      main.o
    0x10000648        -       0x00000078   Zero   RW           31    .bss.oled_display_thread  main.o
    0x100006c0        -       0x00000400   Zero   RW           32    .bss.oled_display_thread_stack  main.o
    0x10000ac0        -       0x00000010   Zero   RW           42    .bss.oled_msg_line4  main.o
    0x10000ad0        -       0x00000001   Zero   RW           41    .bss.oled_update_flag  main.o
    0x10000ad1        -       0x00000001   Zero   RW           25    .bss.park_frame_count  main.o
    0x10000ad2        -       0x00000001   Zero   RW           27    .bss.park_frame_detect_cnt  main.o
    0x10000ad3   0x00004a8c   0x00000001   PAD
    0x10000ad4        -       0x00000004   Zero   RW           26    .bss.park_frame_last_tick  main.o
    0x10000ad8        -       0x00000001   Zero   RW           21    .bss.recv_car2_flag  main.o
    0x10000ad9        -       0x00000001   Zero   RW           44    .bss.recv_car2_ready_flag  main.o
    0x10000ada   0x00004a8c   0x00000002   PAD
    0x10000adc        -       0x00000004   Zero   RW           15    .bss.right_speed    main.o
    0x10000ae0        -       0x00000001   Zero   RW          704    .bss.rt_current_priority  scheduler.o
    0x10000ae1   0x00004a8c   0x00000003   PAD
    0x10000ae4        -       0x00000004   Zero   RW          701    .bss.rt_current_thread  scheduler.o
    0x10000ae8        -       0x00000800   Zero   RW          799    .bss.rt_heap        board.o
    0x100012e8        -       0x00000004   Zero   RW          432    .bss.rt_interrupt_from_thread  cpuport.o
    0x100012ec        -       0x00000001   Zero   RW          559    .bss.rt_interrupt_nest  irq.o
    0x100012ed   0x00004a8c   0x00000003   PAD
    0x100012f0        -       0x00000004   Zero   RW          433    .bss.rt_interrupt_to_thread  cpuport.o
    0x100012f4        -       0x00000002   Zero   RW          702    .bss.rt_scheduler_lock_nest  scheduler.o
    0x100012f6   0x00004a8c   0x00000002   PAD
    0x100012f8        -       0x00000008   Zero   RW          706    .bss.rt_thread_defunct  scheduler.o
    0x10001300        -       0x00000100   Zero   RW          703    .bss.rt_thread_priority_table  scheduler.o
    0x10001400        -       0x00000004   Zero   RW          705    .bss.rt_thread_ready_priority_group  scheduler.o
    0x10001404        -       0x00000100   Zero   RW          504    .bss.rt_thread_stack  idle.o
    0x10001504        -       0x00000004   Zero   RW          434    .bss.rt_thread_switch_interrupt_flag  cpuport.o
    0x10001508        -       0x00000004   Zero   RW          453    .bss.rt_tick        clock.o
    0x1000150c        -       0x00000008   Zero   RW          780    .bss.rt_timer_list  timer.o
    0x10001514        -       0x00000004   Zero   RW          779    .bss.rt_timer_start.random_nr  timer.o
    0x10001518        -       0x00000001   Zero   RW           23    .bss.send_car4_ready_flag  main.o
    0x10001519        -       0x00000001   Zero   RW           24    .bss.send_to_car4_flag  main.o
    0x1000151a   0x00004a8c   0x00000002   PAD
    0x1000151c        -       0x00000004   Zero   RW          104    .bss.timeout        i2c.o
    0x10001520        -       0x00000004   Zero   RW          146    .bss.timer16_0_capture  timer16.o
    0x10001524        -       0x00000004   Zero   RW          144    .bss.timer16_0_counter  timer16.o
    0x10001528        -       0x00000004   Zero   RW          148    .bss.timer16_0_period  timer16.o
    0x1000152c        -       0x00000004   Zero   RW          147    .bss.timer16_1_capture  timer16.o
    0x10001530        -       0x00000004   Zero   RW          145    .bss.timer16_1_counter  timer16.o
    0x10001534        -       0x00000004   Zero   RW          149    .bss.timer16_1_period  timer16.o
    0x10001538        -       0x00000004   Zero   RW          172    .bss.timer32_0_period  timer32.o
    0x1000153c        -       0x00000004   Zero   RW          175    .bss.timer32_1_period  timer32.o
    0x10001540        -       0x00000078   Zero   RW           29    .bss.track_move_thread  main.o
    0x100015b8        -       0x00000400   Zero   RW           30    .bss.track_move_thread_stack  main.o
    0x100019b8        -       0x00000014   Zero   RW           12    .bss.track_pid      main.o
    0x100019cc        -       0x00000001   Zero   RW          363    .bss.track_state    track.o
    0x100019cd   0x00004a8c   0x00000003   PAD
    0x100019d0        -       0x00000004   Zero   RW          360    .bss.track_status   track.o
    0x100019d4        -       0x00000050   Zero   RW          361    .bss.track_status_backup  track.o
    0x10001a24        -       0x00000004   Zero   RW          362    .bss.track_status_worse  track.o
    0x10001a28        -       0x00000004   Zero   RW           28    .bss.turn_right_start_tick  main.o
    0x10001a2c        -       0x00000004   Zero   RW          643    .bss.used_mem       mem.o
    0x10001a30        -       0x00000200   Zero   RW          396    STACK               startup_lpc11xx.o


==============================================================================

Image component sizes


      Code (inc. data)   RO Data    RW Data    ZI Data      Debug   Object Name

       152         32          0          0       2048       4621   board.o
        62          4          0          0          4       2518   clock.o
       152         20         21          0          0       3506   components.o
       216         32          0          0          0        820   context_rvds.o
       106          4          0          0         12       2085   cpuport.o
       452        108         16          0          0       5309   gpio.o
       520         56          0          0        152       6970   i2c.o
       146         24          0          0        376       2809   idle.o
       364          4          0          0          0      13181   ipc.o
        44          4          0          0          1       1093   irq.o
       116         12          0          0          1       3397   key.o
       430          8        256          0          0      27684   kservice.o
       256          0          0          0          0       2308   led.o
      1844        454        139          0       3516       5701   main.o
       608         60          0          0         56       5101   mem.o
       548         24          0          0          0       4306   motor.o
      1756         24          0         10          8      13424   nrf24l01.o
       344          4          0         64          0       7678   object.o
      2856        104       1520          0          0      12150   oled.o
       182         28          0          0          0        894   pid.o
       544         44          0          0        275       4805   scheduler.o
        32         12        192          0        512        844   startup_lpc11xx.o
       216          8          0          4          0       2798   system_lpc11xx.o
       870         20          0          0          0      10486   thread.o
       544         26          0          0         12       7734   timer.o
       584         96          0          0         24       8558   timer16.o
       460         68          0          0          8       6283   timer32.o
       572        104          0          0         89       3101   track.o
       248         32          0          1          4       7384   uart.o

    ----------------------------------------------------------------------
     15248       1416       2176         84       7132     177548   Object Totals
         0          0         32          0          0          0   (incl. Generated)
        24          0          0          5         34          0   (incl. Padding)

    ----------------------------------------------------------------------

      Code (inc. data)   RO Data    RW Data    ZI Data      Debug   Library Member Name

         0          0          0          0          0          0   entry.o
         0          0          0          0          0          0   entry10a.o
         0          0          0          0          0          0   entry11a.o
         8          4          0          0          0          0   entry2.o
         4          0          0          0          0          0   entry5.o
         0          0          0          0          0          0   entry7b.o
         0          0          0          0          0          0   entry8b.o
         8          4          0          0          0          0   entry9a.o
        30          0          0          0          0          0   handlers.o
        48         10          0          0          0         68   init.o
         0          0          0          0          0          0   iusefp.o
        32          0          0          0          0         68   llshl.o
        38          0          0          0          0         68   llsshr.o
        34          0          0          0          0         68   llushr.o
        36          0          0          0          0        100   memseta.o
        62          0          0          0          0         72   uidiv_div0.o
       356          4          0          0          0        140   dadd.o
       236          0          0          0          0        216   depilogue.o
        72         10          0          0          0         72   dfixi.o
        40          0          0          0          0         60   f2d.o
       178          0          0          0          0        108   fadd.o
        28          0          0          0          0         60   fcmpeq.o
        28          0          0          0          0         60   fcmpge.o
        28          0          0          0          0         60   fcmpgt.o
       130          0          0          0          0        144   fepilogue.o
        50          0          0          0          0         60   ffixi.o
       122          0          0          0          0         72   fmul.o

    ----------------------------------------------------------------------
      1576         32          0          0          0       1496   Library Totals
         8          0          0          0          0          0   (incl. Padding)

    ----------------------------------------------------------------------

      Code (inc. data)   RO Data    RW Data    ZI Data      Debug   Library Name

       300         18          0          0          0        444   mc_p.l
      1268         14          0          0          0       1052   mf_p.l

    ----------------------------------------------------------------------
      1576         32          0          0          0       1496   Library Totals

    ----------------------------------------------------------------------

==============================================================================


      Code (inc. data)   RO Data    RW Data    ZI Data      Debug   

     16824       1448       2176         84       7132     177964   Grand Totals
     16824       1448       2176         84       7132     177964   ELF Image Totals
     16824       1448       2176         84          0          0   ROM Totals

==============================================================================

    Total RO  Size (Code + RO Data)                19000 (  18.55kB)
    Total RW  Size (RW Data + ZI Data)              7216 (   7.05kB)
    Total ROM Size (Code + RO Data + RW Data)      19084 (  18.64kB)

==============================================================================

