Component: Arm Compiler for Embedded 6.21 Tool: armlink [5ec1fa00]

==============================================================================

Section Cross References

    main.o(.text.track_move_control) refers to fcmpgt.o(.text) for __aeabi_fcmpgt
    main.o(.text.track_move_control) refers to fcmpge.o(.text) for __aeabi_fcmpge
    main.o(.text.track_move_control) refers to pid.o(.text.pid_calculate) for pid_calculate
    main.o(.text.track_move_control) refers to fcmpeq.o(.text) for __aeabi_fcmpeq
    main.o(.text.track_move_control) refers to clock.o(.text.rt_tick_get) for rt_tick_get
    main.o(.text.track_move_control) refers to f2d.o(.text) for __aeabi_f2d
    main.o(.text.track_move_control) refers to dadd.o(.text) for __aeabi_dadd
    main.o(.text.track_move_control) refers to dfixi.o(.text) for __aeabi_d2iz
    main.o(.text.track_move_control) refers to fadd.o(.text) for __aeabi_fadd
    main.o(.text.track_move_control) refers to ffixi.o(.text) for __aeabi_f2iz
    main.o(.text.track_move_control) refers to motor.o(.text.left_motor) for left_motor
    main.o(.text.track_move_control) refers to motor.o(.text.right_motor) for right_motor
    main.o(.text.track_move_control) refers to track.o(.bss.track_status) for track_status
    main.o(.text.track_move_control) refers to main.o(.bss.move_flag) for move_flag
    main.o(.text.track_move_control) refers to main.o(.bss.track_pid) for track_pid
    main.o(.text.track_move_control) refers to main.o(.bss.current_state) for [Anonymous Symbol]
    main.o(.text.track_move_control) refers to main.o(.bss.left_speed) for left_speed
    main.o(.text.track_move_control) refers to main.o(.bss.right_speed) for right_speed
    main.o(.text.track_move_control) refers to main.o(.bss.turn_right_start_tick) for [Anonymous Symbol]
    main.o(.text.track_move_control) refers to track.o(.bss.track_state) for track_state
    main.o(.text.track_move_control) refers to main.o(.bss.park_frame_last_tick) for [Anonymous Symbol]
    main.o(.text.track_move_control) refers to main.o(.bss.park_frame_detect_cnt) for [Anonymous Symbol]
    main.o(.text.track_move_control) refers to main.o(.bss.park_frame_count) for [Anonymous Symbol]
    main.o(.text.track_move_control) refers to main.o(.bss.send_to_car2_flag) for [Anonymous Symbol]
    main.o(.text.track_move_control) refers to main.o(.bss.detect_start_tick) for [Anonymous Symbol]
    main.o(.text.track_move_control) refers to main.o(.bss.send_car2_ready_flag) for [Anonymous Symbol]
    main.o(.text.track_move_control) refers to main.o(.bss.init_turn_right_start_tick) for [Anonymous Symbol]
    main.o(.text.track_move_control) refers to main.o(.bss.find_black_flag) for [Anonymous Symbol]
    main.o(.text.track_move_control) refers to main.o(.bss.forward_after_black_tick) for [Anonymous Symbol]
    main.o(.text.track_move_control) refers to key.o(.bss.key_flag) for key_flag
    main.o(.ARM.exidx.text.track_move_control) refers to main.o(.text.track_move_control) for [Anonymous Symbol]
    main.o(.text.main) refers to led.o(.text.LED_Init) for LED_Init
    main.o(.text.main) refers to uart.o(.text.UARTInit) for UARTInit
    main.o(.text.main) refers to key.o(.text.KEY_IRQ_Init) for KEY_IRQ_Init
    main.o(.text.main) refers to track.o(.text.track_init) for track_init
    main.o(.text.main) refers to oled.o(.text.OLED_Init) for OLED_Init
    main.o(.text.main) refers to oled.o(.text.OLED_Clear) for OLED_Clear
    main.o(.text.main) refers to thread.o(.text.rt_thread_init) for rt_thread_init
    main.o(.text.main) refers to thread.o(.text.rt_thread_startup) for rt_thread_startup
    main.o(.text.main) refers to main.o(.bss.track_move_thread_stack) for [Anonymous Symbol]
    main.o(.text.main) refers to main.o(.bss.track_move_thread) for [Anonymous Symbol]
    main.o(.text.main) refers to main.o(.text.track_move_entry) for track_move_entry
    main.o(.text.main) refers to main.o(.bss.oled_display_thread_stack) for [Anonymous Symbol]
    main.o(.text.main) refers to main.o(.bss.oled_display_thread) for [Anonymous Symbol]
    main.o(.text.main) refers to main.o(.text.oled_display_entry) for oled_display_entry
    main.o(.text.main) refers to main.o(.bss.comm_thread_stack) for [Anonymous Symbol]
    main.o(.text.main) refers to main.o(.bss.comm_thread) for [Anonymous Symbol]
    main.o(.text.main) refers to main.o(.text.comm_thread_entry) for comm_thread_entry
    main.o(.ARM.exidx.text.main) refers to main.o(.text.main) for [Anonymous Symbol]
    main.o(.text.track_move_entry) refers to pid.o(.text.pid_init) for pid_init
    main.o(.text.track_move_entry) refers to motor.o(.text.motor_pwm_init) for motor_pwm_init
    main.o(.text.track_move_entry) refers to track.o(.text.track_check) for track_check
    main.o(.text.track_move_entry) refers to main.o(.text.track_move_control) for track_move_control
    main.o(.text.track_move_entry) refers to thread.o(.text.rt_thread_mdelay) for rt_thread_mdelay
[...]
    __arm_cp.1_2                             0x00001ee4   Number         4  timer16.o(.text.TIMER16_0_IRQHandler)
    [Anonymous Symbol]                       0x00001ee8   Section        0  timer16.o(.text.TIMER16_1_IRQHandler)
    __arm_cp.2_1                             0x00001f10   Number         4  timer16.o(.text.TIMER16_1_IRQHandler)
    __arm_cp.2_2                             0x00001f14   Number         4  timer16.o(.text.TIMER16_1_IRQHandler)
    [Anonymous Symbol]                       0x00001f18   Section        0  uart.o(.text.UARTInit)
    __arm_cp.1_0                             0x00001ff0   Number         4  uart.o(.text.UARTInit)
    __arm_cp.1_1                             0x00001ff4   Number         4  uart.o(.text.UARTInit)
    __arm_cp.1_2                             0x00001ff8   Number         4  uart.o(.text.UARTInit)
    __arm_cp.1_3                             0x00001ffc   Number         4  uart.o(.text.UARTInit)
    __arm_cp.1_5                             0x00002000   Number         4  uart.o(.text.UARTInit)
    __arm_cp.1_6                             0x00002004   Number         4  uart.o(.text.UARTInit)
    [Anonymous Symbol]                       0x00002008   Section        0  kservice.o(.text.__rt_ffs)
    __arm_cp.23_0                            0x00002040   Number         4  kservice.o(.text.__rt_ffs)
    comm_thread_entry                        0x00002045   Thumb Code   212  main.o(.text.comm_thread_entry)
    [Anonymous Symbol]                       0x00002044   Section        0  main.o(.text.comm_thread_entry)
    __arm_cp.4_0                             0x00002118   Number         4  main.o(.text.comm_thread_entry)
    __arm_cp.4_1                             0x0000211c   Number         4  main.o(.text.comm_thread_entry)
    __arm_cp.4_2                             0x00002120   Number         4  main.o(.text.comm_thread_entry)
    __arm_cp.4_3                             0x00002124   Number         4  main.o(.text.comm_thread_entry)
    __arm_cp.4_4                             0x00002128   Number         4  main.o(.text.comm_thread_entry)
    __arm_cp.4_5                             0x0000212c   Number         4  main.o(.text.comm_thread_entry)
    __arm_cp.4_6                             0x00002130   Number         4  main.o(.text.comm_thread_entry)
    __arm_cp.4_7                             0x00002134   Number         4  main.o(.text.comm_thread_entry)
    __arm_cp.4_8                             0x00002138   Number         4  main.o(.text.comm_thread_entry)
    __arm_cp.4_9                             0x0000213c   Number         4  main.o(.text.comm_thread_entry)
    __arm_cp.4_10                            0x00002140   Number         4  main.o(.text.comm_thread_entry)
    __arm_cp.4_11                            0x00002144   Number         4  main.o(.text.comm_thread_entry)
    __arm_cp.4_12                            0x00002148   Number         4  main.o(.text.comm_thread_entry)
    __arm_cp.4_14                            0x0000215c   Number         4  main.o(.text.comm_thread_entry)
    __arm_cp.4_15                            0x00002160   Number         4  main.o(.text.comm_thread_entry)
    __arm_cp.4_16                            0x00002164   Number         4  main.o(.text.comm_thread_entry)
    [Anonymous Symbol]                       0x00002168   Section        0  timer16.o(.text.enable_timer16)
    __arm_cp.3_1                             0x00002178   Number         4  timer16.o(.text.enable_timer16)
    [Anonymous Symbol]                       0x0000217c   Section        0  timer32.o(.text.enable_timer32)
    [Anonymous Symbol]                       0x0000218c   Section        0  timer16.o(.text.init_timer16PWM)
    __arm_cp.7_0                             0x000022c8   Number         4  timer16.o(.text.init_timer16PWM)
    __arm_cp.7_1                             0x000022cc   Number         4  timer16.o(.text.init_timer16PWM)
    __arm_cp.7_2                             0x000022d0   Number         4  timer16.o(.text.init_timer16PWM)
    __arm_cp.7_3                             0x000022d4   Number         4  timer16.o(.text.init_timer16PWM)
    __arm_cp.7_4                             0x000022d8   Number         4  timer16.o(.text.init_timer16PWM)
    __arm_cp.7_5                             0x000022dc   Number         4  timer16.o(.text.init_timer16PWM)
    __arm_cp.7_6                             0x000022e0   Number         4  timer16.o(.text.init_timer16PWM)
    __arm_cp.7_7                             0x000022e4   Number         4  timer16.o(.text.init_timer16PWM)
    [Anonymous Symbol]                       0x000022e8   Section        0  timer32.o(.text.init_timer32PWM)
    __arm_cp.5_0                             0x00002414   Number         4  timer32.o(.text.init_timer32PWM)
    __arm_cp.5_1                             0x00002418   Number         4  timer32.o(.text.init_timer32PWM)
    __arm_cp.5_2                             0x0000241c   Number         4  timer32.o(.text.init_timer32PWM)
    __arm_cp.5_3                             0x00002420   Number         4  timer32.o(.text.init_timer32PWM)
    __arm_cp.5_4                             0x00002424   Number         4  timer32.o(.text.init_timer32PWM)
    __arm_cp.5_5                             0x00002428   Number         4  timer32.o(.text.init_timer32PWM)
    __arm_cp.5_6                             0x0000242c   Number         4  timer32.o(.text.init_timer32PWM)
    [Anonymous Symbol]                       0x00002430   Section        0  motor.o(.text.left_motor)
    [Anonymous Symbol]                       0x000024c8   Section        0  main.o(.text.main)
    __arm_cp.1_0                             0x00002550   Number         4  main.o(.text.main)
    __arm_cp.1_1                             0x00002554   Number         4  main.o(.text.main)
    __arm_cp.1_3                             0x00002564   Number         4  main.o(.text.main)
    __arm_cp.1_4                             0x00002568   Number         4  main.o(.text.main)
    __arm_cp.1_5                             0x0000256c   Number         4  main.o(.text.main)
    __arm_cp.1_7                             0x00002580   Number         4  main.o(.text.main)
    __arm_cp.1_8                             0x00002584   Number         4  main.o(.text.main)
    __arm_cp.1_9                             0x00002588   Number         4  main.o(.text.main)
    __arm_cp.1_11                            0x00002598   Number         4  main.o(.text.main)
    [Anonymous Symbol]                       0x0000259c   Section        0  components.o(.text.main_thread_entry)
    __arm_cp.8_0                             0x000025b4   Number         4  components.o(.text.main_thread_entry)
    [Anonymous Symbol]                       0x000025b8   Section        0  motor.o(.text.motor_pwm_init)
    __arm_cp.1_0                             0x00002698   Number         4  motor.o(.text.motor_pwm_init)
    __arm_cp.1_1                             0x0000269c   Number         4  motor.o(.text.motor_pwm_init)
    __arm_cp.1_2                             0x000026a0   Number         4  motor.o(.text.motor_pwm_init)
    __arm_cp.1_3                             0x000026a4   Number         4  motor.o(.text.motor_pwm_init)
    __arm_cp.1_4                             0x000026a8   Number         4  motor.o(.text.motor_pwm_init)
    __arm_cp.1_5                             0x000026ac   Number         4  motor.o(.text.motor_pwm_init)
    oled_display_entry                       0x000026b1   Thumb Code    92  main.o(.text.oled_display_entry)
    [Anonymous Symbol]                       0x000026b0   Section        0  main.o(.text.oled_display_entry)
    __arm_cp.3_3                             0x00002730   Number         4  main.o(.text.oled_display_entry)
    __arm_cp.3_6                             0x00002770   Number         4  main.o(.text.oled_display_entry)
    __arm_cp.3_7                             0x00002774   Number         4  main.o(.text.oled_display_entry)
    [Anonymous Symbol]                       0x00002778   Section        0  pid.o(.text.pid_calculate)
    __arm_cp.1_0                             0x00002804   Number         4  pid.o(.text.pid_calculate)
    __arm_cp.1_1                             0x00002808   Number         4  pid.o(.text.pid_calculate)
    __arm_cp.1_2                             0x0000280c   Number         4  pid.o(.text.pid_calculate)
    __arm_cp.1_3                             0x00002810   Number         4  pid.o(.text.pid_calculate)
    __arm_cp.1_4                             0x00002814   Number         4  pid.o(.text.pid_calculate)
    __arm_cp.1_5                             0x00002818   Number         4  pid.o(.text.pid_calculate)
    __arm_cp.1_6                             0x0000281c   Number         4  pid.o(.text.pid_calculate)
    [Anonymous Symbol]                       0x00002820   Section        0  pid.o(.text.pid_init)
    [Anonymous Symbol]                       0x0000282e   Section        0  motor.o(.text.right_motor)
    [Anonymous Symbol]                       0x000028c4   Section        0  components.o(.text.rt_components_board_init)
    __arm_cp.4_0                             0x000028d8   Number         4  components.o(.text.rt_components_board_init)
    __arm_cp.4_1                             0x000028dc   Number         4  components.o(.text.rt_components_board_init)
    [Anonymous Symbol]                       0x000028e0   Section        0  scheduler.o(.text.rt_enter_critical)
    [Anonymous Symbol]                       0x000028f4   Section        0  scheduler.o(.text.rt_exit_critical)
    __arm_cp.6_0                             0x00002924   Number         4  scheduler.o(.text.rt_exit_critical)
    __arm_cp.6_1                             0x00002928   Number         4  scheduler.o(.text.rt_exit_critical)
    [Anonymous Symbol]                       0x0000292c   Section        0  mem.o(.text.rt_free)
    [Anonymous Symbol]                       0x000029dc   Section        0  board.o(.text.rt_heap_end_get)
    __arm_cp.1_0                             0x000029e8   Number         4  board.o(.text.rt_heap_end_get)
    [Anonymous Symbol]                       0x000029ec   Section        0  board.o(.text.rt_hw_board_init)
    __arm_cp.4_0                             0x00002a44   Number         4  board.o(.text.rt_hw_board_init)
    __arm_cp.4_1                             0x00002a48   Number         4  board.o(.text.rt_hw_board_init)
    __arm_cp.4_2                             0x00002a4c   Number         4  board.o(.text.rt_hw_board_init)
    __arm_cp.4_3                             0x00002a50   Number         4  board.o(.text.rt_hw_board_init)
    __arm_cp.4_4                             0x00002a54   Number         4  board.o(.text.rt_hw_board_init)
    __arm_cp.4_5                             0x00002a58   Number         4  board.o(.text.rt_hw_board_init)
    [Anonymous Symbol]                       0x00002a5c   Section        0  cpuport.o(.text.rt_hw_hard_fault_exception)
    [Anonymous Symbol]                       0x00002a60   Section        0  cpuport.o(.text.rt_hw_stack_init)
    __arm_cp.0_0                             0x00002ac4   Number         4  cpuport.o(.text.rt_hw_stack_init)
    [Anonymous Symbol]                       0x00002ac8   Section        0  irq.o(.text.rt_interrupt_enter)
    [Anonymous Symbol]                       0x00002adc   Section        0  irq.o(.text.rt_interrupt_leave)
    __arm_cp.1_0                             0x00002af0   Number         4  irq.o(.text.rt_interrupt_leave)
    [Anonymous Symbol]                       0x00002af4   Section        0  mem.o(.text.rt_malloc)
    __arm_cp.1_0                             0x00002c10   Number         4  mem.o(.text.rt_malloc)
    __arm_cp.1_1                             0x00002c14   Number         4  mem.o(.text.rt_malloc)
    __arm_cp.1_2                             0x00002c18   Number         4  mem.o(.text.rt_malloc)
    __arm_cp.1_3                             0x00002c1c   Number         4  mem.o(.text.rt_malloc)
    __arm_cp.1_4                             0x00002c20   Number         4  mem.o(.text.rt_malloc)
    __arm_cp.1_5                             0x00002c24   Number         4  mem.o(.text.rt_malloc)
    __arm_cp.1_6                             0x00002c28   Number         4  mem.o(.text.rt_malloc)
    [Anonymous Symbol]                       0x00002c2c   Section        0  kservice.o(.text.rt_memset)
    __arm_cp.3_0                             0x00002d10   Number         4  kservice.o(.text.rt_memset)
    [Anonymous Symbol]                       0x00002d14   Section        0  object.o(.text.rt_object_allocate)
    [Anonymous Symbol]                       0x00002d90   Section        0  object.o(.text.rt_object_delete)
    [Anonymous Symbol]                       0x00002dba   Section        0  object.o(.text.rt_object_detach)
    [Anonymous Symbol]                       0x00002de0   Section        0  object.o(.text.rt_object_init)
    __arm_cp.4_0                             0x00002e64   Number         4  object.o(.text.rt_object_init)
    [Anonymous Symbol]                       0x00002e68   Section        0  object.o(.text.rt_object_is_systemobject)
    [Anonymous Symbol]                       0x00002e70   Section        0  scheduler.o(.text.rt_schedule)
    __arm_cp.2_0                             0x00002ec4   Number         4  scheduler.o(.text.rt_schedule)
    __arm_cp.2_3                             0x00002ec8   Number         4  scheduler.o(.text.rt_schedule)
    __arm_cp.2_5                             0x00002ecc   Number         4  scheduler.o(.text.rt_schedule)
    [Anonymous Symbol]                       0x00002ed0   Section        0  scheduler.o(.text.rt_schedule_insert_thread)
    [Anonymous Symbol]                       0x00002f10   Section        0  scheduler.o(.text.rt_schedule_remove_thread)
    __arm_cp.4_0                             0x00002f50   Number         4  scheduler.o(.text.rt_schedule_remove_thread)
    __arm_cp.4_1                             0x00002f54   Number         4  scheduler.o(.text.rt_schedule_remove_thread)
    [Anonymous Symbol]                       0x00002f58   Section        0  ipc.o(.text.rt_sem_init)
    [Anonymous Symbol]                       0x00002f78   Section        0  ipc.o(.text.rt_sem_release)
    __arm_cp.6_0                             0x00002fc4   Number         4  ipc.o(.text.rt_sem_release)
    [Anonymous Symbol]                       0x00002fc8   Section        0  ipc.o(.text.rt_sem_take)
    [Anonymous Symbol]                       0x000030c4   Section        0  kservice.o(.text.rt_show_version)
    [Anonymous Symbol]                       0x000030c6   Section        0  kservice.o(.text.rt_strncpy)
    [Anonymous Symbol]                       0x00003150   Section        0  mem.o(.text.rt_system_heap_init)
    __arm_cp.0_0                             0x000031a8   Number         4  mem.o(.text.rt_system_heap_init)
    __arm_cp.0_1                             0x000031ac   Number         4  mem.o(.text.rt_system_heap_init)
    __arm_cp.0_2                             0x000031b0   Number         4  mem.o(.text.rt_system_heap_init)
    __arm_cp.0_3                             0x000031b4   Number         4  mem.o(.text.rt_system_heap_init)
    __arm_cp.0_4                             0x000031b8   Number         4  mem.o(.text.rt_system_heap_init)
    __arm_cp.0_6                             0x000031c4   Number         4  mem.o(.text.rt_system_heap_init)
    [Anonymous Symbol]                       0x000031c8   Section        0  scheduler.o(.text.rt_system_scheduler_init)
    __arm_cp.0_0                             0x00003280   Number         4  scheduler.o(.text.rt_system_scheduler_init)
    __arm_cp.0_3                             0x00003284   Number         4  scheduler.o(.text.rt_system_scheduler_init)
    [Anonymous Symbol]                       0x00003288   Section        0  scheduler.o(.text.rt_system_scheduler_start)
    __arm_cp.1_0                             0x000032ac   Number         4  scheduler.o(.text.rt_system_scheduler_start)
    __arm_cp.1_1                             0x000032b0   Number         4  scheduler.o(.text.rt_system_scheduler_start)
    [Anonymous Symbol]                       0x000032b4   Section        0  timer.o(.text.rt_system_timer_init)
    __arm_cp.9_0                             0x000032bc   Number         4  timer.o(.text.rt_system_timer_init)
    [Anonymous Symbol]                       0x000032c0   Section        0  timer.o(.text.rt_system_timer_thread_init)
    [Anonymous Symbol]                       0x000032c4   Section        0  thread.o(.text.rt_thread_create)
    [Anonymous Symbol]                       0x0000335c   Section        0  thread.o(.text.rt_thread_exit)
    rt_thread_idle_entry                     0x000033c1   Thumb Code     6  idle.o(.text.rt_thread_idle_entry)
    [Anonymous Symbol]                       0x000033c0   Section        0  idle.o(.text.rt_thread_idle_entry)
    [Anonymous Symbol]                       0x000033c8   Section        0  idle.o(.text.rt_thread_idle_excute)
    __arm_cp.0_0                             0x0000340c   Number         4  idle.o(.text.rt_thread_idle_excute)
    [Anonymous Symbol]                       0x00003410   Section        0  idle.o(.text.rt_thread_idle_init)
    __arm_cp.1_0                             0x00003440   Number         4  idle.o(.text.rt_thread_idle_init)
    __arm_cp.1_1                             0x00003444   Number         4  idle.o(.text.rt_thread_idle_init)
    __arm_cp.1_3                             0x00003450   Number         4  idle.o(.text.rt_thread_idle_init)
    [Anonymous Symbol]                       0x00003454   Section        0  thread.o(.text.rt_thread_init)
    __arm_cp.1_0                             0x000034c8   Number         4  thread.o(.text.rt_thread_init)
    __arm_cp.1_1                             0x000034cc   Number         4  thread.o(.text.rt_thread_init)
    [Anonymous Symbol]                       0x000034d0   Section        0  thread.o(.text.rt_thread_mdelay)
    [Anonymous Symbol]                       0x000034de   Section        0  thread.o(.text.rt_thread_resume)
    [Anonymous Symbol]                       0x00003524   Section        0  thread.o(.text.rt_thread_self)
    [Anonymous Symbol]                       0x0000352c   Section        0  thread.o(.text.rt_thread_sleep)
    [Anonymous Symbol]                       0x000035a0   Section        0  thread.o(.text.rt_thread_startup)
    __arm_cp.3_0                             0x000035f4   Number         4  thread.o(.text.rt_thread_startup)
    [Anonymous Symbol]                       0x000035f8   Section        0  thread.o(.text.rt_thread_suspend)
    [Anonymous Symbol]                       0x0000363e   Section        0  thread.o(.text.rt_thread_timeout)
    [Anonymous Symbol]                       0x00003664   Section        0  thread.o(.text.rt_thread_yield)
    __arm_cp.8_0                             0x000036b8   Number         4  thread.o(.text.rt_thread_yield)
    __arm_cp.8_1                             0x000036bc   Number         4  thread.o(.text.rt_thread_yield)
    [Anonymous Symbol]                       0x000036c0   Section        0  clock.o(.text.rt_tick_from_millisecond)
    [Anonymous Symbol]                       0x000036c8   Section        0  clock.o(.text.rt_tick_get)
    [Anonymous Symbol]                       0x000036d0   Section        0  clock.o(.text.rt_tick_increase)
    __arm_cp.3_0                             0x000036fc   Number         4  clock.o(.text.rt_tick_increase)
    [Anonymous Symbol]                       0x00003700   Section        0  timer.o(.text.rt_timer_check)
    __arm_cp.7_1                             0x00003794   Number         4  timer.o(.text.rt_timer_check)
    [Anonymous Symbol]                       0x00003798   Section        0  timer.o(.text.rt_timer_control)
    [Anonymous Symbol]                       0x000037ea   Section        0  timer.o(.text.rt_timer_detach)
    [Anonymous Symbol]                       0x0000381a   Section        0  timer.o(.text.rt_timer_init)
    [Anonymous Symbol]                       0x00003848   Section        0  timer.o(.text.rt_timer_start)
    __arm_cp.4_0                             0x000038d0   Number         4  timer.o(.text.rt_timer_start)
    __arm_cp.4_1                             0x000038d4   Number         4  timer.o(.text.rt_timer_start)
    __arm_cp.4_2                             0x000038d8   Number         4  timer.o(.text.rt_timer_start)
    [Anonymous Symbol]                       0x000038dc   Section        0  timer.o(.text.rt_timer_stop)
    rti_board_end                            0x00003913   Thumb Code     4  components.o(.text.rti_board_end)
    [Anonymous Symbol]                       0x00003912   Section        0  components.o(.text.rti_board_end)
    rti_board_start                          0x00003917   Thumb Code     4  components.o(.text.rti_board_start)
    [Anonymous Symbol]                       0x00003916   Section        0  components.o(.text.rti_board_start)
    rti_end                                  0x0000391b   Thumb Code     4  components.o(.text.rti_end)
    [Anonymous Symbol]                       0x0000391a   Section        0  components.o(.text.rti_end)
    rti_start                                0x0000391f   Thumb Code     4  components.o(.text.rti_start)
    [Anonymous Symbol]                       0x0000391e   Section        0  components.o(.text.rti_start)
    [Anonymous Symbol]                       0x00003924   Section        0  timer16.o(.text.setMatch_timer16PWM)
    __arm_cp.8_0                             0x00003990   Number         4  timer16.o(.text.setMatch_timer16PWM)
    __arm_cp.8_1                             0x00003994   Number         4  timer16.o(.text.setMatch_timer16PWM)
    [Anonymous Symbol]                       0x00003998   Section        0  timer32.o(.text.setMatch_timer32PWM)
    __arm_cp.6_0                             0x00003a04   Number         4  timer32.o(.text.setMatch_timer32PWM)
    __arm_cp.6_1                             0x00003a08   Number         4  timer32.o(.text.setMatch_timer32PWM)
    [Anonymous Symbol]                       0x00003a0c   Section        0  track.o(.text.track_check)
    __arm_cp.1_0                             0x00003ba4   Number         4  track.o(.text.track_check)
    __arm_cp.1_1                             0x00003ba8   Number         4  track.o(.text.track_check)
    __arm_cp.1_2                             0x00003bac   Number         4  track.o(.text.track_check)
    __arm_cp.1_3                             0x00003bb0   Number         4  track.o(.text.track_check)
    __arm_cp.1_6                             0x00003bb4   Number         4  track.o(.text.track_check)
    __arm_cp.1_7                             0x00003bb8   Number         4  track.o(.text.track_check)
    __arm_cp.1_8                             0x00003bbc   Number         4  track.o(.text.track_check)
    __arm_cp.1_9                             0x00003bc0   Number         4  track.o(.text.track_check)
    __arm_cp.1_10                            0x00003bc4   Number         4  track.o(.text.track_check)
    __arm_cp.1_11                            0x00003bc8   Number         4  track.o(.text.track_check)
    __arm_cp.1_12                            0x00003bcc   Number         4  track.o(.text.track_check)
    __arm_cp.1_13                            0x00003bd0   Number         4  track.o(.text.track_check)
    __arm_cp.1_14                            0x00003bd4   Number         4  track.o(.text.track_check)
    __arm_cp.1_15                            0x00003bd8   Number         4  track.o(.text.track_check)
    [Anonymous Symbol]                       0x00003bdc   Section        0  track.o(.text.track_init)
    __arm_cp.0_0                             0x00003c38   Number         4  track.o(.text.track_init)
    [Anonymous Symbol]                       0x00003c3c   Section        0  main.o(.text.track_move_control)
    __arm_cp.0_0                             0x00003ee8   Number         4  main.o(.text.track_move_control)
    __arm_cp.0_1                             0x00003eec   Number         4  main.o(.text.track_move_control)
    __arm_cp.0_2                             0x00003ef0   Number         4  main.o(.text.track_move_control)
    __arm_cp.0_3                             0x00003ef4   Number         4  main.o(.text.track_move_control)
    __arm_cp.0_5                             0x00003ef8   Number         4  main.o(.text.track_move_control)
    __arm_cp.0_6                             0x00003efc   Number         4  main.o(.text.track_move_control)
    __arm_cp.0_7                             0x00003f00   Number         4  main.o(.text.track_move_control)
    __arm_cp.0_8                             0x00003f04   Number         4  main.o(.text.track_move_control)
    __arm_cp.0_9                             0x00003f08   Number         4  main.o(.text.track_move_control)
    __arm_cp.0_10                            0x00003f0c   Number         4  main.o(.text.track_move_control)
    __arm_cp.0_11                            0x00003f10   Number         4  main.o(.text.track_move_control)
    __arm_cp.0_12                            0x00003f14   Number         4  main.o(.text.track_move_control)
    __arm_cp.0_13                            0x00003f18   Number         4  main.o(.text.track_move_control)
    __arm_cp.0_14                            0x00003f1c   Number         4  main.o(.text.track_move_control)
    __arm_cp.0_15                            0x00003f20   Number         4  main.o(.text.track_move_control)
    __arm_cp.0_16                            0x00003f24   Number         4  main.o(.text.track_move_control)
    __arm_cp.0_17                            0x00003f28   Number         4  main.o(.text.track_move_control)
    __arm_cp.0_18                            0x00003f2c   Number         4  main.o(.text.track_move_control)
    __arm_cp.0_19                            0x00003f30   Number         4  main.o(.text.track_move_control)
    __arm_cp.0_20                            0x00003f34   Number         4  main.o(.text.track_move_control)
    __arm_cp.0_21                            0x00003f38   Number         4  main.o(.text.track_move_control)
    __arm_cp.0_22                            0x00003f3c   Number         4  main.o(.text.track_move_control)
    __arm_cp.0_23                            0x00003f40   Number         4  main.o(.text.track_move_control)
    track_move_entry                         0x00003f45   Thumb Code    28  main.o(.text.track_move_entry)
    [Anonymous Symbol]                       0x00003f44   Section        0  main.o(.text.track_move_entry)
    __arm_cp.2_0                             0x00003f60   Number         4  main.o(.text.track_move_entry)
    i.__ARM_clz                              0x00003f64   Section        0  depilogue.o(i.__ARM_clz)
    i.__scatterload_copy                     0x00003f92   Section       14  handlers.o(i.__scatterload_copy)
    i.__scatterload_null                     0x00003fa0   Section        2  handlers.o(i.__scatterload_null)
    i.__scatterload_zeroinit                 0x00003fa2   Section       14  handlers.o(i.__scatterload_zeroinit)
    LPC_GPIO                                 0x000046a0   Data          16  gpio.o(.rodata.cst16)
    [Anonymous Symbol]                       0x000046a0   Section        0  gpio.o(.rodata.cst16)
    [Anonymous Symbol]                       0x000046b0   Section        0  main.o(.rodata.str1.1)
    [Anonymous Symbol]                       0x0000473b   Section        0  components.o(.rodata.str1.1)
    __tagsym$$used.0                         0x00004740   Number         0  components.o(.rti_fn.0)
    __tagsym$$used.1                         0x00004744   Number         0  components.o(.rti_fn.0.end)
    __tagsym$$used.2                         0x00004748   Number         0  components.o(.rti_fn.1.end)
    __tagsym$$used.3                         0x0000474c   Number         0  components.o(.rti_fn.6.end)
    rt_object_container                      0x10000014   Data          64  object.o(.data.rt_object_container)
    [Anonymous Symbol]                       0x10000014   Section        0  object.o(.data.rt_object_container)
    comm_thread                              0x100000f8   Data         120  main.o(.bss.comm_thread)
    [Anonymous Symbol]                       0x100000f8   Section        0  main.o(.bss.comm_thread)
    comm_thread_stack                        0x10000170   Data        1024  main.o(.bss.comm_thread_stack)
    [Anonymous Symbol]                       0x10000170   Section        0  main.o(.bss.comm_thread_stack)
    current_state                            0x10000570   Data           1  main.o(.bss.current_state)
    [Anonymous Symbol]                       0x10000570   Section        0  main.o(.bss.current_state)
    detect_start_tick                        0x10000574   Data           4  main.o(.bss.detect_start_tick)
    [Anonymous Symbol]                       0x10000574   Section        0  main.o(.bss.detect_start_tick)
    find_black_flag                          0x10000578   Data           1  main.o(.bss.find_black_flag)
    [Anonymous Symbol]                       0x10000578   Section        0  main.o(.bss.find_black_flag)
    forward_after_black_tick                 0x1000057c   Data           4  main.o(.bss.forward_after_black_tick)
    [Anonymous Symbol]                       0x1000057c   Section        0  main.o(.bss.forward_after_black_tick)
    heap_end                                 0x10000580   Data           4  mem.o(.bss.heap_end)
    [Anonymous Symbol]                       0x10000580   Section        0  mem.o(.bss.heap_end)
    heap_ptr                                 0x10000584   Data           4  mem.o(.bss.heap_ptr)
    [Anonymous Symbol]                       0x10000584   Section        0  mem.o(.bss.heap_ptr)
    heap_sem                                 0x10000588   Data          32  mem.o(.bss.heap_sem)
    [Anonymous Symbol]                       0x10000588   Section        0  mem.o(.bss.heap_sem)
    idle                                     0x100005a8   Data         120  idle.o(.bss.idle)
    [Anonymous Symbol]                       0x100005a8   Section        0  idle.o(.bss.idle)
    init_turn_right_start_tick               0x10000620   Data           4  main.o(.bss.init_turn_right_start_tick)
    [Anonymous Symbol]                       0x10000620   Section        0  main.o(.bss.init_turn_right_start_tick)
    lfree                                    0x1000062c   Data           4  mem.o(.bss.lfree)
    [Anonymous Symbol]                       0x1000062c   Section        0  mem.o(.bss.lfree)
    max_mem                                  0x10000630   Data           4  mem.o(.bss.max_mem)
    [Anonymous Symbol]                       0x10000630   Section        0  mem.o(.bss.max_mem)
    mem_size_aligned                         0x10000634   Data           4  mem.o(.bss.mem_size_aligned)
    [Anonymous Symbol]                       0x10000634   Section        0  mem.o(.bss.mem_size_aligned)
    oled_display_thread                      0x1000063c   Data         120  main.o(.bss.oled_display_thread)
    [Anonymous Symbol]                       0x1000063c   Section        0  main.o(.bss.oled_display_thread)
    oled_display_thread_stack                0x100006b4   Data        1024  main.o(.bss.oled_display_thread_stack)
    [Anonymous Symbol]                       0x100006b4   Section        0  main.o(.bss.oled_display_thread_stack)
    oled_msg_line4                           0x10000ab4   Data          16  main.o(.bss.oled_msg_line4)
    [Anonymous Symbol]                       0x10000ab4   Section        0  main.o(.bss.oled_msg_line4)
    oled_update_flag                         0x10000ac4   Data           1  main.o(.bss.oled_update_flag)
    [Anonymous Symbol]                       0x10000ac4   Section        0  main.o(.bss.oled_update_flag)
    park_frame_count                         0x10000ac5   Data           1  main.o(.bss.park_frame_count)
    [Anonymous Symbol]                       0x10000ac5   Section        0  main.o(.bss.park_frame_count)
    park_frame_detect_cnt                    0x10000ac6   Data           1  main.o(.bss.park_frame_detect_cnt)
    [Anonymous Symbol]                       0x10000ac6   Section        0  main.o(.bss.park_frame_detect_cnt)
    park_frame_last_tick                     0x10000ac8   Data           4  main.o(.bss.park_frame_last_tick)
    [Anonymous Symbol]                       0x10000ac8   Section        0  main.o(.bss.park_frame_last_tick)
    rt_heap                                  0x10000ad8   Data        2048  board.o(.bss.rt_heap)
    [Anonymous Symbol]                       0x10000ad8   Section        0  board.o(.bss.rt_heap)
    rt_scheduler_lock_nest                   0x100012e4   Data           2  scheduler.o(.bss.rt_scheduler_lock_nest)
    [Anonymous Symbol]                       0x100012e4   Section        0  scheduler.o(.bss.rt_scheduler_lock_nest)
    rt_thread_stack                          0x100013f4   Data         256  idle.o(.bss.rt_thread_stack)
    [Anonymous Symbol]                       0x100013f4   Section        0  idle.o(.bss.rt_thread_stack)
    rt_tick                                  0x100014f8   Data           4  clock.o(.bss.rt_tick)
    [Anonymous Symbol]                       0x100014f8   Section        0  clock.o(.bss.rt_tick)
    rt_timer_list                            0x100014fc   Data           8  timer.o(.bss.rt_timer_list)
    [Anonymous Symbol]                       0x100014fc   Section        0  timer.o(.bss.rt_timer_list)
    rt_timer_start.random_nr                 0x10001504   Data           4  timer.o(.bss.rt_timer_start.random_nr)
    [Anonymous Symbol]                       0x10001504   Section        0  timer.o(.bss.rt_timer_start.random_nr)
    send_car2_ready_flag                     0x10001508   Data           1  main.o(.bss.send_car2_ready_flag)
    [Anonymous Symbol]                       0x10001508   Section        0  main.o(.bss.send_car2_ready_flag)
    send_to_car2_flag                        0x10001509   Data           1  main.o(.bss.send_to_car2_flag)
    [Anonymous Symbol]                       0x10001509   Section        0  main.o(.bss.send_to_car2_flag)
    track_move_thread                        0x10001530   Data         120  main.o(.bss.track_move_thread)
    [Anonymous Symbol]                       0x10001530   Section        0  main.o(.bss.track_move_thread)
    track_move_thread_stack                  0x100015a8   Data        1024  main.o(.bss.track_move_thread_stack)
    [Anonymous Symbol]                       0x100015a8   Section        0  main.o(.bss.track_move_thread_stack)
    turn_right_start_tick                    0x10001a18   Data           4  main.o(.bss.turn_right_start_tick)
    [Anonymous Symbol]                       0x10001a18   Section        0  main.o(.bss.turn_right_start_tick)
    used_mem                                 0x10001a1c   Data           4  mem.o(.bss.used_mem)
    [Anonymous Symbol]                       0x10001a1c   Section        0  mem.o(.bss.used_mem)
    STACK                                    0x10001a20   Section      512  startup_lpc11xx.o(STACK)

    Global Symbols

    Symbol Name                              Value     Ov Type        Size  Object(Section)

    BuildAttributes$$THM_ISAv3M$S$PE$A:L22$X:L11$S22$IEEE1$IW$~IW$USESV6$~STKCKD$USESV7$~SHL$OTIME$ROPI$EBA8$MICROLIB$REQ8$PRES8$EABIv2 0x00000000   Number         0  anon$$obj.o ABSOLUTE
    __Vectors                                0x00000000   Data           4  startup_lpc11xx.o(RESET)
    __cpp_initialize__aeabi_                  - Undefined Weak Reference
    __cxa_finalize                            - Undefined Weak Reference
    __decompress                              - Undefined Weak Reference
    _clock_init                               - Undefined Weak Reference
    _microlib_exit                            - Undefined Weak Reference
    __main                                   0x000000c1   Thumb Code     0  entry.o(.ARM.Collect$$$$00000000)
    _main_stk                                0x000000c1   Thumb Code     0  entry2.o(.ARM.Collect$$$$00000001)
    _main_scatterload                        0x000000c5   Thumb Code     0  entry5.o(.ARM.Collect$$$$00000004)
    __main_after_scatterload                 0x000000c9   Thumb Code     0  entry5.o(.ARM.Collect$$$$00000004)
    _main_clock                              0x000000c9   Thumb Code     0  entry7b.o(.ARM.Collect$$$$00000008)
    _main_cpp_init                           0x000000c9   Thumb Code     0  entry8b.o(.ARM.Collect$$$$0000000A)
    _main_init                               0x000000c9   Thumb Code     0  entry9a.o(.ARM.Collect$$$$0000000B)
    __rt_final_cpp                           0x000000d1   Thumb Code     0  entry10a.o(.ARM.Collect$$$$0000000D)
    __rt_final_exit                          0x000000d1   Thumb Code     0  entry11a.o(.ARM.Collect$$$$0000000F)
    Reset_Handler                            0x000000d5   Thumb Code     8  startup_lpc11xx.o(.text)
    NMI_Handler                              0x000000dd   Thumb Code     2  startup_lpc11xx.o(.text)
    SVC_Handler                              0x000000e1   Thumb Code     2  startup_lpc11xx.o(.text)
    ADC_IRQHandler                           0x000000e7   Thumb Code     0  startup_lpc11xx.o(.text)
    BOD_IRQHandler                           0x000000e7   Thumb Code     0  startup_lpc11xx.o(.text)
    CAN_IRQHandler                           0x000000e7   Thumb Code     0  startup_lpc11xx.o(.text)
    FMC_IRQHandler                           0x000000e7   Thumb Code     0  startup_lpc11xx.o(.text)
    PIOINT0_IRQHandler                       0x000000e7   Thumb Code     0  startup_lpc11xx.o(.text)
    PIOINT2_IRQHandler                       0x000000e7   Thumb Code     0  startup_lpc11xx.o(.text)
    PIOINT3_IRQHandler                       0x000000e7   Thumb Code     0  startup_lpc11xx.o(.text)
    SSP0_IRQHandler                          0x000000e7   Thumb Code     0  startup_lpc11xx.o(.text)
    SSP1_IRQHandler                          0x000000e7   Thumb Code     0  startup_lpc11xx.o(.text)
    TIMER32_0_IRQHandler                     0x000000e7   Thumb Code     0  startup_lpc11xx.o(.text)
    TIMER32_1_IRQHandler                     0x000000e7   Thumb Code     0  startup_lpc11xx.o(.text)
    UART_IRQHandler                          0x000000e7   Thumb Code     0  startup_lpc11xx.o(.text)
    USB_FIQHandler                           0x000000e7   Thumb Code     0  startup_lpc11xx.o(.text)
    USB_IRQHandler                           0x000000e7   Thumb Code     0  startup_lpc11xx.o(.text)
    WAKEUP_IRQHandler                        0x000000e7   Thumb Code     0  startup_lpc11xx.o(.text)
    WDT_IRQHandler                           0x000000e7   Thumb Code     0  startup_lpc11xx.o(.text)
    rt_hw_interrupt_disable                  0x000000f1   Thumb Code     8  context_rvds.o(.text)
    rt_hw_interrupt_enable                   0x000000f9   Thumb Code     6  context_rvds.o(.text)
    rt_hw_context_switch                     0x000000ff   Thumb Code    28  context_rvds.o(.text)
    rt_hw_context_switch_interrupt           0x000000ff   Thumb Code     0  context_rvds.o(.text)
    PendSV_Handler                           0x0000011b   Thumb Code    84  context_rvds.o(.text)
    rt_hw_context_switch_to                  0x0000016f   Thumb Code    44  context_rvds.o(.text)
    rt_hw_interrupt_thread_switch            0x0000019b   Thumb Code     2  context_rvds.o(.text)
    HardFault_Handler                        0x0000019d   Thumb Code    12  context_rvds.o(.text)
    __aeabi_memset                           0x000001c9   Thumb Code    14  memseta.o(.text)
    __aeabi_memset4                          0x000001c9   Thumb Code     0  memseta.o(.text)
    __aeabi_memset8                          0x000001c9   Thumb Code     0  memseta.o(.text)
    __aeabi_memclr                           0x000001d7   Thumb Code     4  memseta.o(.text)
    __aeabi_memclr4                          0x000001d7   Thumb Code     0  memseta.o(.text)
    __aeabi_memclr8                          0x000001d7   Thumb Code     0  memseta.o(.text)
    _memset$wrapper                          0x000001db   Thumb Code    18  memseta.o(.text)
    __aeabi_fadd                             0x000001ed   Thumb Code   162  fadd.o(.text)
    __aeabi_fsub                             0x0000028f   Thumb Code     8  fadd.o(.text)
    __aeabi_frsub                            0x00000297   Thumb Code     8  fadd.o(.text)
    __aeabi_fcmpge                           0x0000029f   Thumb Code    28  fcmpge.o(.text)
    __aeabi_fcmpgt                           0x000002bb   Thumb Code    28  fcmpgt.o(.text)
    __aeabi_fcmpeq                           0x000002d7   Thumb Code    28  fcmpeq.o(.text)
    __I$use$fp                               0x000002f3   Thumb Code     0  iusefp.o(.text)
    rt_heap_begin_get                        0x000002f5   Thumb Code     4  board.o(.text.rt_heap_begin_get)
    __aeabi_fmul                             0x00000301   Thumb Code   122  fmul.o(.text)
    __aeabi_dadd                             0x0000037d   Thumb Code   328  dadd.o(.text)
    __aeabi_dsub                             0x000004c5   Thumb Code    12  dadd.o(.text)
    __aeabi_drsub                            0x000004d1   Thumb Code    12  dadd.o(.text)
    __aeabi_f2iz                             0x000004e1   Thumb Code    50  ffixi.o(.text)
    __aeabi_d2iz                             0x00000515   Thumb Code    62  dfixi.o(.text)
    __aeabi_f2d                              0x0000055d   Thumb Code    40  f2d.o(.text)
    __aeabi_uidiv                            0x00000585   Thumb Code     0  uidiv_div0.o(.text)
    __aeabi_uidivmod                         0x00000585   Thumb Code    62  uidiv_div0.o(.text)
    __aeabi_llsl                             0x000005c3   Thumb Code    32  llshl.o(.text)
    _ll_shift_l                              0x000005c3   Thumb Code     0  llshl.o(.text)
    __aeabi_llsr                             0x000005e3   Thumb Code    34  llushr.o(.text)
    _ll_ushift_r                             0x000005e3   Thumb Code     0  llushr.o(.text)
    __aeabi_lasr                             0x00000605   Thumb Code    38  llsshr.o(.text)
    _ll_sshift_r                             0x00000605   Thumb Code     0  llsshr.o(.text)
    _float_round                             0x0000062b   Thumb Code    16  fepilogue.o(.text)
    _float_epilogue                          0x0000063b   Thumb Code   114  fepilogue.o(.text)
    _double_round                            0x000006ad   Thumb Code    26  depilogue.o(.text)
    _double_epilogue                         0x000006c7   Thumb Code   164  depilogue.o(.text)
    __scatterload                            0x0000076d   Thumb Code    38  init.o(.text)
    __scatterload_rt2                        0x0000076d   Thumb Code     0  init.o(.text)
    main                                     0x0000079d   Thumb Code    72  components.o(.text.$Sub$$main)
    GPIOGetValue                             0x000007ed   Thumb Code    44  gpio.o(.text.GPIOGetValue)
    GPIOInit                                 0x00000829   Thumb Code    12  gpio.o(.text.GPIOInit)
    GPIOIntClear                             0x00000839   Thumb Code    44  gpio.o(.text.GPIOIntClear)
    GPIOIntEnable                            0x00000875   Thumb Code    44  gpio.o(.text.GPIOIntEnable)
    GPIOIntStatus                            0x000008b1   Thumb Code    44  gpio.o(.text.GPIOIntStatus)
    GPIOSetDir                               0x000008ed   Thumb Code    40  gpio.o(.text.GPIOSetDir)
    GPIOSetInterrupt                         0x00000915   Thumb Code   116  gpio.o(.text.GPIOSetInterrupt)
    GPIOSetValue                             0x00000999   Thumb Code    20  gpio.o(.text.GPIOSetValue)
    I2CEngine                                0x000009b1   Thumb Code   120  i2c.o(.text.I2CEngine)
    I2CInit                                  0x00000a2d   Thumb Code    88  i2c.o(.text.I2CInit)
    I2C_IRQHandler                           0x00000a8d   Thumb Code   268  i2c.o(.text.I2C_IRQHandler)
    KEY_IRQ_Init                             0x00000bb9   Thumb Code    72  key.o(.text.KEY_IRQ_Init)
    LED_Init                                 0x00000c09   Thumb Code   116  led.o(.text.LED_Init)
    LED_Off                                  0x00000c7d   Thumb Code    14  led.o(.text.LED_Off)
    LED_On                                   0x00000c8b   Thumb Code    14  led.o(.text.LED_On)
    LeftFrontLight_Off                       0x00000c99   Thumb Code    14  led.o(.text.LeftFrontLight_Off)
    LeftFrontLight_On                        0x00000ca7   Thumb Code    14  led.o(.text.LeftFrontLight_On)
    LeftRearLight_Off                        0x00000cb5   Thumb Code    14  led.o(.text.LeftRearLight_Off)
    LeftRearLight_On                         0x00000cc3   Thumb Code    14  led.o(.text.LeftRearLight_On)
    NRF24L01_FlushTx                         0x00000cd1   Thumb Code    94  nrf24l01.o(.text.NRF24L01_FlushTx)
    NRF24L01_GPIO_Init                       0x00000d31   Thumb Code   128  nrf24l01.o(.text.NRF24L01_GPIO_Init)
    NRF24L01_Init                            0x00000db5   Thumb Code   144  nrf24l01.o(.text.NRF24L01_Init)
    NRF24L01_ReadReg                         0x00000e45   Thumb Code   162  nrf24l01.o(.text.NRF24L01_ReadReg)
    NRF24L01_ReadStatus                      0x00000ee7   Thumb Code    96  nrf24l01.o(.text.NRF24L01_ReadStatus)
    NRF24L01_Send                            0x00000f49   Thumb Code   200  nrf24l01.o(.text.NRF24L01_Send)
    NRF24L01_WriteReg                        0x00001021   Thumb Code   166  nrf24l01.o(.text.NRF24L01_WriteReg)
    NRF24L01_WriteRegs                       0x000010c7   Thumb Code   194  nrf24l01.o(.text.NRF24L01_WriteRegs)
    NRF24L01_WriteTxPayload                  0x00001189   Thumb Code   190  nrf24l01.o(.text.NRF24L01_WriteTxPayload)
    OLED_Clear                               0x00001249   Thumb Code   264  oled.o(.text.OLED_Clear)
    OLED_Init                                0x00001359   Thumb Code  1220  oled.o(.text.OLED_Init)
    OLED_ShowChar                            0x00001825   Thumb Code  1300  oled.o(.text.OLED_ShowChar)
    OLED_ShowString                          0x00001d45   Thumb Code    44  oled.o(.text.OLED_ShowString)
    PIOINT1_IRQHandler                       0x00001d71   Thumb Code    32  key.o(.text.PIOINT1_IRQHandler)
    RightFrontLight_Off                      0x00001d95   Thumb Code    14  led.o(.text.RightFrontLight_Off)
    RightFrontLight_On                       0x00001da3   Thumb Code    14  led.o(.text.RightFrontLight_On)
    RightRearLight_Off                       0x00001db1   Thumb Code    14  led.o(.text.RightRearLight_Off)
    RightRearLight_On                        0x00001dbf   Thumb Code    14  led.o(.text.RightRearLight_On)
    SysTick_Handler                          0x00001dcd   Thumb Code    16  board.o(.text.SysTick_Handler)
    SystemInit                               0x00001ddd   Thumb Code   208  system_lpc11xx.o(.text.SystemInit)
    TIMER16_0_IRQHandler                     0x00001eb5   Thumb Code    40  timer16.o(.text.TIMER16_0_IRQHandler)
    TIMER16_1_IRQHandler                     0x00001ee9   Thumb Code    40  timer16.o(.text.TIMER16_1_IRQHandler)
    UARTInit                                 0x00001f19   Thumb Code   216  uart.o(.text.UARTInit)
    __rt_ffs                                 0x00002009   Thumb Code    56  kservice.o(.text.__rt_ffs)
    enable_timer16                           0x00002169   Thumb Code    16  timer16.o(.text.enable_timer16)
    enable_timer32                           0x0000217d   Thumb Code    16  timer32.o(.text.enable_timer32)
    init_timer16PWM                          0x0000218d   Thumb Code   316  timer16.o(.text.init_timer16PWM)
    init_timer32PWM                          0x000022e9   Thumb Code   300  timer32.o(.text.init_timer32PWM)
    left_motor                               0x00002431   Thumb Code   150  motor.o(.text.left_motor)
    $Super$$main                             0x000024c9   Thumb Code   136  main.o(.text.main)
    main_thread_entry                        0x0000259d   Thumb Code    24  components.o(.text.main_thread_entry)
    motor_pwm_init                           0x000025b9   Thumb Code   224  motor.o(.text.motor_pwm_init)
    pid_calculate                            0x00002779   Thumb Code   140  pid.o(.text.pid_calculate)
    pid_init                                 0x00002821   Thumb Code    14  pid.o(.text.pid_init)
    right_motor                              0x0000282f   Thumb Code   150  motor.o(.text.right_motor)
    rt_components_board_init                 0x000028c5   Thumb Code    20  components.o(.text.rt_components_board_init)
    rt_enter_critical                        0x000028e1   Thumb Code    20  scheduler.o(.text.rt_enter_critical)
    rt_exit_critical                         0x000028f5   Thumb Code    48  scheduler.o(.text.rt_exit_critical)
    rt_free                                  0x0000292d   Thumb Code   176  mem.o(.text.rt_free)
    rt_heap_end_get                          0x000029dd   Thumb Code    12  board.o(.text.rt_heap_end_get)
    rt_hw_board_init                         0x000029ed   Thumb Code    88  board.o(.text.rt_hw_board_init)
    rt_hw_hard_fault_exception               0x00002a5d   Thumb Code     2  cpuport.o(.text.rt_hw_hard_fault_exception)
    rt_hw_stack_init                         0x00002a61   Thumb Code   100  cpuport.o(.text.rt_hw_stack_init)
    rt_interrupt_enter                       0x00002ac9   Thumb Code    20  irq.o(.text.rt_interrupt_enter)
    rt_interrupt_leave                       0x00002add   Thumb Code    20  irq.o(.text.rt_interrupt_leave)
    rt_malloc                                0x00002af5   Thumb Code   284  mem.o(.text.rt_malloc)
    rt_memset                                0x00002c2d   Thumb Code   228  kservice.o(.text.rt_memset)
    rt_object_allocate                       0x00002d15   Thumb Code   124  object.o(.text.rt_object_allocate)
    rt_object_delete                         0x00002d91   Thumb Code    42  object.o(.text.rt_object_delete)
    rt_object_detach                         0x00002dbb   Thumb Code    36  object.o(.text.rt_object_detach)
    rt_object_init                           0x00002de1   Thumb Code   132  object.o(.text.rt_object_init)
    rt_object_is_systemobject                0x00002e69   Thumb Code     6  object.o(.text.rt_object_is_systemobject)
    rt_schedule                              0x00002e71   Thumb Code    84  scheduler.o(.text.rt_schedule)
    rt_schedule_insert_thread                0x00002ed1   Thumb Code    64  scheduler.o(.text.rt_schedule_insert_thread)
    rt_schedule_remove_thread                0x00002f11   Thumb Code    64  scheduler.o(.text.rt_schedule_remove_thread)
    rt_sem_init                              0x00002f59   Thumb Code    32  ipc.o(.text.rt_sem_init)
    rt_sem_release                           0x00002f79   Thumb Code    76  ipc.o(.text.rt_sem_release)
    rt_sem_take                              0x00002fc9   Thumb Code   252  ipc.o(.text.rt_sem_take)
    rt_show_version                          0x000030c5   Thumb Code     2  kservice.o(.text.rt_show_version)
    rt_strncpy                               0x000030c7   Thumb Code   136  kservice.o(.text.rt_strncpy)
    rt_system_heap_init                      0x00003151   Thumb Code    88  mem.o(.text.rt_system_heap_init)
    rt_system_scheduler_init                 0x000031c9   Thumb Code   184  scheduler.o(.text.rt_system_scheduler_init)
    rt_system_scheduler_start                0x00003289   Thumb Code    36  scheduler.o(.text.rt_system_scheduler_start)
    rt_system_timer_init                     0x000032b5   Thumb Code     8  timer.o(.text.rt_system_timer_init)
    rt_system_timer_thread_init              0x000032c1   Thumb Code     2  timer.o(.text.rt_system_timer_thread_init)
    rt_thread_create                         0x000032c5   Thumb Code   152  thread.o(.text.rt_thread_create)
    rt_thread_exit                           0x0000335d   Thumb Code   100  thread.o(.text.rt_thread_exit)
    rt_thread_idle_excute                    0x000033c9   Thumb Code    68  idle.o(.text.rt_thread_idle_excute)
    rt_thread_idle_init                      0x00003411   Thumb Code    48  idle.o(.text.rt_thread_idle_init)
    rt_thread_init                           0x00003455   Thumb Code   116  thread.o(.text.rt_thread_init)
    rt_thread_mdelay                         0x000034d1   Thumb Code    14  thread.o(.text.rt_thread_mdelay)
    rt_thread_resume                         0x000034df   Thumb Code    70  thread.o(.text.rt_thread_resume)
    rt_thread_self                           0x00003525   Thumb Code     8  thread.o(.text.rt_thread_self)
    rt_thread_sleep                          0x0000352d   Thumb Code   116  thread.o(.text.rt_thread_sleep)
    rt_thread_startup                        0x000035a1   Thumb Code    84  thread.o(.text.rt_thread_startup)
    rt_thread_suspend                        0x000035f9   Thumb Code    70  thread.o(.text.rt_thread_suspend)
    rt_thread_timeout                        0x0000363f   Thumb Code    36  thread.o(.text.rt_thread_timeout)
    rt_thread_yield                          0x00003665   Thumb Code    84  thread.o(.text.rt_thread_yield)
    rt_tick_from_millisecond                 0x000036c1   Thumb Code     6  clock.o(.text.rt_tick_from_millisecond)
    rt_tick_get                              0x000036c9   Thumb Code     8  clock.o(.text.rt_tick_get)
    rt_tick_increase                         0x000036d1   Thumb Code    44  clock.o(.text.rt_tick_increase)
    rt_timer_check                           0x00003701   Thumb Code   148  timer.o(.text.rt_timer_check)
    rt_timer_control                         0x00003799   Thumb Code    82  timer.o(.text.rt_timer_control)
    rt_timer_detach                          0x000037eb   Thumb Code    48  timer.o(.text.rt_timer_detach)
    rt_timer_init                            0x0000381b   Thumb Code    46  timer.o(.text.rt_timer_init)
    rt_timer_start                           0x00003849   Thumb Code   136  timer.o(.text.rt_timer_start)
    rt_timer_stop                            0x000038dd   Thumb Code    54  timer.o(.text.rt_timer_stop)
    setMatch_timer16PWM                      0x00003925   Thumb Code   108  timer16.o(.text.setMatch_timer16PWM)
    setMatch_timer32PWM                      0x00003999   Thumb Code   108  timer32.o(.text.setMatch_timer32PWM)
    track_check                              0x00003a0d   Thumb Code   408  track.o(.text.track_check)
    track_init                               0x00003bdd   Thumb Code    92  track.o(.text.track_init)
    track_move_control                       0x00003c3d   Thumb Code   684  main.o(.text.track_move_control)
    __ARM_clz                                0x00003f65   Thumb Code    46  depilogue.o(i.__ARM_clz)
    __scatterload_copy                       0x00003f93   Thumb Code    14  handlers.o(i.__scatterload_copy)
    __scatterload_null                       0x00003fa1   Thumb Code     2  handlers.o(i.__scatterload_null)
    __scatterload_zeroinit                   0x00003fa3   Thumb Code    14  handlers.o(i.__scatterload_zeroinit)
    OLED_F8x16                               0x00003fb0   Data        1520  oled.o(.rodata.OLED_F8x16)
    __lowest_bit_bitmap                      0x000045a0   Data         256  kservice.o(.rodata.__lowest_bit_bitmap)
    __rt_init_rti_start                      0x00004740   Data           4  components.o(.rti_fn.0)
    __rt_init_rti_board_start                0x00004744   Data           4  components.o(.rti_fn.0.end)
    __rt_init_rti_board_end                  0x00004748   Data           4  components.o(.rti_fn.1.end)
    __rt_init_rti_end                        0x0000474c   Data           4  components.o(.rti_fn.6.end)
    Region$$Table$$Base                      0x00004750   Number         0  anon$$obj.o(Region$$Table)
    Region$$Table$$Limit                     0x00004770   Number         0  anon$$obj.o(Region$$Table)
    NRF24L01_RxAddress                       0x10000000   Data           5  nrf24l01.o(.data.NRF24L01_RxAddress)
    NRF24L01_TxAddress                       0x10000005   Data           5  nrf24l01.o(.data.NRF24L01_TxAddress)
    SystemCoreClock                          0x1000000c   Data           4  system_lpc11xx.o(.data.SystemCoreClock)
    UARTTxEmpty                              0x10000010   Data           1  uart.o(.data.UARTTxEmpty)
    I2CMasterBuffer                          0x10000058   Data          64  i2c.o(.bss.I2CMasterBuffer)
    I2CMasterState                           0x10000098   Data           4  i2c.o(.bss.I2CMasterState)
    I2CReadLength                            0x1000009c   Data           4  i2c.o(.bss.I2CReadLength)
    I2CSlaveBuffer                           0x100000a0   Data          64  i2c.o(.bss.I2CSlaveBuffer)
    I2CWriteLength                           0x100000e0   Data           4  i2c.o(.bss.I2CWriteLength)
    NRF24L01_TxPacket                        0x100000e4   Data           4  nrf24l01.o(.bss.NRF24L01_TxPacket)
    RdIndex                                  0x100000e8   Data           4  i2c.o(.bss.RdIndex)
    SendFailedCount                          0x100000ec   Data           1  main.o(.bss.SendFailedCount)
    SendFlag                                 0x100000ed   Data           1  main.o(.bss.SendFlag)
    SendSuccessCount                         0x100000ee   Data           1  main.o(.bss.SendSuccessCount)
    UARTCount                                0x100000f0   Data           4  uart.o(.bss.UARTCount)
    WrIndex                                  0x100000f4   Data           4  i2c.o(.bss.WrIndex)
    key_flag                                 0x10000624   Data           1  key.o(.bss.key_flag)
    left_speed                               0x10000628   Data           4  main.o(.bss.left_speed)
    move_flag                                0x10000638   Data           4  main.o(.bss.move_flag)
    right_speed                              0x10000acc   Data           4  main.o(.bss.right_speed)
    rt_current_priority                      0x10000ad0   Data           1  scheduler.o(.bss.rt_current_priority)
    rt_current_thread                        0x10000ad4   Data           4  scheduler.o(.bss.rt_current_thread)
    rt_interrupt_from_thread                 0x100012d8   Data           4  cpuport.o(.bss.rt_interrupt_from_thread)
    rt_interrupt_nest                        0x100012dc   Data           1  irq.o(.bss.rt_interrupt_nest)
    rt_interrupt_to_thread                   0x100012e0   Data           4  cpuport.o(.bss.rt_interrupt_to_thread)
    rt_thread_defunct                        0x100012e8   Data           8  scheduler.o(.bss.rt_thread_defunct)
    rt_thread_priority_table                 0x100012f0   Data         256  scheduler.o(.bss.rt_thread_priority_table)
    rt_thread_ready_priority_group           0x100013f0   Data           4  scheduler.o(.bss.rt_thread_ready_priority_group)
    rt_thread_switch_interrupt_flag          0x100014f4   Data           4  cpuport.o(.bss.rt_thread_switch_interrupt_flag)
    timeout                                  0x1000150c   Data           4  i2c.o(.bss.timeout)
    timer16_0_capture                        0x10001510   Data           4  timer16.o(.bss.timer16_0_capture)
    timer16_0_counter                        0x10001514   Data           4  timer16.o(.bss.timer16_0_counter)
    timer16_0_period                         0x10001518   Data           4  timer16.o(.bss.timer16_0_period)
    timer16_1_capture                        0x1000151c   Data           4  timer16.o(.bss.timer16_1_capture)
    timer16_1_counter                        0x10001520   Data           4  timer16.o(.bss.timer16_1_counter)
    timer16_1_period                         0x10001524   Data           4  timer16.o(.bss.timer16_1_period)
    timer32_0_period                         0x10001528   Data           4  timer32.o(.bss.timer32_0_period)
    timer32_1_period                         0x1000152c   Data           4  timer32.o(.bss.timer32_1_period)
    track_pid                                0x100019a8   Data          20  main.o(.bss.track_pid)
    track_state                              0x100019bc   Data           1  track.o(.bss.track_state)
    track_status                             0x100019c0   Data           4  track.o(.bss.track_status)
    track_status_backup                      0x100019c4   Data          80  track.o(.bss.track_status_backup)
    track_status_worse                       0x10001a14   Data           4  track.o(.bss.track_status_worse)
    __initial_sp                             0x10001c20   Data           0  startup_lpc11xx.o(STACK)



==============================================================================

Memory Map of the image

  Image Entry point : 0x000000c1

  Load Region LR_IROM1 (Base: 0x00000000, Size: 0x000047c8, Max: 0x00008000, ABSOLUTE)

    Execution Region ER_IROM1 (Exec base: 0x00000000, Load base: 0x00000000, Size: 0x00004770, Max: 0x00008000, ABSOLUTE)

    Exec Addr    Load Addr    Size         Type   Attr      Idx    E Section Name        Object

    0x00000000   0x00000000   0x000000c0   Data   RO          395    RESET               startup_lpc11xx.o
    0x000000c0   0x000000c0   0x00000000   Code   RO          804  * .ARM.Collect$$$$00000000  mc_p.l(entry.o)
    0x000000c0   0x000000c0   0x00000004   Code   RO          833    .ARM.Collect$$$$00000001  mc_p.l(entry2.o)
    0x000000c4   0x000000c4   0x00000004   Code   RO          836    .ARM.Collect$$$$00000004  mc_p.l(entry5.o)
    0x000000c8   0x000000c8   0x00000000   Code   RO          838    .ARM.Collect$$$$00000008  mc_p.l(entry7b.o)
    0x000000c8   0x000000c8   0x00000000   Code   RO          840    .ARM.Collect$$$$0000000A  mc_p.l(entry8b.o)
    0x000000c8   0x000000c8   0x00000008   Code   RO          841    .ARM.Collect$$$$0000000B  mc_p.l(entry9a.o)
    0x000000d0   0x000000d0   0x00000000   Code   RO          843    .ARM.Collect$$$$0000000D  mc_p.l(entry10a.o)
    0x000000d0   0x000000d0   0x00000000   Code   RO          845    .ARM.Collect$$$$0000000F  mc_p.l(entry11a.o)
    0x000000d0   0x000000d0   0x00000004   Code   RO          834    .ARM.Collect$$$$00002712  mc_p.l(entry2.o)
    0x000000d4   0x000000d4   0x0000001c   Code   RO          397    .text               startup_lpc11xx.o
    0x000000f0   0x000000f0   0x000000d8   Code   RO          418    .text               context_rvds.o
    0x000001c8   0x000001c8   0x00000024   Code   RO          813    .text               mc_p.l(memseta.o)
    0x000001ec   0x000001ec   0x000000b2   Code   RO          815    .text               mf_p.l(fadd.o)
    0x0000029e   0x0000029e   0x0000001c   Code   RO          821    .text               mf_p.l(fcmpge.o)
    0x000002ba   0x000002ba   0x0000001c   Code   RO          823    .text               mf_p.l(fcmpgt.o)
    0x000002d6   0x000002d6   0x0000001c   Code   RO          825    .text               mf_p.l(fcmpeq.o)
    0x000002f2   0x000002f2   0x00000000   Code   RO          863    .text               mc_p.l(iusefp.o)
    0x000002f2   0x000002f2   0x00000002   PAD
    0x000002f4   0x000002f4   0x00000008   Code   RO          786    .text.rt_heap_begin_get  board.o
    0x000002fc   0x000002fc   0x00000004   Code   RO          396    .ARM.__at_0x02FC    startup_lpc11xx.o
    0x00000300   0x00000300   0x0000007a   Code   RO          817    .text               mf_p.l(fmul.o)
    0x0000037a   0x0000037a   0x00000002   PAD
    0x0000037c   0x0000037c   0x00000164   Code   RO          819    .text               mf_p.l(dadd.o)
    0x000004e0   0x000004e0   0x00000032   Code   RO          827    .text               mf_p.l(ffixi.o)
    0x00000512   0x00000512   0x00000002   PAD
    0x00000514   0x00000514   0x00000048   Code   RO          829    .text               mf_p.l(dfixi.o)
    0x0000055c   0x0000055c   0x00000028   Code   RO          831    .text               mf_p.l(f2d.o)
    0x00000584   0x00000584   0x0000003e   Code   RO          851    .text               mc_p.l(uidiv_div0.o)
    0x000005c2   0x000005c2   0x00000020   Code   RO          857    .text               mc_p.l(llshl.o)
    0x000005e2   0x000005e2   0x00000022   Code   RO          859    .text               mc_p.l(llushr.o)
    0x00000604   0x00000604   0x00000026   Code   RO          861    .text               mc_p.l(llsshr.o)
    0x0000062a   0x0000062a   0x00000082   Code   RO          864    .text               mf_p.l(fepilogue.o)
    0x000006ac   0x000006ac   0x000000be   Code   RO          866    .text               mf_p.l(depilogue.o)
    0x0000076a   0x0000076a   0x00000002   PAD
    0x0000076c   0x0000076c   0x00000030   Code   RO          870    .text               mc_p.l(init.o)
    0x0000079c   0x0000079c   0x00000050   Code   RO          471    .text.$Sub$$main    components.o
    0x000007ec   0x000007ec   0x0000003c   Code   RO           78    .text.GPIOGetValue  gpio.o
    0x00000828   0x00000828   0x00000010   Code   RO           62    .text.GPIOInit      gpio.o
    0x00000838   0x00000838   0x0000003c   Code   RO           72    .text.GPIOIntClear  gpio.o
    0x00000874   0x00000874   0x0000003c   Code   RO           66    .text.GPIOIntEnable  gpio.o
    0x000008b0   0x000008b0   0x0000003c   Code   RO           70    .text.GPIOIntStatus  gpio.o
    0x000008ec   0x000008ec   0x00000028   Code   RO           76    .text.GPIOSetDir    gpio.o
    0x00000914   0x00000914   0x00000084   Code   RO           64    .text.GPIOSetInterrupt  gpio.o
    0x00000998   0x00000998   0x00000018   Code   RO           74    .text.GPIOSetValue  gpio.o
    0x000009b0   0x000009b0   0x0000007c   Code   RO           97    .text.I2CEngine     i2c.o
    0x00000a2c   0x00000a2c   0x00000060   Code   RO           95    .text.I2CInit       i2c.o
    0x00000a8c   0x00000a8c   0x0000012c   Code   RO           89    .text.I2C_IRQHandler  i2c.o
    0x00000bb8   0x00000bb8   0x00000050   Code   RO          382    .text.KEY_IRQ_Init  key.o
    0x00000c08   0x00000c08   0x00000074   Code   RO          205    .text.LED_Init      led.o
    0x00000c7c   0x00000c7c   0x0000000e   Code   RO          219    .text.LED_Off       led.o
    0x00000c8a   0x00000c8a   0x0000000e   Code   RO          217    .text.LED_On        led.o
    0x00000c98   0x00000c98   0x0000000e   Code   RO          213    .text.LeftFrontLight_Off  led.o
    0x00000ca6   0x00000ca6   0x0000000e   Code   RO          227    .text.LeftFrontLight_On  led.o
    0x00000cb4   0x00000cb4   0x0000000e   Code   RO          209    .text.LeftRearLight_Off  led.o
    0x00000cc2   0x00000cc2   0x0000000e   Code   RO          223    .text.LeftRearLight_On  led.o
    0x00000cd0   0x00000cd0   0x0000005e   Code   RO          286    .text.NRF24L01_FlushTx  nrf24l01.o
    0x00000d2e   0x00000d2e   0x00000002   PAD
    0x00000d30   0x00000d30   0x00000084   Code   RO          270    .text.NRF24L01_GPIO_Init  nrf24l01.o
    0x00000db4   0x00000db4   0x00000090   Code   RO          300    .text.NRF24L01_Init  nrf24l01.o
    0x00000e44   0x00000e44   0x000000a2   Code   RO          276    .text.NRF24L01_ReadReg  nrf24l01.o
    0x00000ee6   0x00000ee6   0x00000060   Code   RO          290    .text.NRF24L01_ReadStatus  nrf24l01.o
    0x00000f46   0x00000f46   0x00000002   PAD
    0x00000f48   0x00000f48   0x000000d8   Code   RO          302    .text.NRF24L01_Send  nrf24l01.o
    0x00001020   0x00001020   0x000000a6   Code   RO          274    .text.NRF24L01_WriteReg  nrf24l01.o
    0x000010c6   0x000010c6   0x000000c2   Code   RO          278    .text.NRF24L01_WriteRegs  nrf24l01.o
    0x00001188   0x00001188   0x000000be   Code   RO          282    .text.NRF24L01_WriteTxPayload  nrf24l01.o
    0x00001246   0x00001246   0x00000002   PAD
    0x00001248   0x00001248   0x00000110   Code   RO          328    .text.OLED_Clear    oled.o
    0x00001358   0x00001358   0x000004cc   Code   RO          342    .text.OLED_Init     oled.o
    0x00001824   0x00001824   0x00000520   Code   RO          330    .text.OLED_ShowChar  oled.o
    0x00001d44   0x00001d44   0x0000002c   Code   RO          320    .text.OLED_ShowString  oled.o
    0x00001d70   0x00001d70   0x00000024   Code   RO          384    .text.PIOINT1_IRQHandler  key.o
    0x00001d94   0x00001d94   0x0000000e   Code   RO          211    .text.RightFrontLight_Off  led.o
    0x00001da2   0x00001da2   0x0000000e   Code   RO          225    .text.RightFrontLight_On  led.o
    0x00001db0   0x00001db0   0x0000000e   Code   RO          207    .text.RightRearLight_Off  led.o
    0x00001dbe   0x00001dbe   0x0000000e   Code   RO          221    .text.RightRearLight_On  led.o
    0x00001dcc   0x00001dcc   0x00000010   Code   RO          792    .text.SysTick_Handler  board.o
    0x00001ddc   0x00001ddc   0x000000d8   Code   RO          408    .text.SystemInit    system_lpc11xx.o
    0x00001eb4   0x00001eb4   0x00000034   Code   RO          125    .text.TIMER16_0_IRQHandler  timer16.o
    0x00001ee8   0x00001ee8   0x00000030   Code   RO          127    .text.TIMER16_1_IRQHandler  timer16.o
    0x00001f18   0x00001f18   0x000000f0   Code   RO          183    .text.UARTInit      uart.o
    0x00002008   0x00002008   0x0000003c   Code   RO          611    .text.__rt_ffs      kservice.o
    0x00002044   0x00002044   0x00000124   Code   RO           10    .text.comm_thread_entry  main.o
    0x00002168   0x00002168   0x00000014   Code   RO          129    .text.enable_timer16  timer16.o
    0x0000217c   0x0000217c   0x00000010   Code   RO          157    .text.enable_timer32  timer32.o
    0x0000218c   0x0000218c   0x0000015c   Code   RO          137    .text.init_timer16PWM  timer16.o
    0x000022e8   0x000022e8   0x00000148   Code   RO          165    .text.init_timer32PWM  timer32.o
    0x00002430   0x00002430   0x00000096   Code   RO          248    .text.left_motor    motor.o
    0x000024c6   0x000024c6   0x00000002   PAD
    0x000024c8   0x000024c8   0x000000d4   Code   RO            4    .text.main          main.o
    0x0000259c   0x0000259c   0x0000001c   Code   RO          475    .text.main_thread_entry  components.o
    0x000025b8   0x000025b8   0x000000f8   Code   RO          238    .text.motor_pwm_init  motor.o
    0x000026b0   0x000026b0   0x000000c8   Code   RO            8    .text.oled_display_entry  main.o
    0x00002778   0x00002778   0x000000a8   Code   RO          372    .text.pid_calculate  pid.o
    0x00002820   0x00002820   0x0000000e   Code   RO          370    .text.pid_init      pid.o
    0x0000282e   0x0000282e   0x00000096   Code   RO          250    .text.right_motor   motor.o
    0x000028c4   0x000028c4   0x0000001c   Code   RO          467    .text.rt_components_board_init  components.o
    0x000028e0   0x000028e0   0x00000014   Code   RO          692    .text.rt_enter_critical  scheduler.o
    0x000028f4   0x000028f4   0x00000038   Code   RO          694    .text.rt_exit_critical  scheduler.o
    0x0000292c   0x0000292c   0x000000b0   Code   RO          629    .text.rt_free       mem.o
    0x000029dc   0x000029dc   0x00000010   Code   RO          788    .text.rt_heap_end_get  board.o
    0x000029ec   0x000029ec   0x00000070   Code   RO          794    .text.rt_hw_board_init  board.o
    0x00002a5c   0x00002a5c   0x00000002   Code   RO          425    .text.rt_hw_hard_fault_exception  cpuport.o
    0x00002a5e   0x00002a5e   0x00000002   PAD
    0x00002a60   0x00002a60   0x00000068   Code   RO          423    .text.rt_hw_stack_init  cpuport.o
    0x00002ac8   0x00002ac8   0x00000014   Code   RO          550    .text.rt_interrupt_enter  irq.o
    0x00002adc   0x00002adc   0x00000018   Code   RO          552    .text.rt_interrupt_leave  irq.o
    0x00002af4   0x00002af4   0x00000138   Code   RO          625    .text.rt_malloc     mem.o
    0x00002c2c   0x00002c2c   0x000000e8   Code   RO          571    .text.rt_memset     kservice.o
    0x00002d14   0x00002d14   0x0000007c   Code   RO          663    .text.rt_object_allocate  object.o
    0x00002d90   0x00002d90   0x0000002a   Code   RO          665    .text.rt_object_delete  object.o
    0x00002dba   0x00002dba   0x00000024   Code   RO          661    .text.rt_object_detach  object.o
    0x00002dde   0x00002dde   0x00000002   PAD
    0x00002de0   0x00002de0   0x00000088   Code   RO          659    .text.rt_object_init  object.o
    0x00002e68   0x00002e68   0x00000006   Code   RO          667    .text.rt_object_is_systemobject  object.o
    0x00002e6e   0x00002e6e   0x00000002   PAD
    0x00002e70   0x00002e70   0x00000060   Code   RO          686    .text.rt_schedule   scheduler.o
    0x00002ed0   0x00002ed0   0x00000040   Code   RO          688    .text.rt_schedule_insert_thread  scheduler.o
    0x00002f10   0x00002f10   0x00000048   Code   RO          690    .text.rt_schedule_remove_thread  scheduler.o
    0x00002f58   0x00002f58   0x00000020   Code   RO          510    .text.rt_sem_init   ipc.o
    0x00002f78   0x00002f78   0x00000050   Code   RO          522    .text.rt_sem_release  ipc.o
    0x00002fc8   0x00002fc8   0x000000fc   Code   RO          518    .text.rt_sem_take   ipc.o
    0x000030c4   0x000030c4   0x00000002   Code   RO          595    .text.rt_show_version  kservice.o
    0x000030c6   0x000030c6   0x00000088   Code   RO          585    .text.rt_strncpy    kservice.o
    0x0000314e   0x0000314e   0x00000002   PAD
    0x00003150   0x00003150   0x00000078   Code   RO          623    .text.rt_system_heap_init  mem.o
    0x000031c8   0x000031c8   0x000000c0   Code   RO          682    .text.rt_system_scheduler_init  scheduler.o
    0x00003288   0x00003288   0x0000002c   Code   RO          684    .text.rt_system_scheduler_start  scheduler.o
    0x000032b4   0x000032b4   0x0000000c   Code   RO          772    .text.rt_system_timer_init  timer.o
    0x000032c0   0x000032c0   0x00000002   Code   RO          774    .text.rt_system_timer_thread_init  timer.o
    0x000032c2   0x000032c2   0x00000002   PAD
    0x000032c4   0x000032c4   0x00000098   Code   RO          724    .text.rt_thread_create  thread.o
    0x0000335c   0x0000335c   0x00000064   Code   RO          712    .text.rt_thread_exit  thread.o
    0x000033c0   0x000033c0   0x00000006   Code   RO          496    .text.rt_thread_idle_entry  idle.o
    0x000033c6   0x000033c6   0x00000002   PAD
    0x000033c8   0x000033c8   0x00000048   Code   RO          492    .text.rt_thread_idle_excute  idle.o
    0x00003410   0x00003410   0x00000044   Code   RO          494    .text.rt_thread_idle_init  idle.o
    0x00003454   0x00003454   0x0000007c   Code   RO          714    .text.rt_thread_init  thread.o
    0x000034d0   0x000034d0   0x0000000e   Code   RO          738    .text.rt_thread_mdelay  thread.o
    0x000034de   0x000034de   0x00000046   Code   RO          720    .text.rt_thread_resume  thread.o
    0x00003524   0x00003524   0x00000008   Code   RO          716    .text.rt_thread_self  thread.o
    0x0000352c   0x0000352c   0x00000074   Code   RO          730    .text.rt_thread_sleep  thread.o
    0x000035a0   0x000035a0   0x00000058   Code   RO          718    .text.rt_thread_startup  thread.o
    0x000035f8   0x000035f8   0x00000046   Code   RO          732    .text.rt_thread_suspend  thread.o
    0x0000363e   0x0000363e   0x00000024   Code   RO          742    .text.rt_thread_timeout  thread.o
    0x00003662   0x00003662   0x00000002   PAD
    0x00003664   0x00003664   0x0000005c   Code   RO          728    .text.rt_thread_yield  thread.o
    0x000036c0   0x000036c0   0x00000006   Code   RO          448    .text.rt_tick_from_millisecond  clock.o
    0x000036c6   0x000036c6   0x00000002   PAD
    0x000036c8   0x000036c8   0x00000008   Code   RO          442    .text.rt_tick_get   clock.o
    0x000036d0   0x000036d0   0x00000030   Code   RO          446    .text.rt_tick_increase  clock.o
    0x00003700   0x00003700   0x00000098   Code   RO          768    .text.rt_timer_check  timer.o
    0x00003798   0x00003798   0x00000052   Code   RO          766    .text.rt_timer_control  timer.o
    0x000037ea   0x000037ea   0x00000030   Code   RO          756    .text.rt_timer_detach  timer.o
    0x0000381a   0x0000381a   0x0000002e   Code   RO          754    .text.rt_timer_init  timer.o
    0x00003848   0x00003848   0x00000094   Code   RO          762    .text.rt_timer_start  timer.o
    0x000038dc   0x000038dc   0x00000036   Code   RO          764    .text.rt_timer_stop  timer.o
    0x00003912   0x00003912   0x00000004   Code   RO          463    .text.rti_board_end  components.o
    0x00003916   0x00003916   0x00000004   Code   RO          461    .text.rti_board_start  components.o
    0x0000391a   0x0000391a   0x00000004   Code   RO          465    .text.rti_end       components.o
    0x0000391e   0x0000391e   0x00000004   Code   RO          459    .text.rti_start     components.o
    0x00003922   0x00003922   0x00000002   PAD
    0x00003924   0x00003924   0x00000074   Code   RO          139    .text.setMatch_timer16PWM  timer16.o
    0x00003998   0x00003998   0x00000074   Code   RO          167    .text.setMatch_timer32PWM  timer32.o
    0x00003a0c   0x00003a0c   0x000001d0   Code   RO          355    .text.track_check   track.o
    0x00003bdc   0x00003bdc   0x00000060   Code   RO          353    .text.track_init    track.o
    0x00003c3c   0x00003c3c   0x00000308   Code   RO            2    .text.track_move_control  main.o
    0x00003f44   0x00003f44   0x00000020   Code   RO            6    .text.track_move_entry  main.o
    0x00003f64   0x00003f64   0x0000002e   Code   RO          868    i.__ARM_clz         mf_p.l(depilogue.o)
    0x00003f92   0x00003f92   0x0000000e   Code   RO          874    i.__scatterload_copy  mc_p.l(handlers.o)
    0x00003fa0   0x00003fa0   0x00000002   Code   RO          875    i.__scatterload_null  mc_p.l(handlers.o)
    0x00003fa2   0x00003fa2   0x0000000e   Code   RO          876    i.__scatterload_zeroinit  mc_p.l(handlers.o)
    0x00003fb0   0x00003fb0   0x000005f0   Data   RO          344    .rodata.OLED_F8x16  oled.o
    0x000045a0   0x000045a0   0x00000100   Data   RO          614    .rodata.__lowest_bit_bitmap  kservice.o
    0x000046a0   0x000046a0   0x00000010   Data   RO           80    .rodata.cst16       gpio.o
    0x000046b0   0x000046b0   0x0000008b   Data   RO           41    .rodata.str1.1      main.o
    0x0000473b   0x0000473b   0x00000005   Data   RO          483    .rodata.str1.1      components.o
    0x00004740   0x00004740   0x00000004   Data   RO          479    .rti_fn.0           components.o
    0x00004744   0x00004744   0x00000004   Data   RO          480    .rti_fn.0.end       components.o
    0x00004748   0x00004748   0x00000004   Data   RO          481    .rti_fn.1.end       components.o
    0x0000474c   0x0000474c   0x00000004   Data   RO          482    .rti_fn.6.end       components.o
    0x00004750   0x00004750   0x00000020   Data   RO          873    Region$$Table       anon$$obj.o


    Execution Region RW_IRAM1 (Exec base: 0x10000000, Load base: 0x00004770, Size: 0x00001c20, Max: 0x00002000, ABSOLUTE)

    Exec Addr    Load Addr    Size         Type   Attr      Idx    E Section Name        Object

    0x10000000   0x00004770   0x00000005   Data   RW          307    .data.NRF24L01_RxAddress  nrf24l01.o
    0x10000005   0x00004775   0x00000005   Data   RW          306    .data.NRF24L01_TxAddress  nrf24l01.o
    0x1000000a   0x0000477a   0x00000002   PAD
    0x1000000c   0x0000477c   0x00000004   Data   RW          410    .data.SystemCoreClock  system_lpc11xx.o
    0x10000010   0x00004780   0x00000001   Data   RW          191    .data.UARTTxEmpty   uart.o
    0x10000011   0x00004781   0x00000003   PAD
    0x10000014   0x00004784   0x00000040   Data   RW          673    .data.rt_object_container  object.o
    0x10000054   0x000047c4   0x00000004   PAD
    0x10000058        -       0x00000040   Zero   RW          105    .bss.I2CMasterBuffer  i2c.o
    0x10000098        -       0x00000004   Zero   RW           99    .bss.I2CMasterState  i2c.o
    0x1000009c        -       0x00000004   Zero   RW          107    .bss.I2CReadLength  i2c.o
    0x100000a0        -       0x00000040   Zero   RW          108    .bss.I2CSlaveBuffer  i2c.o
    0x100000e0        -       0x00000004   Zero   RW          106    .bss.I2CWriteLength  i2c.o
    0x100000e4        -       0x00000004   Zero   RW          308    .bss.NRF24L01_TxPacket  nrf24l01.o
    0x100000e8        -       0x00000004   Zero   RW          103    .bss.RdIndex        i2c.o
    0x100000ec        -       0x00000001   Zero   RW           35    .bss.SendFailedCount  main.o
    0x100000ed        -       0x00000001   Zero   RW           33    .bss.SendFlag       main.o
    0x100000ee        -       0x00000001   Zero   RW           34    .bss.SendSuccessCount  main.o
    0x100000ef   0x000047c4   0x00000001   PAD
    0x100000f0        -       0x00000004   Zero   RW          192    .bss.UARTCount      uart.o
    0x100000f4        -       0x00000004   Zero   RW          104    .bss.WrIndex        i2c.o
    0x100000f8        -       0x00000078   Zero   RW           31    .bss.comm_thread    main.o
    0x10000170        -       0x00000400   Zero   RW           32    .bss.comm_thread_stack  main.o
    0x10000570        -       0x00000001   Zero   RW           16    .bss.current_state  main.o
    0x10000571   0x000047c4   0x00000003   PAD
    0x10000574        -       0x00000004   Zero   RW           21    .bss.detect_start_tick  main.o
    0x10000578        -       0x00000001   Zero   RW           17    .bss.find_black_flag  main.o
    0x10000579   0x000047c4   0x00000003   PAD
    0x1000057c        -       0x00000004   Zero   RW           18    .bss.forward_after_black_tick  main.o
    0x10000580        -       0x00000004   Zero   RW          637    .bss.heap_end       mem.o
    0x10000584        -       0x00000004   Zero   RW          636    .bss.heap_ptr       mem.o
    0x10000588        -       0x00000020   Zero   RW          638    .bss.heap_sem       mem.o
    0x100005a8        -       0x00000078   Zero   RW          500    .bss.idle           idle.o
    0x10000620        -       0x00000004   Zero   RW           19    .bss.init_turn_right_start_tick  main.o
    0x10000624        -       0x00000001   Zero   RW          386    .bss.key_flag       key.o
    0x10000625   0x000047c4   0x00000003   PAD
    0x10000628        -       0x00000004   Zero   RW           14    .bss.left_speed     main.o
    0x1000062c        -       0x00000004   Zero   RW          639    .bss.lfree          mem.o
    0x10000630        -       0x00000004   Zero   RW          641    .bss.max_mem        mem.o
    0x10000634        -       0x00000004   Zero   RW          635    .bss.mem_size_aligned  mem.o
    0x10000638        -       0x00000004   Zero   RW           13    .bss.move_flag      main.o
    0x1000063c        -       0x00000078   Zero   RW           29    .bss.oled_display_thread  main.o
    0x100006b4        -       0x00000400   Zero   RW           30    .bss.oled_display_thread_stack  main.o
    0x10000ab4        -       0x00000010   Zero   RW           40    .bss.oled_msg_line4  main.o
    0x10000ac4        -       0x00000001   Zero   RW           39    .bss.oled_update_flag  main.o
    0x10000ac5        -       0x00000001   Zero   RW           23    .bss.park_frame_count  main.o
    0x10000ac6        -       0x00000001   Zero   RW           25    .bss.park_frame_detect_cnt  main.o
    0x10000ac7   0x000047c4   0x00000001   PAD
    0x10000ac8        -       0x00000004   Zero   RW           24    .bss.park_frame_last_tick  main.o
    0x10000acc        -       0x00000004   Zero   RW           15    .bss.right_speed    main.o
    0x10000ad0        -       0x00000001   Zero   RW          701    .bss.rt_current_priority  scheduler.o
    0x10000ad1   0x000047c4   0x00000003   PAD
    0x10000ad4        -       0x00000004   Zero   RW          698    .bss.rt_current_thread  scheduler.o
    0x10000ad8        -       0x00000800   Zero   RW          796    .bss.rt_heap        board.o
    0x100012d8        -       0x00000004   Zero   RW          429    .bss.rt_interrupt_from_thread  cpuport.o
    0x100012dc        -       0x00000001   Zero   RW          556    .bss.rt_interrupt_nest  irq.o
    0x100012dd   0x000047c4   0x00000003   PAD
    0x100012e0        -       0x00000004   Zero   RW          430    .bss.rt_interrupt_to_thread  cpuport.o
    0x100012e4        -       0x00000002   Zero   RW          699    .bss.rt_scheduler_lock_nest  scheduler.o
    0x100012e6   0x000047c4   0x00000002   PAD
    0x100012e8        -       0x00000008   Zero   RW          703    .bss.rt_thread_defunct  scheduler.o
    0x100012f0        -       0x00000100   Zero   RW          700    .bss.rt_thread_priority_table  scheduler.o
    0x100013f0        -       0x00000004   Zero   RW          702    .bss.rt_thread_ready_priority_group  scheduler.o
    0x100013f4        -       0x00000100   Zero   RW          501    .bss.rt_thread_stack  idle.o
    0x100014f4        -       0x00000004   Zero   RW          431    .bss.rt_thread_switch_interrupt_flag  cpuport.o
    0x100014f8        -       0x00000004   Zero   RW          450    .bss.rt_tick        clock.o
    0x100014fc        -       0x00000008   Zero   RW          777    .bss.rt_timer_list  timer.o
    0x10001504        -       0x00000004   Zero   RW          776    .bss.rt_timer_start.random_nr  timer.o
    0x10001508        -       0x00000001   Zero   RW           20    .bss.send_car2_ready_flag  main.o
    0x10001509        -       0x00000001   Zero   RW           22    .bss.send_to_car2_flag  main.o
    0x1000150a   0x000047c4   0x00000002   PAD
    0x1000150c        -       0x00000004   Zero   RW          101    .bss.timeout        i2c.o
    0x10001510        -       0x00000004   Zero   RW          143    .bss.timer16_0_capture  timer16.o
    0x10001514        -       0x00000004   Zero   RW          141    .bss.timer16_0_counter  timer16.o
    0x10001518        -       0x00000004   Zero   RW          145    .bss.timer16_0_period  timer16.o
    0x1000151c        -       0x00000004   Zero   RW          144    .bss.timer16_1_capture  timer16.o
    0x10001520        -       0x00000004   Zero   RW          142    .bss.timer16_1_counter  timer16.o
    0x10001524        -       0x00000004   Zero   RW          146    .bss.timer16_1_period  timer16.o
    0x10001528        -       0x00000004   Zero   RW          169    .bss.timer32_0_period  timer32.o
    0x1000152c        -       0x00000004   Zero   RW          172    .bss.timer32_1_period  timer32.o
    0x10001530        -       0x00000078   Zero   RW           27    .bss.track_move_thread  main.o
    0x100015a8        -       0x00000400   Zero   RW           28    .bss.track_move_thread_stack  main.o
    0x100019a8        -       0x00000014   Zero   RW           12    .bss.track_pid      main.o
    0x100019bc        -       0x00000001   Zero   RW          360    .bss.track_state    track.o
    0x100019bd   0x000047c4   0x00000003   PAD
    0x100019c0        -       0x00000004   Zero   RW          357    .bss.track_status   track.o
    0x100019c4        -       0x00000050   Zero   RW          358    .bss.track_status_backup  track.o
    0x10001a14        -       0x00000004   Zero   RW          359    .bss.track_status_worse  track.o
    0x10001a18        -       0x00000004   Zero   RW           26    .bss.turn_right_start_tick  main.o
    0x10001a1c        -       0x00000004   Zero   RW          640    .bss.used_mem       mem.o
    0x10001a20        -       0x00000200   Zero   RW          393    STACK               startup_lpc11xx.o


==============================================================================

Image component sizes


      Code (inc. data)   RO Data    RW Data    ZI Data      Debug   Object Name

       152         32          0          0       2048       4652   board.o
        62          4          0          0          4       2549   clock.o
       152         20         21          0          0       3537   components.o
       216         32          0          0          0        820   context_rvds.o
       106          4          0          0         12       2116   cpuport.o
       452        108         16          0          0       5340   gpio.o
       520         56          0          0        152       7001   i2c.o
       146         24          0          0        376       2840   idle.o
       364          4          0          0          0      13212   ipc.o
        44          4          0          0          1       1124   irq.o
       116         12          0          0          1       3428   key.o
       430          8        256          0          0      27715   kservice.o
       256          0          0          0          0       2339   led.o
      1512        372        139          0       3510       5341   main.o
       608         60          0          0         56       5132   mem.o
       548         24          0          0          0       4337   motor.o
      1394         20          0         10          4      13455   nrf24l01.o
       344          4          0         64          0       7709   object.o
      2856        104       1520          0          0      12181   oled.o
       182         28          0          0          0        925   pid.o
       544         44          0          0        275       4836   scheduler.o
        32         12        192          0        512        844   startup_lpc11xx.o
       216          8          0          4          0       2829   system_lpc11xx.o
       870         20          0          0          0      10517   thread.o
       544         26          0          0         12       7765   timer.o
       584         96          0          0         24       8589   timer16.o
       460         68          0          0          8       6314   timer32.o
       560         92          0          0         89       3132   track.o
       240         24          0          1          4       7415   uart.o

    ----------------------------------------------------------------------
     14536       1310       2176         84       7116     177994   Object Totals
         0          0         32          0          0          0   (incl. Generated)
        26          0          0          5         28          0   (incl. Padding)

    ----------------------------------------------------------------------

      Code (inc. data)   RO Data    RW Data    ZI Data      Debug   Library Member Name

         0          0          0          0          0          0   entry.o
         0          0          0          0          0          0   entry10a.o
         0          0          0          0          0          0   entry11a.o
         8          4          0          0          0          0   entry2.o
         4          0          0          0          0          0   entry5.o
         0          0          0          0          0          0   entry7b.o
         0          0          0          0          0          0   entry8b.o
         8          4          0          0          0          0   entry9a.o
        30          0          0          0          0          0   handlers.o
        48         10          0          0          0         68   init.o
         0          0          0          0          0          0   iusefp.o
        32          0          0          0          0         68   llshl.o
        38          0          0          0          0         68   llsshr.o
        34          0          0          0          0         68   llushr.o
        36          0          0          0          0        100   memseta.o
        62          0          0          0          0         72   uidiv_div0.o
       356          4          0          0          0        140   dadd.o
       236          0          0          0          0        216   depilogue.o
        72         10          0          0          0         72   dfixi.o
        40          0          0          0          0         60   f2d.o
       178          0          0          0          0        108   fadd.o
        28          0          0          0          0         60   fcmpeq.o
        28          0          0          0          0         60   fcmpge.o
        28          0          0          0          0         60   fcmpgt.o
       130          0          0          0          0        144   fepilogue.o
        50          0          0          0          0         60   ffixi.o
       122          0          0          0          0         72   fmul.o

    ----------------------------------------------------------------------
      1576         32          0          0          0       1496   Library Totals
         8          0          0          0          0          0   (incl. Padding)

    ----------------------------------------------------------------------

      Code (inc. data)   RO Data    RW Data    ZI Data      Debug   Library Name

       300         18          0          0          0        444   mc_p.l
      1268         14          0          0          0       1052   mf_p.l

    ----------------------------------------------------------------------
      1576         32          0          0          0       1496   Library Totals

    ----------------------------------------------------------------------

==============================================================================


      Code (inc. data)   RO Data    RW Data    ZI Data      Debug   

     16112       1342       2176         84       7116     178410   Grand Totals
     16112       1342       2176         84       7116     178410   ELF Image Totals
     16112       1342       2176         84          0          0   ROM Totals

==============================================================================

    Total RO  Size (Code + RO Data)                18288 (  17.86kB)
    Total RW  Size (RW Data + ZI Data)              7200 (   7.03kB)
    Total ROM Size (Code + RO Data + RW Data)      18372 (  17.94kB)

==============================================================================

