<html>
<body>
<pre>
<h1>µVision Build Log</h1>
<h2>Tool Versions:</h2>
IDE-Version: ¦ÌVision V5.39.0.0
Copyright (C) 2023 ARM Ltd and ARM Germany GmbH. All rights reserved.
License Information: eee Áõ¼Î¿¡, ee, LIC=LSNXV-PHFQW-VE7HA-18USJ-D1AV4-XBPSK
 
Tool Versions:
Toolchain:       MDK-ARM Plus  Version: 5.39.0.0
Toolchain Path:  I:\Keil5\keil5_mdk\ARM\ARMCLANG\Bin
C Compiler:      ArmClang.exe V6.21
Assembler:       Armasm.exe V6.21
Linker/Locator:  ArmLink.exe V6.21
Library Manager: ArmAr.exe V6.21
Hex Converter:   FromElf.exe V6.21
CPU DLL:         SARMCM3.DLL V5.39.0.0
Dialog DLL:      DARMCM1.DLL V1.19.6.0
Target DLL:      CMSIS_AGDI.dll V1.33.16.0
Dialog DLL:      TARMCM1.DLL V1.14.6.0
 
<h2>Project:</h2>
D:\GitHub_Project\LPC1114_Car\LPC1114CAR_Empty\LPC1114CAR.uvprojx
Project File Date:  11/16/2025

<h2>Output:</h2>
*** Using Compiler 'V6.21', folder: 'I:\Keil5\keil5_mdk\ARM\ARMCLANG\Bin'
Rebuild target 'Target 1'
compiling lpc_swu.c...
compiling main.c...
compiling rs485.c...
compiling small_gpio.c...
compiling clkconfig.c...
compiling i2cslave.c...
compiling can.c...
compiling ssp.c...
compiling gpio.c...
compiling crp.c...
compiling adc.c...
compiling debug_printf.c...
compiling wdt.c...
compiling timer32.c...
compiling i2c.c...
compiling timer16.c...
compiling Delay.c...
compiling uart.c...
compiling LED.c...
compiling Motor.c...
compiling system_LPC11xx.c...
assembling startup_LPC11xx.s...
compiling OLED.c...
linking...
Program Size: Code=6356 RO-data=1760 RW-data=12 ZI-data=708  
".\Objects\LPC1114CAR.axf" - 0 Error(s), 0 Warning(s).

<h2>Software Packages used:</h2>

Package Vendor: ARM
                https://www.keil.com/pack/ARM.CMSIS.6.1.0.pack
                ARM::CMSIS@6.1.0
                CMSIS (Common Microcontroller Software Interface Standard)
   * Component: CORE Version: 6.1.0

Package Vendor: Keil
                https://www.keil.com/pack/Keil.LPC1100_DFP.1.4.1.pack
                Keil::LPC1100_DFP@1.4.1
                NXP LPC1100 Series Device Support
   * Component: Startup Version: 1.0.0

<h2>Collection of Component include folders:</h2>
  ./RTE/_Target_1
  I:/Keil5/keil5_packs/ARM/CMSIS/6.1.0/CMSIS/Core/Include
  I:/Keil5/keil5_packs/Keil/LPC1100_DFP/1.4.1/Device/Include/LPC11xx

<h2>Collection of Component Files used:</h2>

   * Component: ARM::CMSIS:CORE@6.1.0

   * Component: Keil::Device:Startup@1.0.0
      Source file:   Device/Source/ARM/startup_LPC11xx.s
      Source file:   Device/Source/system_LPC11xx.c
Build Time Elapsed:  00:00:01
</pre>
</body>
</html>
